Archive member included to satisfy reference by file (symbol)

D:/ProgramFiles/ST/STM32CubeIDE_1.13.2/STM32CubeIDE/plugins/com.st.stm32cube.ide.mcu.externaltools.gnu-tools-for-stm32.11.3.rel1.win32_1.1.100.202309141235/tools/bin/../lib/gcc/arm-none-eabi/11.3.1/../../../../arm-none-eabi/lib/thumb/v7e-m+fp/hard\libc_nano.a(libc_a-exit.o)
                              D:/ProgramFiles/ST/STM32CubeIDE_1.13.2/STM32CubeIDE/plugins/com.st.stm32cube.ide.mcu.externaltools.gnu-tools-for-stm32.11.3.rel1.win32_1.1.100.202309141235/tools/bin/../lib/gcc/arm-none-eabi/11.3.1/../../../../arm-none-eabi/lib/thumb/v7e-m+fp/hard/crt0.o (exit)
D:/ProgramFiles/ST/STM32CubeIDE_1.13.2/STM32CubeIDE/plugins/com.st.stm32cube.ide.mcu.externaltools.gnu-tools-for-stm32.11.3.rel1.win32_1.1.100.202309141235/tools/bin/../lib/gcc/arm-none-eabi/11.3.1/../../../../arm-none-eabi/lib/thumb/v7e-m+fp/hard\libc_nano.a(libc_a-itoa.o)
                              ./Core/Src/interface.o (itoa)
D:/ProgramFiles/ST/STM32CubeIDE_1.13.2/STM32CubeIDE/plugins/com.st.stm32cube.ide.mcu.externaltools.gnu-tools-for-stm32.11.3.rel1.win32_1.1.100.202309141235/tools/bin/../lib/gcc/arm-none-eabi/11.3.1/../../../../arm-none-eabi/lib/thumb/v7e-m+fp/hard\libc_nano.a(libc_a-rand.o)
                              ./Core/Src/snake.o (rand)
D:/ProgramFiles/ST/STM32CubeIDE_1.13.2/STM32CubeIDE/plugins/com.st.stm32cube.ide.mcu.externaltools.gnu-tools-for-stm32.11.3.rel1.win32_1.1.100.202309141235/tools/bin/../lib/gcc/arm-none-eabi/11.3.1/../../../../arm-none-eabi/lib/thumb/v7e-m+fp/hard\libc_nano.a(libc_a-utoa.o)
                              D:/ProgramFiles/ST/STM32CubeIDE_1.13.2/STM32CubeIDE/plugins/com.st.stm32cube.ide.mcu.externaltools.gnu-tools-for-stm32.11.3.rel1.win32_1.1.100.202309141235/tools/bin/../lib/gcc/arm-none-eabi/11.3.1/../../../../arm-none-eabi/lib/thumb/v7e-m+fp/hard\libc_nano.a(libc_a-itoa.o) (__utoa)
D:/ProgramFiles/ST/STM32CubeIDE_1.13.2/STM32CubeIDE/plugins/com.st.stm32cube.ide.mcu.externaltools.gnu-tools-for-stm32.11.3.rel1.win32_1.1.100.202309141235/tools/bin/../lib/gcc/arm-none-eabi/11.3.1/../../../../arm-none-eabi/lib/thumb/v7e-m+fp/hard\libc_nano.a(libc_a-findfp.o)
                              D:/ProgramFiles/ST/STM32CubeIDE_1.13.2/STM32CubeIDE/plugins/com.st.stm32cube.ide.mcu.externaltools.gnu-tools-for-stm32.11.3.rel1.win32_1.1.100.202309141235/tools/bin/../lib/gcc/arm-none-eabi/11.3.1/../../../../arm-none-eabi/lib/thumb/v7e-m+fp/hard\libc_nano.a(libc_a-exit.o) (__stdio_exit_handler)
D:/ProgramFiles/ST/STM32CubeIDE_1.13.2/STM32CubeIDE/plugins/com.st.stm32cube.ide.mcu.externaltools.gnu-tools-for-stm32.11.3.rel1.win32_1.1.100.202309141235/tools/bin/../lib/gcc/arm-none-eabi/11.3.1/../../../../arm-none-eabi/lib/thumb/v7e-m+fp/hard\libc_nano.a(libc_a-fwalk.o)
                              D:/ProgramFiles/ST/STM32CubeIDE_1.13.2/STM32CubeIDE/plugins/com.st.stm32cube.ide.mcu.externaltools.gnu-tools-for-stm32.11.3.rel1.win32_1.1.100.202309141235/tools/bin/../lib/gcc/arm-none-eabi/11.3.1/../../../../arm-none-eabi/lib/thumb/v7e-m+fp/hard\libc_nano.a(libc_a-findfp.o) (_fwalk_sglue)
D:/ProgramFiles/ST/STM32CubeIDE_1.13.2/STM32CubeIDE/plugins/com.st.stm32cube.ide.mcu.externaltools.gnu-tools-for-stm32.11.3.rel1.win32_1.1.100.202309141235/tools/bin/../lib/gcc/arm-none-eabi/11.3.1/../../../../arm-none-eabi/lib/thumb/v7e-m+fp/hard\libc_nano.a(libc_a-sprintf.o)
                              ./Core/Src/uart.o (sprintf)
D:/ProgramFiles/ST/STM32CubeIDE_1.13.2/STM32CubeIDE/plugins/com.st.stm32cube.ide.mcu.externaltools.gnu-tools-for-stm32.11.3.rel1.win32_1.1.100.202309141235/tools/bin/../lib/gcc/arm-none-eabi/11.3.1/../../../../arm-none-eabi/lib/thumb/v7e-m+fp/hard\libc_nano.a(libc_a-stdio.o)
                              D:/ProgramFiles/ST/STM32CubeIDE_1.13.2/STM32CubeIDE/plugins/com.st.stm32cube.ide.mcu.externaltools.gnu-tools-for-stm32.11.3.rel1.win32_1.1.100.202309141235/tools/bin/../lib/gcc/arm-none-eabi/11.3.1/../../../../arm-none-eabi/lib/thumb/v7e-m+fp/hard\libc_nano.a(libc_a-findfp.o) (__sread)
D:/ProgramFiles/ST/STM32CubeIDE_1.13.2/STM32CubeIDE/plugins/com.st.stm32cube.ide.mcu.externaltools.gnu-tools-for-stm32.11.3.rel1.win32_1.1.100.202309141235/tools/bin/../lib/gcc/arm-none-eabi/11.3.1/../../../../arm-none-eabi/lib/thumb/v7e-m+fp/hard\libc_nano.a(libc_a-memset.o)
                              D:/ProgramFiles/ST/STM32CubeIDE_1.13.2/STM32CubeIDE/plugins/com.st.stm32cube.ide.mcu.externaltools.gnu-tools-for-stm32.11.3.rel1.win32_1.1.100.202309141235/tools/bin/../lib/gcc/arm-none-eabi/11.3.1/../../../../arm-none-eabi/lib/thumb/v7e-m+fp/hard/crt0.o (memset)
D:/ProgramFiles/ST/STM32CubeIDE_1.13.2/STM32CubeIDE/plugins/com.st.stm32cube.ide.mcu.externaltools.gnu-tools-for-stm32.11.3.rel1.win32_1.1.100.202309141235/tools/bin/../lib/gcc/arm-none-eabi/11.3.1/../../../../arm-none-eabi/lib/thumb/v7e-m+fp/hard\libc_nano.a(libc_a-closer.o)
[...]
Memory Configuration

Name             Origin             Length             Attributes
CCMRAM           0x0000000010000000 0x0000000000010000 xrw
RAM              0x0000000020000000 0x0000000000020000 xrw
FLASH            0x0000000008000000 0x0000000000100000 xr
*default*        0x0000000000000000 0xffffffffffffffff

Linker script and memory map

LOAD D:/ProgramFiles/ST/STM32CubeIDE_1.13.2/STM32CubeIDE/plugins/com.st.stm32cube.ide.mcu.externaltools.gnu-tools-for-stm32.11.3.rel1.win32_1.1.100.202309141235/tools/bin/../lib/gcc/arm-none-eabi/11.3.1/thumb/v7e-m+fp/hard/crti.o
LOAD D:/ProgramFiles/ST/STM32CubeIDE_1.13.2/STM32CubeIDE/plugins/com.st.stm32cube.ide.mcu.externaltools.gnu-tools-for-stm32.11.3.rel1.win32_1.1.100.202309141235/tools/bin/../lib/gcc/arm-none-eabi/11.3.1/thumb/v7e-m+fp/hard/crtbegin.o
LOAD D:/ProgramFiles/ST/STM32CubeIDE_1.13.2/STM32CubeIDE/plugins/com.st.stm32cube.ide.mcu.externaltools.gnu-tools-for-stm32.11.3.rel1.win32_1.1.100.202309141235/tools/bin/../lib/gcc/arm-none-eabi/11.3.1/../../../../arm-none-eabi/lib/thumb/v7e-m+fp/hard/crt0.o
LOAD ./Core/Src/adc.o
LOAD ./Core/Src/at24c.o
LOAD ./Core/Src/button.o
LOAD ./Core/Src/buzzer.o
LOAD ./Core/Src/dma.o
LOAD ./Core/Src/ds3231.o
LOAD ./Core/Src/fsm.o
LOAD ./Core/Src/fsmc.o
LOAD ./Core/Src/fun_touch.o
LOAD ./Core/Src/global.o
LOAD ./Core/Src/gpio.o
LOAD ./Core/Src/i2c.o
LOAD ./Core/Src/interface.o
LOAD ./Core/Src/lcd.o
LOAD ./Core/Src/led_7seg.o
LOAD ./Core/Src/light_control.o
LOAD ./Core/Src/main.o
LOAD ./Core/Src/picture.o
LOAD ./Core/Src/sensor.o
LOAD ./Core/Src/snake.o
LOAD ./Core/Src/software_timer.o
LOAD ./Core/Src/spi.o
LOAD ./Core/Src/stm32f4xx_hal_msp.o
LOAD ./Core/Src/stm32f4xx_it.o
LOAD ./Core/Src/syscalls.o
LOAD ./Core/Src/sysmem.o
LOAD ./Core/Src/system_stm32f4xx.o
LOAD ./Core/Src/tim.o
LOAD ./Core/Src/touch.o
LOAD ./Core/Src/uart.o
LOAD ./Core/Src/usart.o
LOAD ./Core/Src/user.o
LOAD ./Core/Src/utils.o
LOAD ./Core/Startup/startup_stm32f407zgtx.o
LOAD ./Drivers/STM32F4xx_HAL_Driver/Src/stm32f4xx_hal.o
LOAD ./Drivers/STM32F4xx_HAL_Driver/Src/stm32f4xx_hal_adc.o
LOAD ./Drivers/STM32F4xx_HAL_Driver/Src/stm32f4xx_hal_adc_ex.o
LOAD ./Drivers/STM32F4xx_HAL_Driver/Src/stm32f4xx_hal_cortex.o
LOAD ./Drivers/STM32F4xx_HAL_Driver/Src/stm32f4xx_hal_dma.o
LOAD ./Drivers/STM32F4xx_HAL_Driver/Src/stm32f4xx_hal_dma_ex.o
LOAD ./Drivers/STM32F4xx_HAL_Driver/Src/stm32f4xx_hal_exti.o
LOAD ./Drivers/STM32F4xx_HAL_Driver/Src/stm32f4xx_hal_flash.o
LOAD ./Drivers/STM32F4xx_HAL_Driver/Src/stm32f4xx_hal_flash_ex.o
LOAD ./Drivers/STM32F4xx_HAL_Driver/Src/stm32f4xx_hal_flash_ramfunc.o
LOAD ./Drivers/STM32F4xx_HAL_Driver/Src/stm32f4xx_hal_gpio.o
LOAD ./Drivers/STM32F4xx_HAL_Driver/Src/stm32f4xx_hal_i2c.o
LOAD ./Drivers/STM32F4xx_HAL_Driver/Src/stm32f4xx_hal_i2c_ex.o
LOAD ./Drivers/STM32F4xx_HAL_Driver/Src/stm32f4xx_hal_pwr.o
LOAD ./Drivers/STM32F4xx_HAL_Driver/Src/stm32f4xx_hal_pwr_ex.o
LOAD ./Drivers/STM32F4xx_HAL_Driver/Src/stm32f4xx_hal_rcc.o
LOAD ./Drivers/STM32F4xx_HAL_Driver/Src/stm32f4xx_hal_rcc_ex.o
LOAD ./Drivers/STM32F4xx_HAL_Driver/Src/stm32f4xx_hal_spi.o
LOAD ./Drivers/STM32F4xx_HAL_Driver/Src/stm32f4xx_hal_sram.o
LOAD ./Drivers/STM32F4xx_HAL_Driver/Src/stm32f4xx_hal_tim.o
LOAD ./Drivers/STM32F4xx_HAL_Driver/Src/stm32f4xx_hal_tim_ex.o
LOAD ./Drivers/STM32F4xx_HAL_Driver/Src/stm32f4xx_hal_uart.o
LOAD ./Drivers/STM32F4xx_HAL_Driver/Src/stm32f4xx_ll_adc.o
LOAD ./Drivers/STM32F4xx_HAL_Driver/Src/stm32f4xx_ll_fsmc.o
START GROUP
LOAD D:/ProgramFiles/ST/STM32CubeIDE_1.13.2/STM32CubeIDE/plugins/com.st.stm32cube.ide.mcu.externaltools.gnu-tools-for-stm32.11.3.rel1.win32_1.1.100.202309141235/tools/bin/../lib/gcc/arm-none-eabi/11.3.1/../../../../arm-none-eabi/lib/thumb/v7e-m+fp/hard\libc_nano.a
LOAD D:/ProgramFiles/ST/STM32CubeIDE_1.13.2/STM32CubeIDE/plugins/com.st.stm32cube.ide.mcu.externaltools.gnu-tools-for-stm32.11.3.rel1.win32_1.1.100.202309141235/tools/bin/../lib/gcc/arm-none-eabi/11.3.1/../../../../arm-none-eabi/lib/thumb/v7e-m+fp/hard\libm.a
END GROUP
START GROUP
LOAD D:/ProgramFiles/ST/STM32CubeIDE_1.13.2/STM32CubeIDE/plugins/com.st.stm32cube.ide.mcu.externaltools.gnu-tools-for-stm32.11.3.rel1.win32_1.1.100.202309141235/tools/bin/../lib/gcc/arm-none-eabi/11.3.1/thumb/v7e-m+fp/hard\libgcc.a
LOAD D:/ProgramFiles/ST/STM32CubeIDE_1.13.2/STM32CubeIDE/plugins/com.st.stm32cube.ide.mcu.externaltools.gnu-tools-for-stm32.11.3.rel1.win32_1.1.100.202309141235/tools/bin/../lib/gcc/arm-none-eabi/11.3.1/../../../../arm-none-eabi/lib/thumb/v7e-m+fp/hard\libc_nano.a
END GROUP
START GROUP
LOAD D:/ProgramFiles/ST/STM32CubeIDE_1.13.2/STM32CubeIDE/plugins/com.st.stm32cube.ide.mcu.externaltools.gnu-tools-for-stm32.11.3.rel1.win32_1.1.100.202309141235/tools/bin/../lib/gcc/arm-none-eabi/11.3.1/thumb/v7e-m+fp/hard\libgcc.a
LOAD D:/ProgramFiles/ST/STM32CubeIDE_1.13.2/STM32CubeIDE/plugins/com.st.stm32cube.ide.mcu.externaltools.gnu-tools-for-stm32.11.3.rel1.win32_1.1.100.202309141235/tools/bin/../lib/gcc/arm-none-eabi/11.3.1/../../../../arm-none-eabi/lib/thumb/v7e-m+fp/hard\libc_nano.a
LOAD D:/ProgramFiles/ST/STM32CubeIDE_1.13.2/STM32CubeIDE/plugins/com.st.stm32cube.ide.mcu.externaltools.gnu-tools-for-stm32.11.3.rel1.win32_1.1.100.202309141235/tools/bin/../lib/gcc/arm-none-eabi/11.3.1/../../../../arm-none-eabi/lib/thumb/v7e-m+fp/hard\libnosys.a
END GROUP
START GROUP
LOAD D:/ProgramFiles/ST/STM32CubeIDE_1.13.2/STM32CubeIDE/plugins/com.st.stm32cube.ide.mcu.externaltools.gnu-tools-for-stm32.11.3.rel1.win32_1.1.100.202309141235/tools/bin/../lib/gcc/arm-none-eabi/11.3.1/thumb/v7e-m+fp/hard\libgcc.a
LOAD D:/ProgramFiles/ST/STM32CubeIDE_1.13.2/STM32CubeIDE/plugins/com.st.stm32cube.ide.mcu.externaltools.gnu-tools-for-stm32.11.3.rel1.win32_1.1.100.202309141235/tools/bin/../lib/gcc/arm-none-eabi/11.3.1/../../../../arm-none-eabi/lib/thumb/v7e-m+fp/hard\libc_nano.a
LOAD D:/ProgramFiles/ST/STM32CubeIDE_1.13.2/STM32CubeIDE/plugins/com.st.stm32cube.ide.mcu.externaltools.gnu-tools-for-stm32.11.3.rel1.win32_1.1.100.202309141235/tools/bin/../lib/gcc/arm-none-eabi/11.3.1/../../../../arm-none-eabi/lib/thumb/v7e-m+fp/hard\libnosys.a
END GROUP
LOAD D:/ProgramFiles/ST/STM32CubeIDE_1.13.2/STM32CubeIDE/plugins/com.st.stm32cube.ide.mcu.externaltools.gnu-tools-for-stm32.11.3.rel1.win32_1.1.100.202309141235/tools/bin/../lib/gcc/arm-none-eabi/11.3.1/thumb/v7e-m+fp/hard/crtend.o
LOAD D:/ProgramFiles/ST/STM32CubeIDE_1.13.2/STM32CubeIDE/plugins/com.st.stm32cube.ide.mcu.externaltools.gnu-tools-for-stm32.11.3.rel1.win32_1.1.100.202309141235/tools/bin/../lib/gcc/arm-none-eabi/11.3.1/thumb/v7e-m+fp/hard/crtn.o
                0x0000000020020000                _estack = (ORIGIN (RAM) + LENGTH (RAM))
                0x0000000000000200                _Min_Heap_Size = 0x200
                0x0000000000000400                _Min_Stack_Size = 0x400

.isr_vector     0x0000000008000000      0x188
                0x0000000008000000                . = ALIGN (0x4)
 *(.isr_vector)
 .isr_vector    0x0000000008000000      0x188 ./Core/Startup/startup_stm32f407zgtx.o
                0x0000000008000000                g_pfnVectors
                0x0000000008000188                . = ALIGN (0x4)

.text           0x0000000008000190     0xe444
                0x0000000008000190                . = ALIGN (0x4)
 *(.text)
 .text          0x0000000008000190       0x40 D:/ProgramFiles/ST/STM32CubeIDE_1.13.2/STM32CubeIDE/plugins/com.st.stm32cube.ide.mcu.externaltools.gnu-tools-for-stm32.11.3.rel1.win32_1.1.100.202309141235/tools/bin/../lib/gcc/arm-none-eabi/11.3.1/thumb/v7e-m+fp/hard/crtbegin.o
 .text          0x00000000080001d0       0x10 D:/ProgramFiles/ST/STM32CubeIDE_1.13.2/STM32CubeIDE/plugins/com.st.stm32cube.ide.mcu.externaltools.gnu-tools-for-stm32.11.3.rel1.win32_1.1.100.202309141235/tools/bin/../lib/gcc/arm-none-eabi/11.3.1/../../../../arm-none-eabi/lib/thumb/v7e-m+fp/hard\libc_nano.a(libc_a-strlen.o)
                0x00000000080001d0                strlen
 .text          0x00000000080001e0       0xa0 D:/ProgramFiles/ST/STM32CubeIDE_1.13.2/STM32CubeIDE/plugins/com.st.stm32cube.ide.mcu.externaltools.gnu-tools-for-stm32.11.3.rel1.win32_1.1.100.202309141235/tools/bin/../lib/gcc/arm-none-eabi/11.3.1/../../../../arm-none-eabi/lib/thumb/v7e-m+fp/hard\libc_nano.a(libc_a-memchr.o)
                0x00000000080001e0                memchr
 .text          0x0000000008000280      0x378 D:/ProgramFiles/ST/STM32CubeIDE_1.13.2/STM32CubeIDE/plugins/com.st.stm32cube.ide.mcu.externaltools.gnu-tools-for-stm32.11.3.rel1.win32_1.1.100.202309141235/tools/bin/../lib/gcc/arm-none-eabi/11.3.1/thumb/v7e-m+fp/hard\libgcc.a(_arm_addsubdf3.o)
                0x0000000008000280                __aeabi_drsub
                0x0000000008000288                __aeabi_dsub
                0x0000000008000288                __subdf3
                0x000000000800028c                __aeabi_dadd
                0x000000000800028c                __adddf3
                0x0000000008000504                __floatunsidf
                0x0000000008000504                __aeabi_ui2d
                0x0000000008000524                __floatsidf
                0x0000000008000524                __aeabi_i2d
                0x0000000008000548                __aeabi_f2d
                0x0000000008000548                __extendsfdf2
                0x000000000800058c                __floatundidf
                0x000000000800058c                __aeabi_ul2d
                0x000000000800059c                __floatdidf
                0x000000000800059c                __aeabi_l2d
 .text          0x00000000080005f8      0x424 D:/ProgramFiles/ST/STM32CubeIDE_1.13.2/STM32CubeIDE/plugins/com.st.stm32cube.ide.mcu.externaltools.gnu-tools-for-stm32.11.3.rel1.win32_1.1.100.202309141235/tools/bin/../lib/gcc/arm-none-eabi/11.3.1/thumb/v7e-m+fp/hard\libgcc.a(_arm_muldivdf3.o)
                0x00000000080005f8                __aeabi_dmul
                0x00000000080005f8                __muldf3
                0x000000000800084c                __divdf3
                0x000000000800084c                __aeabi_ddiv
 .text          0x0000000008000a1c      0x110 D:/ProgramFiles/ST/STM32CubeIDE_1.13.2/STM32CubeIDE/plugins/com.st.stm32cube.ide.mcu.externaltools.gnu-tools-for-stm32.11.3.rel1.win32_1.1.100.202309141235/tools/bin/../lib/gcc/arm-none-eabi/11.3.1/thumb/v7e-m+fp/hard\libgcc.a(_arm_cmpdf2.o)
                0x0000000008000a1c                __gtdf2
                0x0000000008000a1c                __gedf2
                0x0000000008000a24                __ltdf2
                0x0000000008000a24                __ledf2
                0x0000000008000a2c                __nedf2
                0x0000000008000a2c                __eqdf2
                0x0000000008000a2c                __cmpdf2
                0x0000000008000aa8                __aeabi_cdrcmple
                0x0000000008000ab8                __aeabi_cdcmpeq
                0x0000000008000ab8                __aeabi_cdcmple
                0x0000000008000ac8                __aeabi_dcmpeq
                0x0000000008000adc                __aeabi_dcmplt
                0x0000000008000af0                __aeabi_dcmple
                0x0000000008000b04                __aeabi_dcmpge
                0x0000000008000b18                __aeabi_dcmpgt
 .text          0x0000000008000b2c       0x2c D:/ProgramFiles/ST/STM32CubeIDE_1.13.2/STM32CubeIDE/plugins/com.st.stm32cube.ide.mcu.externaltools.gnu-tools-for-stm32.11.3.rel1.win32_1.1.100.202309141235/tools/bin/../lib/gcc/arm-none-eabi/11.3.1/thumb/v7e-m+fp/hard\libgcc.a(_arm_unorddf2.o)
                0x0000000008000b2c                __unorddf2
                0x0000000008000b2c                __aeabi_dcmpun
 .text          0x0000000008000b58       0x50 D:/ProgramFiles/ST/STM32CubeIDE_1.13.2/STM32CubeIDE/plugins/com.st.stm32cube.ide.mcu.externaltools.gnu-tools-for-stm32.11.3.rel1.win32_1.1.100.202309141235/tools/bin/../lib/gcc/arm-none-eabi/11.3.1/thumb/v7e-m+fp/hard\libgcc.a(_arm_fixdfsi.o)
                0x0000000008000b58                __aeabi_d2iz
                0x0000000008000b58                __fixdfsi
 .text          0x0000000008000ba8       0x40 D:/ProgramFiles/ST/STM32CubeIDE_1.13.2/STM32CubeIDE/plugins/com.st.stm32cube.ide.mcu.externaltools.gnu-tools-for-stm32.11.3.rel1.win32_1.1.100.202309141235/tools/bin/../lib/gcc/arm-none-eabi/11.3.1/thumb/v7e-m+fp/hard\libgcc.a(_arm_fixunsdfsi.o)
                0x0000000008000ba8                __aeabi_d2uiz
                0x0000000008000ba8                __fixunsdfsi
 .text          0x0000000008000be8       0xa0 D:/ProgramFiles/ST/STM32CubeIDE_1.13.2/STM32CubeIDE/plugins/com.st.stm32cube.ide.mcu.externaltools.gnu-tools-for-stm32.11.3.rel1.win32_1.1.100.202309141235/tools/bin/../lib/gcc/arm-none-eabi/11.3.1/thumb/v7e-m+fp/hard\libgcc.a(_arm_truncdfsf2.o)
                0x0000000008000be8                __truncdfsf2
                0x0000000008000be8                __aeabi_d2f
 .text          0x0000000008000c88       0x30 D:/ProgramFiles/ST/STM32CubeIDE_1.13.2/STM32CubeIDE/plugins/com.st.stm32cube.ide.mcu.externaltools.gnu-tools-for-stm32.11.3.rel1.win32_1.1.100.202309141235/tools/bin/../lib/gcc/arm-none-eabi/11.3.1/thumb/v7e-m+fp/hard\libgcc.a(_aeabi_uldivmod.o)
                0x0000000008000c88                __aeabi_uldivmod
 .text          0x0000000008000cb8      0x2c8 D:/ProgramFiles/ST/STM32CubeIDE_1.13.2/STM32CubeIDE/plugins/com.st.stm32cube.ide.mcu.externaltools.gnu-tools-for-stm32.11.3.rel1.win32_1.1.100.202309141235/tools/bin/../lib/gcc/arm-none-eabi/11.3.1/thumb/v7e-m+fp/hard\libgcc.a(_udivmoddi4.o)
                0x0000000008000cb8                __udivmoddi4
 .text          0x0000000008000f80        0x4 D:/ProgramFiles/ST/STM32CubeIDE_1.13.2/STM32CubeIDE/plugins/com.st.stm32cube.ide.mcu.externaltools.gnu-tools-for-stm32.11.3.rel1.win32_1.1.100.202309141235/tools/bin/../lib/gcc/arm-none-eabi/11.3.1/thumb/v7e-m+fp/hard\libgcc.a(_dvmd_tls.o)
                0x0000000008000f80                __aeabi_idiv0
                0x0000000008000f80                __aeabi_ldiv0
 *(.text*)
 .text.MX_ADC1_Init
                0x0000000008000f84      0x114 ./Core/Src/adc.o
                0x0000000008000f84                MX_ADC1_Init
 .text.at24c_init
                0x0000000008001098        0xc ./Core/Src/at24c.o
                0x0000000008001098                at24c_init
 .text.at24c_ReadOneByte
                0x00000000080010a4       0x38 ./Core/Src/at24c.o
                0x00000000080010a4                at24c_ReadOneByte
 .text.at24c_WriteOneByte
                0x00000000080010dc       0x3c ./Core/Src/at24c.o
                0x00000000080010dc                at24c_WriteOneByte
 .text.at24c_Check
                0x0000000008001118       0x46 ./Core/Src/at24c.o
 .text.at24c_Read
                0x000000000800115e       0x3e ./Core/Src/at24c.o
                0x000000000800115e                at24c_Read
 .text.at24c_Write
                0x000000000800119c       0x40 ./Core/Src/at24c.o
                0x000000000800119c                at24c_Write
 .text.button_init
                0x00000000080011dc       0x18 ./Core/Src/button.o
                0x00000000080011dc                button_init
 .text.button_Scan
                0x00000000080011f4       0xd8 ./Core/Src/button.o
                0x00000000080011f4                button_Scan
 .text.MX_DMA_Init
                0x00000000080012cc       0x40 ./Core/Src/dma.o
                0x00000000080012cc                MX_DMA_Init
 .text.clr_confirm
                0x000000000800130c       0x34 ./Core/Src/fsm.o
                0x000000000800130c                clr_confirm
 .text.temp_game
                0x0000000008001340       0x44 ./Core/Src/fsm.o
                0x0000000008001340                temp_game
 .text.continue_game
                0x0000000008001384       0x54 ./Core/Src/fsm.o
                0x0000000008001384                continue_game
 .text.input_inGame
                0x00000000080013d8       0xc4 ./Core/Src/fsm.o
                0x00000000080013d8                input_inGame
 .text.input_enterName
                0x000000000800149c      0x270 ./Core/Src/fsm.o
                0x000000000800149c                input_enterName
 .text.input_process
                0x000000000800170c      0x348 ./Core/Src/fsm.o
                0x000000000800170c                input_process
 *fill*         0x0000000008001a54        0x4 
 .text.environment_cal
                0x0000000008001a58       0x90 ./Core/Src/fsm.o
                0x0000000008001a58                environment_cal
 .text.score_cal
                0x0000000008001ae8       0x38 ./Core/Src/fsm.o
                0x0000000008001ae8                score_cal
 .text.inGame   0x0000000008001b20       0x78 ./Core/Src/fsm.o
                0x0000000008001b20                inGame
 .text.fsm_ingame
                0x0000000008001b98      0x150 ./Core/Src/fsm.o
                0x0000000008001b98                fsm_ingame
 .text.MX_FSMC_Init
                0x0000000008001ce8       0xf4 ./Core/Src/fsmc.o
                0x0000000008001ce8                MX_FSMC_Init
 *fill*         0x0000000008001ddc        0x4 
 .text.distance_of_two_point
                0x0000000008001de0       0xa0 ./Core/Src/fun_touch.o
                0x0000000008001de0                distance_of_two_point
 .text.is_touch_right
                0x0000000008001e80       0x48 ./Core/Src/fun_touch.o
                0x0000000008001e80                is_touch_right
 .text.is_touch_left
                0x0000000008001ec8       0x48 ./Core/Src/fun_touch.o
                0x0000000008001ec8                is_touch_left
 .text.is_touch_up
                0x0000000008001f10       0x44 ./Core/Src/fun_touch.o
                0x0000000008001f10                is_touch_up
 .text.is_touch_down
                0x0000000008001f54       0x48 ./Core/Src/fun_touch.o
                0x0000000008001f54                is_touch_down
 .text.is_touch_quit
                0x0000000008001f9c       0x46 ./Core/Src/fun_touch.o
                0x0000000008001f9c                is_touch_quit
 .text.is_touch_quit_end
                0x0000000008001fe2       0x44 ./Core/Src/fun_touch.o
                0x0000000008001fe2                is_touch_quit_end
 .text.is_touch_resume
                0x0000000008002026       0x44 ./Core/Src/fun_touch.o
                0x0000000008002026                is_touch_resume
 .text.is_touch_pause
                0x000000000800206a       0x48 ./Core/Src/fun_touch.o
                0x000000000800206a                is_touch_pause
 .text.is_touch_newGame
                0x00000000080020b2       0x44 ./Core/Src/fun_touch.o
                0x00000000080020b2                is_touch_newGame
 .text.is_touch_continue
                0x00000000080020f6       0x44 ./Core/Src/fun_touch.o
                0x00000000080020f6                is_touch_continue
 .text.is_touch_highScore
                0x000000000800213a       0x46 ./Core/Src/fun_touch.o
                0x000000000800213a                is_touch_highScore
 .text.is_touch_classic
                0x0000000008002180       0x44 ./Core/Src/fun_touch.o
                0x0000000008002180                is_touch_classic
 .text.is_touch_speed
                0x00000000080021c4       0x44 ./Core/Src/fun_touch.o
                0x00000000080021c4                is_touch_speed
 .text.is_touch_time
                0x0000000008002208       0x44 ./Core/Src/fun_touch.o
                0x0000000008002208                is_touch_time
 .text.is_touch_char
                0x000000000800224c       0x46 ./Core/Src/fun_touch.o
                0x000000000800224c                is_touch_char
 *fill*         0x0000000008002292        0x2 
 .text.MX_GPIO_Init
                0x0000000008002294      0x25c ./Core/Src/gpio.o
                0x0000000008002294                MX_GPIO_Init
 .text.MX_I2C1_Init
                0x00000000080024f0       0x5c ./Core/Src/i2c.o
                0x00000000080024f0                MX_I2C1_Init
 .text.home_lcd
                0x000000000800254c       0xb0 ./Core/Src/interface.o
                0x000000000800254c                home_lcd
 .text.mode_game_lcd
                0x00000000080025fc       0xf0 ./Core/Src/interface.o
                0x00000000080025fc                mode_game_lcd
 .text.highscore_lcd
                0x00000000080026ec      0x1ac ./Core/Src/interface.o
                0x00000000080026ec                highscore_lcd
 .text.game_lcd
                0x0000000008002898      0x164 ./Core/Src/interface.o
                0x0000000008002898                game_lcd
 .text.environment_lcd
                0x00000000080029fc       0x70 ./Core/Src/interface.o
                0x00000000080029fc                environment_lcd
 .text.score_lcd
                0x0000000008002a6c       0x30 ./Core/Src/interface.o
                0x0000000008002a6c                score_lcd
 .text.pause_lcd
                0x0000000008002a9c       0x94 ./Core/Src/interface.o
                0x0000000008002a9c                pause_lcd
 .text.game_over_lcd
                0x0000000008002b30      0x160 ./Core/Src/interface.o
                0x0000000008002b30                game_over_lcd
 .text.youwin_lcd
                0x0000000008002c90      0x160 ./Core/Src/interface.o
                0x0000000008002c90                youwin_lcd
 .text.uppercase_lcd
                0x0000000008002df0       0x90 ./Core/Src/interface.o
                0x0000000008002df0                uppercase_lcd
 .text.lowercase_lcd
                0x0000000008002e80       0x90 ./Core/Src/interface.o
                0x0000000008002e80                lowercase_lcd
 .text.selectbox_lcd
                0x0000000008002f10      0x108 ./Core/Src/interface.o
                0x0000000008002f10                selectbox_lcd
 .text.displayName_lcd
                0x0000000008003018       0x98 ./Core/Src/interface.o
                0x0000000008003018                displayName_lcd
 .text.entername_lcd
                0x00000000080030b0       0xec ./Core/Src/interface.o
                0x00000000080030b0                entername_lcd
 .text.home_not_select
                0x000000000800319c       0x7c ./Core/Src/interface.o
                0x000000000800319c                home_not_select
 .text.home_second_lcd
                0x0000000008003218       0x30 ./Core/Src/interface.o
                0x0000000008003218                home_second_lcd
 .text.home_third_lcd
                0x0000000008003248       0x30 ./Core/Src/interface.o
                0x0000000008003248                home_third_lcd
 .text.home_forth_lcd
                0x0000000008003278       0x34 ./Core/Src/interface.o
                0x0000000008003278                home_forth_lcd
 .text.mode_first_lcd
                0x00000000080032ac       0x30 ./Core/Src/interface.o
                0x00000000080032ac                mode_first_lcd
 .text.mode_second_lcd
                0x00000000080032dc       0x34 ./Core/Src/interface.o
                0x00000000080032dc                mode_second_lcd
 .text.mode_third_lcd
                0x0000000008003310       0x34 ./Core/Src/interface.o
                0x0000000008003310                mode_third_lcd
 .text.mode_forth_lcd
                0x0000000008003344       0x34 ./Core/Src/interface.o
                0x0000000008003344                mode_forth_lcd
 .text.pause_second_lcd
                0x0000000008003378       0x50 ./Core/Src/interface.o
                0x0000000008003378                pause_second_lcd
 .text.pause_third_lcd
                0x00000000080033c8       0x50 ./Core/Src/interface.o
                0x00000000080033c8                pause_third_lcd
 .text.point_head_lcd
                0x0000000008003418       0x36 ./Core/Src/interface.o
                0x0000000008003418                point_head_lcd
 .text.point_snake_lcd
                0x000000000800344e       0xa4 ./Core/Src/interface.o
                0x000000000800344e                point_snake_lcd
 .text.point_food_lcd
                0x00000000080034f2       0x26 ./Core/Src/interface.o
                0x00000000080034f2                point_food_lcd
 .text.point_clr
                0x0000000008003518       0x26 ./Core/Src/interface.o
                0x0000000008003518                point_clr
 *fill*         0x000000000800353e        0x2 
 .text.mode_7seg
                0x0000000008003540       0x48 ./Core/Src/interface.o
                0x0000000008003540                mode_7seg
 .text.reset_7seg
                0x0000000008003588       0x30 ./Core/Src/interface.o
                0x0000000008003588                reset_7seg
 .text.update_7seg_time
                0x00000000080035b8      0x134 ./Core/Src/interface.o
                0x00000000080035b8                update_7seg_time
 .text.LCD_WR_REG
                0x00000000080036ec       0x20 ./Core/Src/lcd.o
                0x00000000080036ec                LCD_WR_REG
 .text.LCD_WR_DATA
                0x000000000800370c       0x20 ./Core/Src/lcd.o
 .text.LCD_RD_DATA
                0x000000000800372c       0x24 ./Core/Src/lcd.o
 .text.lcd_AddressSet
                0x0000000008003750       0x98 ./Core/Src/lcd.o
                0x0000000008003750                lcd_AddressSet
 .text.lcd_Clear
                0x00000000080037e8       0x64 ./Core/Src/lcd.o
                0x00000000080037e8                lcd_Clear
 .text.lcd_Fill
                0x000000000800384c       0x6c ./Core/Src/lcd.o
                0x000000000800384c                lcd_Fill
 .text.lcd_DrawPoint
                0x00000000080038b8       0x2e ./Core/Src/lcd.o
                0x00000000080038b8                lcd_DrawPoint
 .text.lcd_DrawLine
                0x00000000080038e6      0x108 ./Core/Src/lcd.o
                0x00000000080038e6                lcd_DrawLine
 .text.lcd_DrawRectangle
                0x00000000080039ee       0x6e ./Core/Src/lcd.o
                0x00000000080039ee                lcd_DrawRectangle
 .text.lcd_ShowChar
                0x0000000008003a5c      0x1c0 ./Core/Src/lcd.o
                0x0000000008003a5c                lcd_ShowChar
 .text.mypow    0x0000000008003c1c       0x38 ./Core/Src/lcd.o
                0x0000000008003c1c                mypow
 .text.lcd_ShowIntNum
                0x0000000008003c54       0xfc ./Core/Src/lcd.o
                0x0000000008003c54                lcd_ShowIntNum
 .text.lcd_ShowFloatNum
                0x0000000008003d50      0x110 ./Core/Src/lcd.o
                0x0000000008003d50                lcd_ShowFloatNum
 .text.lcd_ShowPicture
                0x0000000008003e60       0xac ./Core/Src/lcd.o
                0x0000000008003e60                lcd_ShowPicture
 .text.lcd_SetDir
                0x0000000008003f0c       0x48 ./Core/Src/lcd.o
                0x0000000008003f0c                lcd_SetDir
 .text.lcd_init
                0x0000000008003f54      0x2c0 ./Core/Src/lcd.o
                0x0000000008003f54                lcd_init
 .text._draw_circle_8
                0x0000000008004214      0x116 ./Core/Src/lcd.o
 .text.lcd_DrawCircle
                0x000000000800432a       0xd8 ./Core/Src/lcd.o
                0x000000000800432a                lcd_DrawCircle
 .text.lcd_ShowStr
                0x0000000008004402       0x9c ./Core/Src/lcd.o
                0x0000000008004402                lcd_ShowStr
 *fill*         0x000000000800449e        0x2 
 .text.lcd_StrCenter
                0x00000000080044a0       0x64 ./Core/Src/lcd.o
                0x00000000080044a0                lcd_StrCenter
 .text.led7_init
                0x0000000008004504       0x18 ./Core/Src/led_7seg.o
                0x0000000008004504                led7_init
 .text.led7_Scan
                0x000000000800451c      0x118 ./Core/Src/led_7seg.o
                0x000000000800451c                led7_Scan
 .text.led7_SetDigit
                0x0000000008004634       0x48 ./Core/Src/led_7seg.o
                0x0000000008004634                led7_SetDigit
 .text.main     0x000000000800467c       0x64 ./Core/Src/main.o
                0x000000000800467c                main
 .text.SystemClock_Config
                0x00000000080046e0       0xd4 ./Core/Src/main.o
                0x00000000080046e0                SystemClock_Config
 .text.system_init
                0x00000000080047b4       0x48 ./Core/Src/main.o
                0x00000000080047b4                system_init
 .text.Error_Handler
                0x00000000080047fc        0xa ./Core/Src/main.o
                0x00000000080047fc                Error_Handler
 *fill*         0x0000000008004806        0x2 
 .text.sensor_init
                0x0000000008004808       0x1c ./Core/Src/sensor.o
                0x0000000008004808                sensor_init
 .text.sensor_Read
                0x0000000008004824       0x1c ./Core/Src/sensor.o
                0x0000000008004824                sensor_Read
 .text.sensor_GetLight
                0x0000000008004840       0x18 ./Core/Src/sensor.o
                0x0000000008004840                sensor_GetLight
 .text.sensor_GetPotentiometer
                0x0000000008004858       0x18 ./Core/Src/sensor.o
                0x0000000008004858                sensor_GetPotentiometer
 .text.sensor_GetTemperature
                0x0000000008004870       0x3c ./Core/Src/sensor.o
                0x0000000008004870                sensor_GetTemperature
 .text.snake_init
                0x00000000080048ac       0x88 ./Core/Src/snake.o
                0x00000000080048ac                snake_init
 .text.is_collision_food
                0x0000000008004934       0x78 ./Core/Src/snake.o
                0x0000000008004934                is_collision_food
 .text.is_collision
                0x00000000080049ac       0x7c ./Core/Src/snake.o
                0x00000000080049ac                is_collision
 .text.is_eat   0x0000000008004a28       0x5c ./Core/Src/snake.o
                0x0000000008004a28                is_eat
 .text.get_rand
                0x0000000008004a84       0x64 ./Core/Src/snake.o
                0x0000000008004a84                get_rand
 .text.rand_food
                0x0000000008004ae8       0x64 ./Core/Src/snake.o
                0x0000000008004ae8                rand_food
 .text.move_snake
                0x0000000008004b4c       0xc4 ./Core/Src/snake.o
                0x0000000008004b4c                move_snake
 .text.reDraw_snake
                0x0000000008004c10       0x48 ./Core/Src/snake.o
                0x0000000008004c10                reDraw_snake
 .text.timer_init
                0x0000000008004c58       0x1c ./Core/Src/software_timer.o
                0x0000000008004c58                timer_init
 .text.setTimer2
                0x0000000008004c74       0x38 ./Core/Src/software_timer.o
                0x0000000008004c74                setTimer2
 .text.setTimer3
                0x0000000008004cac       0x38 ./Core/Src/software_timer.o
                0x0000000008004cac                setTimer3
 .text.setTimer4
                0x0000000008004ce4       0x38 ./Core/Src/software_timer.o
                0x0000000008004ce4                setTimer4
 .text.setTimer5
                0x0000000008004d1c       0x38 ./Core/Src/software_timer.o
                0x0000000008004d1c                setTimer5
 .text.HAL_TIM_PeriodElapsedCallback
                0x0000000008004d54       0xf8 ./Core/Src/software_timer.o
                0x0000000008004d54                HAL_TIM_PeriodElapsedCallback
 .text.delay_us
                0x0000000008004e4c       0x34 ./Core/Src/software_timer.o
                0x0000000008004e4c                delay_us
 .text.MX_SPI1_Init
                0x0000000008004e80       0x6c ./Core/Src/spi.o
                0x0000000008004e80                MX_SPI1_Init
 .text.HAL_MspInit
                0x0000000008004eec       0x50 ./Core/Src/stm32f4xx_hal_msp.o
                0x0000000008004eec                HAL_MspInit
 .text.HAL_ADC_MspInit
                0x0000000008004f3c      0x128 ./Core/Src/stm32f4xx_hal_msp.o
                0x0000000008004f3c                HAL_ADC_MspInit
 .text.HAL_I2C_MspInit
                0x0000000008005064       0x90 ./Core/Src/stm32f4xx_hal_msp.o
                0x0000000008005064                HAL_I2C_MspInit
 .text.HAL_SPI_MspInit
                0x00000000080050f4       0x90 ./Core/Src/stm32f4xx_hal_msp.o
                0x00000000080050f4                HAL_SPI_MspInit
 .text.HAL_TIM_Base_MspInit
                0x0000000008005184       0xa4 ./Core/Src/stm32f4xx_hal_msp.o
                0x0000000008005184                HAL_TIM_Base_MspInit
 .text.HAL_TIM_MspPostInit
                0x0000000008005228       0x74 ./Core/Src/stm32f4xx_hal_msp.o
                0x0000000008005228                HAL_TIM_MspPostInit
 .text.HAL_UART_MspInit
                0x000000000800529c      0x118 ./Core/Src/stm32f4xx_hal_msp.o
                0x000000000800529c                HAL_UART_MspInit
 .text.HAL_FSMC_MspInit
                0x00000000080053b4       0x98 ./Core/Src/stm32f4xx_hal_msp.o
 .text.HAL_SRAM_MspInit
                0x000000000800544c       0x14 ./Core/Src/stm32f4xx_hal_msp.o
                0x000000000800544c                HAL_SRAM_MspInit
 .text.NMI_Handler
                0x0000000008005460        0x6 ./Core/Src/stm32f4xx_it.o
                0x0000000008005460                NMI_Handler
 .text.HardFault_Handler
                0x0000000008005466        0x6 ./Core/Src/stm32f4xx_it.o
                0x0000000008005466                HardFault_Handler
 .text.MemManage_Handler
                0x000000000800546c        0x6 ./Core/Src/stm32f4xx_it.o
                0x000000000800546c                MemManage_Handler
 .text.BusFault_Handler
                0x0000000008005472        0x6 ./Core/Src/stm32f4xx_it.o
                0x0000000008005472                BusFault_Handler
 .text.UsageFault_Handler
                0x0000000008005478        0x6 ./Core/Src/stm32f4xx_it.o
                0x0000000008005478                UsageFault_Handler
 .text.SVC_Handler
                0x000000000800547e        0xe ./Core/Src/stm32f4xx_it.o
                0x000000000800547e                SVC_Handler
 .text.DebugMon_Handler
                0x000000000800548c        0xe ./Core/Src/stm32f4xx_it.o
                0x000000000800548c                DebugMon_Handler
 .text.PendSV_Handler
                0x000000000800549a        0xe ./Core/Src/stm32f4xx_it.o
                0x000000000800549a                PendSV_Handler
 .text.SysTick_Handler
                0x00000000080054a8        0xc ./Core/Src/stm32f4xx_it.o
                0x00000000080054a8                SysTick_Handler
 .text.TIM2_IRQHandler
                0x00000000080054b4       0x14 ./Core/Src/stm32f4xx_it.o
                0x00000000080054b4                TIM2_IRQHandler
 .text.USART1_IRQHandler
                0x00000000080054c8       0x14 ./Core/Src/stm32f4xx_it.o
                0x00000000080054c8                USART1_IRQHandler
 .text.USART2_IRQHandler
                0x00000000080054dc       0x14 ./Core/Src/stm32f4xx_it.o
                0x00000000080054dc                USART2_IRQHandler
 .text.DMA2_Stream0_IRQHandler
                0x00000000080054f0       0x14 ./Core/Src/stm32f4xx_it.o
                0x00000000080054f0                DMA2_Stream0_IRQHandler
 .text._getpid  0x0000000008005504       0x10 ./Core/Src/syscalls.o
                0x0000000008005504                _getpid
 .text._kill    0x0000000008005514       0x20 ./Core/Src/syscalls.o
                0x0000000008005514                _kill
 .text._exit    0x0000000008005534       0x14 ./Core/Src/syscalls.o
                0x0000000008005534                _exit
 .text._read    0x0000000008005548       0x3a ./Core/Src/syscalls.o
                0x0000000008005548                _read
 .text._write   0x0000000008005582       0x38 ./Core/Src/syscalls.o
                0x0000000008005582                _write
 .text._close   0x00000000080055ba       0x18 ./Core/Src/syscalls.o
                0x00000000080055ba                _close
 .text._fstat   0x00000000080055d2       0x20 ./Core/Src/syscalls.o
                0x00000000080055d2                _fstat
 .text._isatty  0x00000000080055f2       0x16 ./Core/Src/syscalls.o
                0x00000000080055f2                _isatty
 .text._lseek   0x0000000008005608       0x1a ./Core/Src/syscalls.o
                0x0000000008005608                _lseek
 *fill*         0x0000000008005622        0x2 
 .text._sbrk    0x0000000008005624       0x6c ./Core/Src/sysmem.o
                0x0000000008005624                _sbrk
 .text.SystemInit
                0x0000000008005690       0x24 ./Core/Src/system_stm32f4xx.o
                0x0000000008005690                SystemInit
 .text.MX_TIM1_Init
                0x00000000080056b4       0xa0 ./Core/Src/tim.o
                0x00000000080056b4                MX_TIM1_Init
 .text.MX_TIM2_Init
                0x0000000008005754       0x98 ./Core/Src/tim.o
                0x0000000008005754                MX_TIM2_Init
 .text.MX_TIM13_Init
                0x00000000080057ec       0x9c ./Core/Src/tim.o
                0x00000000080057ec                MX_TIM13_Init
 .text.TP_Write_Byte
                0x0000000008005888       0x78 ./Core/Src/touch.o
 .text.TP_Read_AD
                0x0000000008005900       0xe0 ./Core/Src/touch.o
 .text.TP_Read_XOY
                0x00000000080059e0       0xf4 ./Core/Src/touch.o
 .text.TP_Read_XY
                0x0000000008005ad4       0x44 ./Core/Src/touch.o
 .text.TP_Read_XY2
                0x0000000008005b18       0xc4 ./Core/Src/touch.o
 .text.TP_Drow_Touch_Point
                0x0000000008005bdc       0xae ./Core/Src/touch.o
 *fill*         0x0000000008005c8a        0x2 
 .text.TP_Scan  0x0000000008005c8c      0x12c ./Core/Src/touch.o
 .text.TP_Save_Adjdata
                0x0000000008005db8       0x20 ./Core/Src/touch.o
 .text.TP_Get_Adjdata
                0x0000000008005dd8       0x38 ./Core/Src/touch.o
 .text.touch_Adjust
                0x0000000008005e10      0x7a4 ./Core/Src/touch.o
                0x0000000008005e10                touch_Adjust
 .text.touch_init
                0x00000000080065b4       0x20 ./Core/Src/touch.o
                0x00000000080065b4                touch_init
 .text.touch_Scan
                0x00000000080065d4       0x14 ./Core/Src/touch.o
                0x00000000080065d4                touch_Scan
 .text.touch_IsTouched
                0x00000000080065e8       0x24 ./Core/Src/touch.o
                0x00000000080065e8                touch_IsTouched
 .text.touch_GetX
                0x000000000800660c       0x18 ./Core/Src/touch.o
                0x000000000800660c                touch_GetX
 .text.touch_GetY
                0x0000000008006624       0x18 ./Core/Src/touch.o
                0x0000000008006624                touch_GetY
 .text.HAL_UART_RxCpltCallback
                0x000000000800663c       0x3c ./Core/Src/uart.o
                0x000000000800663c                HAL_UART_RxCpltCallback
 .text.MX_USART1_UART_Init
                0x0000000008006678       0x54 ./Core/Src/usart.o
                0x0000000008006678                MX_USART1_UART_Init
 .text.MX_USART2_UART_Init
                0x00000000080066cc       0x54 ./Core/Src/usart.o
                0x00000000080066cc                MX_USART2_UART_Init
 .text.user_init
                0x0000000008006720       0x60 ./Core/Src/user.o
                0x0000000008006720                user_init
 .text.user_history
                0x0000000008006780       0xf8 ./Core/Src/user.o
                0x0000000008006780                user_history
 .text.Reset_Handler
                0x0000000008006878       0x50 ./Core/Startup/startup_stm32f407zgtx.o
                0x0000000008006878                Reset_Handler
 .text.Default_Handler
                0x00000000080068c8        0x2 ./Core/Startup/startup_stm32f407zgtx.o
                0x00000000080068c8                RTC_Alarm_IRQHandler
                0x00000000080068c8                HASH_RNG_IRQHandler
                0x00000000080068c8                EXTI2_IRQHandler
                0x00000000080068c8                TIM8_CC_IRQHandler
                0x00000000080068c8                TIM1_CC_IRQHandler
                0x00000000080068c8                DMA2_Stream5_IRQHandler
                0x00000000080068c8                DMA1_Stream5_IRQHandler
                0x00000000080068c8                PVD_IRQHandler
                0x00000000080068c8                SDIO_IRQHandler
                0x00000000080068c8                TAMP_STAMP_IRQHandler
                0x00000000080068c8                CAN2_RX1_IRQHandler
                0x00000000080068c8                EXTI3_IRQHandler
                0x00000000080068c8                TIM8_TRG_COM_TIM14_IRQHandler
                0x00000000080068c8                TIM1_UP_TIM10_IRQHandler
                0x00000000080068c8                TIM8_UP_TIM13_IRQHandler
                0x00000000080068c8                I2C3_ER_IRQHandler
                0x00000000080068c8                EXTI0_IRQHandler
                0x00000000080068c8                I2C2_EV_IRQHandler
                0x00000000080068c8                DMA1_Stream2_IRQHandler
                0x00000000080068c8                CAN1_RX0_IRQHandler
                0x00000000080068c8                FPU_IRQHandler
                0x00000000080068c8                OTG_HS_WKUP_IRQHandler
                0x00000000080068c8                CAN2_SCE_IRQHandler
                0x00000000080068c8                DMA2_Stream2_IRQHandler
                0x00000000080068c8                SPI1_IRQHandler
                0x00000000080068c8                TIM6_DAC_IRQHandler
                0x00000000080068c8                TIM1_BRK_TIM9_IRQHandler
                0x00000000080068c8                DCMI_IRQHandler
                0x00000000080068c8                CAN2_RX0_IRQHandler
                0x00000000080068c8                DMA2_Stream3_IRQHandler
                0x00000000080068c8                USART6_IRQHandler
                0x00000000080068c8                USART3_IRQHandler
                0x00000000080068c8                CAN1_RX1_IRQHandler
                0x00000000080068c8                UART5_IRQHandler
                0x00000000080068c8                TIM4_IRQHandler
                0x00000000080068c8                I2C1_EV_IRQHandler
                0x00000000080068c8                DMA1_Stream6_IRQHandler
                0x00000000080068c8                DMA1_Stream1_IRQHandler
                0x00000000080068c8                UART4_IRQHandler
                0x00000000080068c8                TIM3_IRQHandler
                0x00000000080068c8                RCC_IRQHandler
                0x00000000080068c8                TIM8_BRK_TIM12_IRQHandler
                0x00000000080068c8                Default_Handler
                0x00000000080068c8                EXTI15_10_IRQHandler
                0x00000000080068c8                ADC_IRQHandler
                0x00000000080068c8                DMA1_Stream7_IRQHandler
                0x00000000080068c8                TIM7_IRQHandler
                0x00000000080068c8                CAN2_TX_IRQHandler
                0x00000000080068c8                TIM5_IRQHandler
                0x00000000080068c8                DMA2_Stream7_IRQHandler
                0x00000000080068c8                I2C3_EV_IRQHandler
                0x00000000080068c8                EXTI9_5_IRQHandler
                0x00000000080068c8                RTC_WKUP_IRQHandler
                0x00000000080068c8                ETH_WKUP_IRQHandler
                0x00000000080068c8                SPI2_IRQHandler
                0x00000000080068c8                OTG_HS_EP1_IN_IRQHandler
                0x00000000080068c8                DMA1_Stream0_IRQHandler
                0x00000000080068c8                CAN1_TX_IRQHandler
                0x00000000080068c8                EXTI4_IRQHandler
                0x00000000080068c8                FSMC_IRQHandler
                0x00000000080068c8                ETH_IRQHandler
                0x00000000080068c8                OTG_HS_EP1_OUT_IRQHandler
                0x00000000080068c8                WWDG_IRQHandler
                0x00000000080068c8                OTG_FS_WKUP_IRQHandler
                0x00000000080068c8                TIM1_TRG_COM_TIM11_IRQHandler
                0x00000000080068c8                OTG_HS_IRQHandler
                0x00000000080068c8                EXTI1_IRQHandler
                0x00000000080068c8                I2C2_ER_IRQHandler
                0x00000000080068c8                DMA2_Stream1_IRQHandler
                0x00000000080068c8                CAN1_SCE_IRQHandler
                0x00000000080068c8                FLASH_IRQHandler
                0x00000000080068c8                DMA2_Stream4_IRQHandler
                0x00000000080068c8                OTG_FS_IRQHandler
                0x00000000080068c8                SPI3_IRQHandler
                0x00000000080068c8                DMA1_Stream4_IRQHandler
                0x00000000080068c8                I2C1_ER_IRQHandler
                0x00000000080068c8                DMA2_Stream6_IRQHandler
                0x00000000080068c8                DMA1_Stream3_IRQHandler
 *fill*         0x00000000080068ca        0x2 
 .text.HAL_Init
                0x00000000080068cc       0x44 ./Drivers/STM32F4xx_HAL_Driver/Src/stm32f4xx_hal.o
                0x00000000080068cc                HAL_Init
 .text.HAL_InitTick
                0x0000000008006910       0x60 ./Drivers/STM32F4xx_HAL_Driver/Src/stm32f4xx_hal.o
                0x0000000008006910                HAL_InitTick
 .text.HAL_IncTick
                0x0000000008006970       0x28 ./Drivers/STM32F4xx_HAL_Driver/Src/stm32f4xx_hal.o
                0x0000000008006970                HAL_IncTick
 .text.HAL_GetTick
                0x0000000008006998       0x18 ./Drivers/STM32F4xx_HAL_Driver/Src/stm32f4xx_hal.o
                0x0000000008006998                HAL_GetTick
 .text.HAL_Delay
                0x00000000080069b0       0x48 ./Drivers/STM32F4xx_HAL_Driver/Src/stm32f4xx_hal.o
                0x00000000080069b0                HAL_Delay
 .text.HAL_ADC_Init
                0x00000000080069f8       0x86 ./Drivers/STM32F4xx_HAL_Driver/Src/stm32f4xx_hal_adc.o
                0x00000000080069f8                HAL_ADC_Init
 *fill*         0x0000000008006a7e        0x2 
 .text.HAL_ADC_Start_DMA
                0x0000000008006a80      0x220 ./Drivers/STM32F4xx_HAL_Driver/Src/stm32f4xx_hal_adc.o
                0x0000000008006a80                HAL_ADC_Start_DMA
 .text.HAL_ADC_ConvCpltCallback
                0x0000000008006ca0       0x14 ./Drivers/STM32F4xx_HAL_Driver/Src/stm32f4xx_hal_adc.o
                0x0000000008006ca0                HAL_ADC_ConvCpltCallback
 .text.HAL_ADC_ConvHalfCpltCallback
                0x0000000008006cb4       0x14 ./Drivers/STM32F4xx_HAL_Driver/Src/stm32f4xx_hal_adc.o
                0x0000000008006cb4                HAL_ADC_ConvHalfCpltCallback
 .text.HAL_ADC_ErrorCallback
                0x0000000008006cc8       0x14 ./Drivers/STM32F4xx_HAL_Driver/Src/stm32f4xx_hal_adc.o
                0x0000000008006cc8                HAL_ADC_ErrorCallback
 .text.HAL_ADC_ConfigChannel
                0x0000000008006cdc      0x244 ./Drivers/STM32F4xx_HAL_Driver/Src/stm32f4xx_hal_adc.o
                0x0000000008006cdc                HAL_ADC_ConfigChannel
 .text.ADC_Init
                0x0000000008006f20      0x1f8 ./Drivers/STM32F4xx_HAL_Driver/Src/stm32f4xx_hal_adc.o
 .text.ADC_DMAConvCplt
                0x0000000008007118       0xba ./Drivers/STM32F4xx_HAL_Driver/Src/stm32f4xx_hal_adc.o
 .text.ADC_DMAHalfConvCplt
                0x00000000080071d2       0x1c ./Drivers/STM32F4xx_HAL_Driver/Src/stm32f4xx_hal_adc.o
 .text.ADC_DMAError
                0x00000000080071ee       0x2e ./Drivers/STM32F4xx_HAL_Driver/Src/stm32f4xx_hal_adc.o
 .text.__NVIC_SetPriorityGrouping
                0x000000000800721c       0x48 ./Drivers/STM32F4xx_HAL_Driver/Src/stm32f4xx_hal_cortex.o
 .text.__NVIC_GetPriorityGrouping
                0x0000000008007264       0x1c ./Drivers/STM32F4xx_HAL_Driver/Src/stm32f4xx_hal_cortex.o
 .text.__NVIC_EnableIRQ
                0x0000000008007280       0x3c ./Drivers/STM32F4xx_HAL_Driver/Src/stm32f4xx_hal_cortex.o
 .text.__NVIC_SetPriority
                0x00000000080072bc       0x54 ./Drivers/STM32F4xx_HAL_Driver/Src/stm32f4xx_hal_cortex.o
 .text.NVIC_EncodePriority
                0x0000000008007310       0x66 ./Drivers/STM32F4xx_HAL_Driver/Src/stm32f4xx_hal_cortex.o
 *fill*         0x0000000008007376        0x2 
 .text.SysTick_Config
                0x0000000008007378       0x44 ./Drivers/STM32F4xx_HAL_Driver/Src/stm32f4xx_hal_cortex.o
 .text.HAL_NVIC_SetPriorityGrouping
                0x00000000080073bc       0x16 ./Drivers/STM32F4xx_HAL_Driver/Src/stm32f4xx_hal_cortex.o
                0x00000000080073bc                HAL_NVIC_SetPriorityGrouping
 .text.HAL_NVIC_SetPriority
                0x00000000080073d2       0x38 ./Drivers/STM32F4xx_HAL_Driver/Src/stm32f4xx_hal_cortex.o
                0x00000000080073d2                HAL_NVIC_SetPriority
 .text.HAL_NVIC_EnableIRQ
                0x000000000800740a       0x1c ./Drivers/STM32F4xx_HAL_Driver/Src/stm32f4xx_hal_cortex.o
                0x000000000800740a                HAL_NVIC_EnableIRQ
 .text.HAL_SYSTICK_Config
                0x0000000008007426       0x18 ./Drivers/STM32F4xx_HAL_Driver/Src/stm32f4xx_hal_cortex.o
                0x0000000008007426                HAL_SYSTICK_Config
 *fill*         0x000000000800743e        0x2 
 .text.HAL_DMA_Init
                0x0000000008007440      0x15c ./Drivers/STM32F4xx_HAL_Driver/Src/stm32f4xx_hal_dma.o
                0x0000000008007440                HAL_DMA_Init
 .text.HAL_DMA_Start_IT
                0x000000000800759c       0xb0 ./Drivers/STM32F4xx_HAL_Driver/Src/stm32f4xx_hal_dma.o
                0x000000000800759c                HAL_DMA_Start_IT
 .text.HAL_DMA_Abort
                0x000000000800764c       0xe0 ./Drivers/STM32F4xx_HAL_Driver/Src/stm32f4xx_hal_dma.o
                0x000000000800764c                HAL_DMA_Abort
 .text.HAL_DMA_Abort_IT
                0x000000000800772c       0x44 ./Drivers/STM32F4xx_HAL_Driver/Src/stm32f4xx_hal_dma.o
                0x000000000800772c                HAL_DMA_Abort_IT
 .text.HAL_DMA_IRQHandler
                0x0000000008007770      0x314 ./Drivers/STM32F4xx_HAL_Driver/Src/stm32f4xx_hal_dma.o
                0x0000000008007770                HAL_DMA_IRQHandler
 .text.DMA_SetConfig
                0x0000000008007a84       0x5c ./Drivers/STM32F4xx_HAL_Driver/Src/stm32f4xx_hal_dma.o
 .text.DMA_CalcBaseAndBitshift
                0x0000000008007ae0       0x6c ./Drivers/STM32F4xx_HAL_Driver/Src/stm32f4xx_hal_dma.o
 .text.DMA_CheckFifoParam
                0x0000000008007b4c       0xf8 ./Drivers/STM32F4xx_HAL_Driver/Src/stm32f4xx_hal_dma.o
 .text.HAL_GPIO_Init
                0x0000000008007c44      0x338 ./Drivers/STM32F4xx_HAL_Driver/Src/stm32f4xx_hal_gpio.o
                0x0000000008007c44                HAL_GPIO_Init
 .text.HAL_GPIO_ReadPin
                0x0000000008007f7c       0x30 ./Drivers/STM32F4xx_HAL_Driver/Src/stm32f4xx_hal_gpio.o
                0x0000000008007f7c                HAL_GPIO_ReadPin
 .text.HAL_GPIO_WritePin
                0x0000000008007fac       0x32 ./Drivers/STM32F4xx_HAL_Driver/Src/stm32f4xx_hal_gpio.o
                0x0000000008007fac                HAL_GPIO_WritePin
 *fill*         0x0000000008007fde        0x2 
 .text.HAL_I2C_Init
                0x0000000008007fe0      0x288 ./Drivers/STM32F4xx_HAL_Driver/Src/stm32f4xx_hal_i2c.o
                0x0000000008007fe0                HAL_I2C_Init
 .text.HAL_I2C_Mem_Write
                0x0000000008008268      0x1f4 ./Drivers/STM32F4xx_HAL_Driver/Src/stm32f4xx_hal_i2c.o
                0x0000000008008268                HAL_I2C_Mem_Write
 .text.HAL_I2C_Mem_Read
                0x000000000800845c      0x44c ./Drivers/STM32F4xx_HAL_Driver/Src/stm32f4xx_hal_i2c.o
                0x000000000800845c                HAL_I2C_Mem_Read
 .text.I2C_RequestMemoryWrite
                0x00000000080088a8      0x12c ./Drivers/STM32F4xx_HAL_Driver/Src/stm32f4xx_hal_i2c.o
 .text.I2C_RequestMemoryRead
                0x00000000080089d4      0x1d0 ./Drivers/STM32F4xx_HAL_Driver/Src/stm32f4xx_hal_i2c.o
 .text.I2C_WaitOnFlagUntilTimeout
                0x0000000008008ba4       0xae ./Drivers/STM32F4xx_HAL_Driver/Src/stm32f4xx_hal_i2c.o
 .text.I2C_WaitOnMasterAddressFlagUntilTimeout
                0x0000000008008c52       0xfe ./Drivers/STM32F4xx_HAL_Driver/Src/stm32f4xx_hal_i2c.o
 .text.I2C_WaitOnTXEFlagUntilTimeout
                0x0000000008008d50       0x82 ./Drivers/STM32F4xx_HAL_Driver/Src/stm32f4xx_hal_i2c.o
 .text.I2C_WaitOnBTFFlagUntilTimeout
                0x0000000008008dd2       0x82 ./Drivers/STM32F4xx_HAL_Driver/Src/stm32f4xx_hal_i2c.o
 .text.I2C_WaitOnRXNEFlagUntilTimeout
                0x0000000008008e54       0xac ./Drivers/STM32F4xx_HAL_Driver/Src/stm32f4xx_hal_i2c.o
 .text.I2C_IsAcknowledgeFailed
                0x0000000008008f00       0x5e ./Drivers/STM32F4xx_HAL_Driver/Src/stm32f4xx_hal_i2c.o
 *fill*         0x0000000008008f5e        0x2 
 .text.HAL_RCC_OscConfig
                0x0000000008008f60      0x4f0 ./Drivers/STM32F4xx_HAL_Driver/Src/stm32f4xx_hal_rcc.o
                0x0000000008008f60                HAL_RCC_OscConfig
 .text.HAL_RCC_ClockConfig
                0x0000000008009450      0x1cc ./Drivers/STM32F4xx_HAL_Driver/Src/stm32f4xx_hal_rcc.o
                0x0000000008009450                HAL_RCC_ClockConfig
 .text.HAL_RCC_GetSysClockFreq
                0x000000000800961c      0x20c ./Drivers/STM32F4xx_HAL_Driver/Src/stm32f4xx_hal_rcc.o
                0x000000000800961c                HAL_RCC_GetSysClockFreq
 .text.HAL_RCC_GetHCLKFreq
                0x0000000008009828       0x18 ./Drivers/STM32F4xx_HAL_Driver/Src/stm32f4xx_hal_rcc.o
                0x0000000008009828                HAL_RCC_GetHCLKFreq
 .text.HAL_RCC_GetPCLK1Freq
                0x0000000008009840       0x28 ./Drivers/STM32F4xx_HAL_Driver/Src/stm32f4xx_hal_rcc.o
                0x0000000008009840                HAL_RCC_GetPCLK1Freq
 .text.HAL_RCC_GetPCLK2Freq
                0x0000000008009868       0x28 ./Drivers/STM32F4xx_HAL_Driver/Src/stm32f4xx_hal_rcc.o
                0x0000000008009868                HAL_RCC_GetPCLK2Freq
 .text.HAL_SPI_Init
                0x0000000008009890      0x112 ./Drivers/STM32F4xx_HAL_Driver/Src/stm32f4xx_hal_spi.o
                0x0000000008009890                HAL_SPI_Init
 .text.HAL_SPI_Transmit
                0x00000000080099a2      0x278 ./Drivers/STM32F4xx_HAL_Driver/Src/stm32f4xx_hal_spi.o
                0x00000000080099a2                HAL_SPI_Transmit
 .text.HAL_SPI_Receive
                0x0000000008009c1a      0x222 ./Drivers/STM32F4xx_HAL_Driver/Src/stm32f4xx_hal_spi.o
                0x0000000008009c1a                HAL_SPI_Receive
 .text.HAL_SPI_TransmitReceive
                0x0000000008009e3c      0x344 ./Drivers/STM32F4xx_HAL_Driver/Src/stm32f4xx_hal_spi.o
                0x0000000008009e3c                HAL_SPI_TransmitReceive
 .text.SPI_WaitFlagStateUntilTimeout
                0x000000000800a180      0x110 ./Drivers/STM32F4xx_HAL_Driver/Src/stm32f4xx_hal_spi.o
 .text.SPI_EndRxTransaction
                0x000000000800a290       0xca ./Drivers/STM32F4xx_HAL_Driver/Src/stm32f4xx_hal_spi.o
 *fill*         0x000000000800a35a        0x2 
 .text.SPI_EndRxTxTransaction
                0x000000000800a35c       0x84 ./Drivers/STM32F4xx_HAL_Driver/Src/stm32f4xx_hal_spi.o
 .text.HAL_SRAM_Init
                0x000000000800a3e0       0x88 ./Drivers/STM32F4xx_HAL_Driver/Src/stm32f4xx_hal_sram.o
                0x000000000800a3e0                HAL_SRAM_Init
 .text.HAL_TIM_Base_Init
                0x000000000800a468       0x9e ./Drivers/STM32F4xx_HAL_Driver/Src/stm32f4xx_hal_tim.o
                0x000000000800a468                HAL_TIM_Base_Init
 *fill*         0x000000000800a506        0x2 
 .text.HAL_TIM_Base_Start
                0x000000000800a508       0xd0 ./Drivers/STM32F4xx_HAL_Driver/Src/stm32f4xx_hal_tim.o
                0x000000000800a508                HAL_TIM_Base_Start
 .text.HAL_TIM_Base_Start_IT
                0x000000000800a5d8       0xe0 ./Drivers/STM32F4xx_HAL_Driver/Src/stm32f4xx_hal_tim.o
                0x000000000800a5d8                HAL_TIM_Base_Start_IT
 .text.HAL_TIM_PWM_Init
                0x000000000800a6b8       0x9e ./Drivers/STM32F4xx_HAL_Driver/Src/stm32f4xx_hal_tim.o
                0x000000000800a6b8                HAL_TIM_PWM_Init
 .text.HAL_TIM_PWM_MspInit
                0x000000000800a756       0x14 ./Drivers/STM32F4xx_HAL_Driver/Src/stm32f4xx_hal_tim.o
                0x000000000800a756                HAL_TIM_PWM_MspInit
 .text.HAL_TIM_IRQHandler
                0x000000000800a76a      0x210 ./Drivers/STM32F4xx_HAL_Driver/Src/stm32f4xx_hal_tim.o
                0x000000000800a76a                HAL_TIM_IRQHandler
 *fill*         0x000000000800a97a        0x2 
 .text.HAL_TIM_PWM_ConfigChannel
                0x000000000800a97c      0x184 ./Drivers/STM32F4xx_HAL_Driver/Src/stm32f4xx_hal_tim.o
                0x000000000800a97c                HAL_TIM_PWM_ConfigChannel
 .text.HAL_TIM_ConfigClockSource
                0x000000000800ab00      0x18e ./Drivers/STM32F4xx_HAL_Driver/Src/stm32f4xx_hal_tim.o
                0x000000000800ab00                HAL_TIM_ConfigClockSource
 .text.HAL_TIM_OC_DelayElapsedCallback
                0x000000000800ac8e       0x14 ./Drivers/STM32F4xx_HAL_Driver/Src/stm32f4xx_hal_tim.o
                0x000000000800ac8e                HAL_TIM_OC_DelayElapsedCallback
 .text.HAL_TIM_IC_CaptureCallback
                0x000000000800aca2       0x14 ./Drivers/STM32F4xx_HAL_Driver/Src/stm32f4xx_hal_tim.o
                0x000000000800aca2                HAL_TIM_IC_CaptureCallback
 .text.HAL_TIM_PWM_PulseFinishedCallback
                0x000000000800acb6       0x14 ./Drivers/STM32F4xx_HAL_Driver/Src/stm32f4xx_hal_tim.o
                0x000000000800acb6                HAL_TIM_PWM_PulseFinishedCallback
 .text.HAL_TIM_TriggerCallback
                0x000000000800acca       0x14 ./Drivers/STM32F4xx_HAL_Driver/Src/stm32f4xx_hal_tim.o
                0x000000000800acca                HAL_TIM_TriggerCallback
 *fill*         0x000000000800acde        0x2 
 .text.TIM_Base_SetConfig
                0x000000000800ace0      0x140 ./Drivers/STM32F4xx_HAL_Driver/Src/stm32f4xx_hal_tim.o
                0x000000000800ace0                TIM_Base_SetConfig
 .text.TIM_OC1_SetConfig
                0x000000000800ae20       0xe0 ./Drivers/STM32F4xx_HAL_Driver/Src/stm32f4xx_hal_tim.o
 .text.TIM_OC2_SetConfig
                0x000000000800af00       0xec ./Drivers/STM32F4xx_HAL_Driver/Src/stm32f4xx_hal_tim.o
                0x000000000800af00                TIM_OC2_SetConfig
 .text.TIM_OC3_SetConfig
                0x000000000800afec       0xe8 ./Drivers/STM32F4xx_HAL_Driver/Src/stm32f4xx_hal_tim.o
 .text.TIM_OC4_SetConfig
                0x000000000800b0d4       0xac ./Drivers/STM32F4xx_HAL_Driver/Src/stm32f4xx_hal_tim.o
 .text.TIM_TI1_ConfigInputStage
                0x000000000800b180       0x5e ./Drivers/STM32F4xx_HAL_Driver/Src/stm32f4xx_hal_tim.o
 .text.TIM_TI2_ConfigInputStage
                0x000000000800b1de       0x60 ./Drivers/STM32F4xx_HAL_Driver/Src/stm32f4xx_hal_tim.o
 .text.TIM_ITRx_SetConfig
                0x000000000800b23e       0x36 ./Drivers/STM32F4xx_HAL_Driver/Src/stm32f4xx_hal_tim.o
 .text.TIM_ETR_SetConfig
                0x000000000800b274       0x40 ./Drivers/STM32F4xx_HAL_Driver/Src/stm32f4xx_hal_tim.o
                0x000000000800b274                TIM_ETR_SetConfig
 .text.HAL_TIMEx_MasterConfigSynchronization
                0x000000000800b2b4       0xf8 ./Drivers/STM32F4xx_HAL_Driver/Src/stm32f4xx_hal_tim_ex.o
                0x000000000800b2b4                HAL_TIMEx_MasterConfigSynchronization
 .text.HAL_TIMEx_CommutCallback
                0x000000000800b3ac       0x14 ./Drivers/STM32F4xx_HAL_Driver/Src/stm32f4xx_hal_tim_ex.o
                0x000000000800b3ac                HAL_TIMEx_CommutCallback
 .text.HAL_TIMEx_BreakCallback
                0x000000000800b3c0       0x14 ./Drivers/STM32F4xx_HAL_Driver/Src/stm32f4xx_hal_tim_ex.o
                0x000000000800b3c0                HAL_TIMEx_BreakCallback
 .text.HAL_UART_Init
                0x000000000800b3d4       0x9a ./Drivers/STM32F4xx_HAL_Driver/Src/stm32f4xx_hal_uart.o
                0x000000000800b3d4                HAL_UART_Init
 .text.HAL_UART_Transmit
                0x000000000800b46e      0x124 ./Drivers/STM32F4xx_HAL_Driver/Src/stm32f4xx_hal_uart.o
                0x000000000800b46e                HAL_UART_Transmit
 .text.HAL_UART_Receive_IT
                0x000000000800b592       0x60 ./Drivers/STM32F4xx_HAL_Driver/Src/stm32f4xx_hal_uart.o
                0x000000000800b592                HAL_UART_Receive_IT
 *fill*         0x000000000800b5f2        0x2 
 .text.HAL_UART_IRQHandler
                0x000000000800b5f4      0x51c ./Drivers/STM32F4xx_HAL_Driver/Src/stm32f4xx_hal_uart.o
                0x000000000800b5f4                HAL_UART_IRQHandler
 .text.HAL_UART_TxCpltCallback
                0x000000000800bb10       0x14 ./Drivers/STM32F4xx_HAL_Driver/Src/stm32f4xx_hal_uart.o
                0x000000000800bb10                HAL_UART_TxCpltCallback
 .text.HAL_UART_ErrorCallback
                0x000000000800bb24       0x14 ./Drivers/STM32F4xx_HAL_Driver/Src/stm32f4xx_hal_uart.o
                0x000000000800bb24                HAL_UART_ErrorCallback
 .text.HAL_UARTEx_RxEventCallback
                0x000000000800bb38       0x18 ./Drivers/STM32F4xx_HAL_Driver/Src/stm32f4xx_hal_uart.o
                0x000000000800bb38                HAL_UARTEx_RxEventCallback
 .text.UART_WaitOnFlagUntilTimeout
                0x000000000800bb50       0xdc ./Drivers/STM32F4xx_HAL_Driver/Src/stm32f4xx_hal_uart.o
 .text.UART_Start_Receive_IT
                0x000000000800bc2c       0x74 ./Drivers/STM32F4xx_HAL_Driver/Src/stm32f4xx_hal_uart.o
                0x000000000800bc2c                UART_Start_Receive_IT
 .text.UART_EndRxTransfer
                0x000000000800bca0       0xc6 ./Drivers/STM32F4xx_HAL_Driver/Src/stm32f4xx_hal_uart.o
 .text.UART_DMAAbortOnError
                0x000000000800bd66       0x28 ./Drivers/STM32F4xx_HAL_Driver/Src/stm32f4xx_hal_uart.o
 .text.UART_Transmit_IT
                0x000000000800bd8e       0xa0 ./Drivers/STM32F4xx_HAL_Driver/Src/stm32f4xx_hal_uart.o
 .text.UART_EndTransmit_IT
                0x000000000800be2e       0x30 ./Drivers/STM32F4xx_HAL_Driver/Src/stm32f4xx_hal_uart.o
 .text.UART_Receive_IT
                0x000000000800be5e      0x176 ./Drivers/STM32F4xx_HAL_Driver/Src/stm32f4xx_hal_uart.o
 .text.UART_SetConfig
                0x000000000800bfd4      0x4e8 ./Drivers/STM32F4xx_HAL_Driver/Src/stm32f4xx_hal_uart.o
 .text.FSMC_NORSRAM_Init
                0x000000000800c4bc       0xa4 ./Drivers/STM32F4xx_HAL_Driver/Src/stm32f4xx_ll_fsmc.o
                0x000000000800c4bc                FSMC_NORSRAM_Init
 .text.FSMC_NORSRAM_Timing_Init
                0x000000000800c560       0x7a ./Drivers/STM32F4xx_HAL_Driver/Src/stm32f4xx_ll_fsmc.o
                0x000000000800c560                FSMC_NORSRAM_Timing_Init
 *fill*         0x000000000800c5da        0x2 
 .text.FSMC_NORSRAM_Extended_Timing_Init
                0x000000000800c5dc       0x80 ./Drivers/STM32F4xx_HAL_Driver/Src/stm32f4xx_ll_fsmc.o
                0x000000000800c5dc                FSMC_NORSRAM_Extended_Timing_Init
 .text.__itoa   0x000000000800c65c       0x30 D:/ProgramFiles/ST/STM32CubeIDE_1.13.2/STM32CubeIDE/plugins/com.st.stm32cube.ide.mcu.externaltools.gnu-tools-for-stm32.11.3.rel1.win32_1.1.100.202309141235/tools/bin/../lib/gcc/arm-none-eabi/11.3.1/../../../../arm-none-eabi/lib/thumb/v7e-m+fp/hard\libc_nano.a(libc_a-itoa.o)
                0x000000000800c65c                __itoa
 .text.itoa     0x000000000800c68c        0x4 D:/ProgramFiles/ST/STM32CubeIDE_1.13.2/STM32CubeIDE/plugins/com.st.stm32cube.ide.mcu.externaltools.gnu-tools-for-stm32.11.3.rel1.win32_1.1.100.202309141235/tools/bin/../lib/gcc/arm-none-eabi/11.3.1/../../../../arm-none-eabi/lib/thumb/v7e-m+fp/hard\libc_nano.a(libc_a-itoa.o)
                0x000000000800c68c                itoa
 .text.rand     0x000000000800c690       0x7c D:/ProgramFiles/ST/STM32CubeIDE_1.13.2/STM32CubeIDE/plugins/com.st.stm32cube.ide.mcu.externaltools.gnu-tools-for-stm32.11.3.rel1.win32_1.1.100.202309141235/tools/bin/../lib/gcc/arm-none-eabi/11.3.1/../../../../arm-none-eabi/lib/thumb/v7e-m+fp/hard\libc_nano.a(libc_a-rand.o)
                0x000000000800c690                rand
 .text.__utoa   0x000000000800c70c       0x84 D:/ProgramFiles/ST/STM32CubeIDE_1.13.2/STM32CubeIDE/plugins/com.st.stm32cube.ide.mcu.externaltools.gnu-tools-for-stm32.11.3.rel1.win32_1.1.100.202309141235/tools/bin/../lib/gcc/arm-none-eabi/11.3.1/../../../../arm-none-eabi/lib/thumb/v7e-m+fp/hard\libc_nano.a(libc_a-utoa.o)
                0x000000000800c70c                __utoa
 .text.std      0x000000000800c790       0x6c D:/ProgramFiles/ST/STM32CubeIDE_1.13.2/STM32CubeIDE/plugins/com.st.stm32cube.ide.mcu.externaltools.gnu-tools-for-stm32.11.3.rel1.win32_1.1.100.202309141235/tools/bin/../lib/gcc/arm-none-eabi/11.3.1/../../../../arm-none-eabi/lib/thumb/v7e-m+fp/hard\libc_nano.a(libc_a-findfp.o)
 .text.stdio_exit_handler
                0x000000000800c7fc       0x18 D:/ProgramFiles/ST/STM32CubeIDE_1.13.2/STM32CubeIDE/plugins/com.st.stm32cube.ide.mcu.externaltools.gnu-tools-for-stm32.11.3.rel1.win32_1.1.100.202309141235/tools/bin/../lib/gcc/arm-none-eabi/11.3.1/../../../../arm-none-eabi/lib/thumb/v7e-m+fp/hard\libc_nano.a(libc_a-findfp.o)
 .text.cleanup_stdio
                0x000000000800c814       0x40 D:/ProgramFiles/ST/STM32CubeIDE_1.13.2/STM32CubeIDE/plugins/com.st.stm32cube.ide.mcu.externaltools.gnu-tools-for-stm32.11.3.rel1.win32_1.1.100.202309141235/tools/bin/../lib/gcc/arm-none-eabi/11.3.1/../../../../arm-none-eabi/lib/thumb/v7e-m+fp/hard\libc_nano.a(libc_a-findfp.o)
 .text.global_stdio_init.part.0
                0x000000000800c854       0x3c D:/ProgramFiles/ST/STM32CubeIDE_1.13.2/STM32CubeIDE/plugins/com.st.stm32cube.ide.mcu.externaltools.gnu-tools-for-stm32.11.3.rel1.win32_1.1.100.202309141235/tools/bin/../lib/gcc/arm-none-eabi/11.3.1/../../../../arm-none-eabi/lib/thumb/v7e-m+fp/hard\libc_nano.a(libc_a-findfp.o)
 .text.__sfp_lock_acquire
                0x000000000800c890        0xc D:/ProgramFiles/ST/STM32CubeIDE_1.13.2/STM32CubeIDE/plugins/com.st.stm32cube.ide.mcu.externaltools.gnu-tools-for-stm32.11.3.rel1.win32_1.1.100.202309141235/tools/bin/../lib/gcc/arm-none-eabi/11.3.1/../../../../arm-none-eabi/lib/thumb/v7e-m+fp/hard\libc_nano.a(libc_a-findfp.o)
                0x000000000800c890                __sfp_lock_acquire
 .text.__sfp_lock_release
                0x000000000800c89c        0xc D:/ProgramFiles/ST/STM32CubeIDE_1.13.2/STM32CubeIDE/plugins/com.st.stm32cube.ide.mcu.externaltools.gnu-tools-for-stm32.11.3.rel1.win32_1.1.100.202309141235/tools/bin/../lib/gcc/arm-none-eabi/11.3.1/../../../../arm-none-eabi/lib/thumb/v7e-m+fp/hard\libc_nano.a(libc_a-findfp.o)
                0x000000000800c89c                __sfp_lock_release
 .text.__sinit  0x000000000800c8a8       0x30 D:/ProgramFiles/ST/STM32CubeIDE_1.13.2/STM32CubeIDE/plugins/com.st.stm32cube.ide.mcu.externaltools.gnu-tools-for-stm32.11.3.rel1.win32_1.1.100.202309141235/tools/bin/../lib/gcc/arm-none-eabi/11.3.1/../../../../arm-none-eabi/lib/thumb/v7e-m+fp/hard\libc_nano.a(libc_a-findfp.o)
                0x000000000800c8a8                __sinit
 .text._fwalk_sglue
                0x000000000800c8d8       0x3c D:/ProgramFiles/ST/STM32CubeIDE_1.13.2/STM32CubeIDE/plugins/com.st.stm32cube.ide.mcu.externaltools.gnu-tools-for-stm32.11.3.rel1.win32_1.1.100.202309141235/tools/bin/../lib/gcc/arm-none-eabi/11.3.1/../../../../arm-none-eabi/lib/thumb/v7e-m+fp/hard\libc_nano.a(libc_a-fwalk.o)
                0x000000000800c8d8                _fwalk_sglue
 .text.__sread  0x000000000800c914       0x22 D:/ProgramFiles/ST/STM32CubeIDE_1.13.2/STM32CubeIDE/plugins/com.st.stm32cube.ide.mcu.externaltools.gnu-tools-for-stm32.11.3.rel1.win32_1.1.100.202309141235/tools/bin/../lib/gcc/arm-none-eabi/11.3.1/../../../../arm-none-eabi/lib/thumb/v7e-m+fp/hard\libc_nano.a(libc_a-stdio.o)
                0x000000000800c914                __sread
 .text.__swrite
                0x000000000800c936       0x38 D:/ProgramFiles/ST/STM32CubeIDE_1.13.2/STM32CubeIDE/plugins/com.st.stm32cube.ide.mcu.externaltools.gnu-tools-for-stm32.11.3.rel1.win32_1.1.100.202309141235/tools/bin/../lib/gcc/arm-none-eabi/11.3.1/../../../../arm-none-eabi/lib/thumb/v7e-m+fp/hard\libc_nano.a(libc_a-stdio.o)
                0x000000000800c936                __swrite
 .text.__sseek  0x000000000800c96e       0x24 D:/ProgramFiles/ST/STM32CubeIDE_1.13.2/STM32CubeIDE/plugins/com.st.stm32cube.ide.mcu.externaltools.gnu-tools-for-stm32.11.3.rel1.win32_1.1.100.202309141235/tools/bin/../lib/gcc/arm-none-eabi/11.3.1/../../../../arm-none-eabi/lib/thumb/v7e-m+fp/hard\libc_nano.a(libc_a-stdio.o)
                0x000000000800c96e                __sseek
 .text.__sclose
                0x000000000800c992        0x8 D:/ProgramFiles/ST/STM32CubeIDE_1.13.2/STM32CubeIDE/plugins/com.st.stm32cube.ide.mcu.externaltools.gnu-tools-for-stm32.11.3.rel1.win32_1.1.100.202309141235/tools/bin/../lib/gcc/arm-none-eabi/11.3.1/../../../../arm-none-eabi/lib/thumb/v7e-m+fp/hard\libc_nano.a(libc_a-stdio.o)
                0x000000000800c992                __sclose
 .text.memset   0x000000000800c99a       0x10 D:/ProgramFiles/ST/STM32CubeIDE_1.13.2/STM32CubeIDE/plugins/com.st.stm32cube.ide.mcu.externaltools.gnu-tools-for-stm32.11.3.rel1.win32_1.1.100.202309141235/tools/bin/../lib/gcc/arm-none-eabi/11.3.1/../../../../arm-none-eabi/lib/thumb/v7e-m+fp/hard\libc_nano.a(libc_a-memset.o)
                0x000000000800c99a                memset
 *fill*         0x000000000800c9aa        0x2 
 .text._close_r
                0x000000000800c9ac       0x20 D:/ProgramFiles/ST/STM32CubeIDE_1.13.2/STM32CubeIDE/plugins/com.st.stm32cube.ide.mcu.externaltools.gnu-tools-for-stm32.11.3.rel1.win32_1.1.100.202309141235/tools/bin/../lib/gcc/arm-none-eabi/11.3.1/../../../../arm-none-eabi/lib/thumb/v7e-m+fp/hard\libc_nano.a(libc_a-closer.o)
                0x000000000800c9ac                _close_r
 .text._lseek_r
                0x000000000800c9cc       0x24 D:/ProgramFiles/ST/STM32CubeIDE_1.13.2/STM32CubeIDE/plugins/com.st.stm32cube.ide.mcu.externaltools.gnu-tools-for-stm32.11.3.rel1.win32_1.1.100.202309141235/tools/bin/../lib/gcc/arm-none-eabi/11.3.1/../../../../arm-none-eabi/lib/thumb/v7e-m+fp/hard\libc_nano.a(libc_a-lseekr.o)
                0x000000000800c9cc                _lseek_r
 .text._read_r  0x000000000800c9f0       0x24 D:/ProgramFiles/ST/STM32CubeIDE_1.13.2/STM32CubeIDE/plugins/com.st.stm32cube.ide.mcu.externaltools.gnu-tools-for-stm32.11.3.rel1.win32_1.1.100.202309141235/tools/bin/../lib/gcc/arm-none-eabi/11.3.1/../../../../arm-none-eabi/lib/thumb/v7e-m+fp/hard\libc_nano.a(libc_a-readr.o)
                0x000000000800c9f0                _read_r
 .text._write_r
                0x000000000800ca14       0x24 D:/ProgramFiles/ST/STM32CubeIDE_1.13.2/STM32CubeIDE/plugins/com.st.stm32cube.ide.mcu.externaltools.gnu-tools-for-stm32.11.3.rel1.win32_1.1.100.202309141235/tools/bin/../lib/gcc/arm-none-eabi/11.3.1/../../../../arm-none-eabi/lib/thumb/v7e-m+fp/hard\libc_nano.a(libc_a-writer.o)
                0x000000000800ca14                _write_r
 .text.__errno  0x000000000800ca38        0xc D:/ProgramFiles/ST/STM32CubeIDE_1.13.2/STM32CubeIDE/plugins/com.st.stm32cube.ide.mcu.externaltools.gnu-tools-for-stm32.11.3.rel1.win32_1.1.100.202309141235/tools/bin/../lib/gcc/arm-none-eabi/11.3.1/../../../../arm-none-eabi/lib/thumb/v7e-m+fp/hard\libc_nano.a(libc_a-errno.o)
                0x000000000800ca38                __errno
 .text.__libc_init_array
                0x000000000800ca44       0x48 D:/ProgramFiles/ST/STM32CubeIDE_1.13.2/STM32CubeIDE/plugins/com.st.stm32cube.ide.mcu.externaltools.gnu-tools-for-stm32.11.3.rel1.win32_1.1.100.202309141235/tools/bin/../lib/gcc/arm-none-eabi/11.3.1/../../../../arm-none-eabi/lib/thumb/v7e-m+fp/hard\libc_nano.a(libc_a-init.o)
                0x000000000800ca44                __libc_init_array
 .text.__retarget_lock_init_recursive
                0x000000000800ca8c        0x2 D:/ProgramFiles/ST/STM32CubeIDE_1.13.2/STM32CubeIDE/plugins/com.st.stm32cube.ide.mcu.externaltools.gnu-tools-for-stm32.11.3.rel1.win32_1.1.100.202309141235/tools/bin/../lib/gcc/arm-none-eabi/11.3.1/../../../../arm-none-eabi/lib/thumb/v7e-m+fp/hard\libc_nano.a(libc_a-lock.o)
                0x000000000800ca8c                __retarget_lock_init_recursive
 .text.__retarget_lock_acquire_recursive
                0x000000000800ca8e        0x2 D:/ProgramFiles/ST/STM32CubeIDE_1.13.2/STM32CubeIDE/plugins/com.st.stm32cube.ide.mcu.externaltools.gnu-tools-for-stm32.11.3.rel1.win32_1.1.100.202309141235/tools/bin/../lib/gcc/arm-none-eabi/11.3.1/../../../../arm-none-eabi/lib/thumb/v7e-m+fp/hard\libc_nano.a(libc_a-lock.o)
                0x000000000800ca8e                __retarget_lock_acquire_recursive
 .text.__retarget_lock_release_recursive
                0x000000000800ca90        0x2 D:/ProgramFiles/ST/STM32CubeIDE_1.13.2/STM32CubeIDE/plugins/com.st.stm32cube.ide.mcu.externaltools.gnu-tools-for-stm32.11.3.rel1.win32_1.1.100.202309141235/tools/bin/../lib/gcc/arm-none-eabi/11.3.1/../../../../arm-none-eabi/lib/thumb/v7e-m+fp/hard\libc_nano.a(libc_a-lock.o)
                0x000000000800ca90                __retarget_lock_release_recursive
 .text.strcpy   0x000000000800ca92       0x10 D:/ProgramFiles/ST/STM32CubeIDE_1.13.2/STM32CubeIDE/plugins/com.st.stm32cube.ide.mcu.externaltools.gnu-tools-for-stm32.11.3.rel1.win32_1.1.100.202309141235/tools/bin/../lib/gcc/arm-none-eabi/11.3.1/../../../../arm-none-eabi/lib/thumb/v7e-m+fp/hard\libc_nano.a(libc_a-strcpy.o)
                0x000000000800ca92                strcpy
 *fill*         0x000000000800caa2        0x2 
 .text.__assert_func
                0x000000000800caa4       0x3c D:/ProgramFiles/ST/STM32CubeIDE_1.13.2/STM32CubeIDE/plugins/com.st.stm32cube.ide.mcu.externaltools.gnu-tools-for-stm32.11.3.rel1.win32_1.1.100.202309141235/tools/bin/../lib/gcc/arm-none-eabi/11.3.1/../../../../arm-none-eabi/lib/thumb/v7e-m+fp/hard\libc_nano.a(libc_a-assert.o)
                0x000000000800caa4                __assert_func
 .text._free_r  0x000000000800cae0       0x98 D:/ProgramFiles/ST/STM32CubeIDE_1.13.2/STM32CubeIDE/plugins/com.st.stm32cube.ide.mcu.externaltools.gnu-tools-for-stm32.11.3.rel1.win32_1.1.100.202309141235/tools/bin/../lib/gcc/arm-none-eabi/11.3.1/../../../../arm-none-eabi/lib/thumb/v7e-m+fp/hard\libc_nano.a(libc_a-freer.o)
                0x000000000800cae0                _free_r
 .text.malloc   0x000000000800cb78       0x10 D:/ProgramFiles/ST/STM32CubeIDE_1.13.2/STM32CubeIDE/plugins/com.st.stm32cube.ide.mcu.externaltools.gnu-tools-for-stm32.11.3.rel1.win32_1.1.100.202309141235/tools/bin/../lib/gcc/arm-none-eabi/11.3.1/../../../../arm-none-eabi/lib/thumb/v7e-m+fp/hard\libc_nano.a(libc_a-malloc.o)
                0x000000000800cb78                malloc
 .text.sbrk_aligned
                0x000000000800cb88       0x40 D:/ProgramFiles/ST/STM32CubeIDE_1.13.2/STM32CubeIDE/plugins/com.st.stm32cube.ide.mcu.externaltools.gnu-tools-for-stm32.11.3.rel1.win32_1.1.100.202309141235/tools/bin/../lib/gcc/arm-none-eabi/11.3.1/../../../../arm-none-eabi/lib/thumb/v7e-m+fp/hard\libc_nano.a(libc_a-mallocr.o)
 .text._malloc_r
                0x000000000800cbc8      0x100 D:/ProgramFiles/ST/STM32CubeIDE_1.13.2/STM32CubeIDE/plugins/com.st.stm32cube.ide.mcu.externaltools.gnu-tools-for-stm32.11.3.rel1.win32_1.1.100.202309141235/tools/bin/../lib/gcc/arm-none-eabi/11.3.1/../../../../arm-none-eabi/lib/thumb/v7e-m+fp/hard\libc_nano.a(libc_a-mallocr.o)
                0x000000000800cbc8                _malloc_r
 .text.__malloc_lock
                0x000000000800ccc8        0xc D:/ProgramFiles/ST/STM32CubeIDE_1.13.2/STM32CubeIDE/plugins/com.st.stm32cube.ide.mcu.externaltools.gnu-tools-for-stm32.11.3.rel1.win32_1.1.100.202309141235/tools/bin/../lib/gcc/arm-none-eabi/11.3.1/../../../../arm-none-eabi/lib/thumb/v7e-m+fp/hard\libc_nano.a(libc_a-mlock.o)
                0x000000000800ccc8                __malloc_lock
 .text.__malloc_unlock
                0x000000000800ccd4        0xc D:/ProgramFiles/ST/STM32CubeIDE_1.13.2/STM32CubeIDE/plugins/com.st.stm32cube.ide.mcu.externaltools.gnu-tools-for-stm32.11.3.rel1.win32_1.1.100.202309141235/tools/bin/../lib/gcc/arm-none-eabi/11.3.1/../../../../arm-none-eabi/lib/thumb/v7e-m+fp/hard\libc_nano.a(libc_a-mlock.o)
                0x000000000800ccd4                __malloc_unlock
 .text._printf_common
                0x000000000800cce0       0xda D:/ProgramFiles/ST/STM32CubeIDE_1.13.2/STM32CubeIDE/plugins/com.st.stm32cube.ide.mcu.externaltools.gnu-tools-for-stm32.11.3.rel1.win32_1.1.100.202309141235/tools/bin/../lib/gcc/arm-none-eabi/11.3.1/../../../../arm-none-eabi/lib/thumb/v7e-m+fp/hard\libc_nano.a(libc_a-nano-vfprintf_i.o)
                0x000000000800cce0                _printf_common
 *fill*         0x000000000800cdba        0x2 
 .text._printf_i
                0x000000000800cdbc      0x244 D:/ProgramFiles/ST/STM32CubeIDE_1.13.2/STM32CubeIDE/plugins/com.st.stm32cube.ide.mcu.externaltools.gnu-tools-for-stm32.11.3.rel1.win32_1.1.100.202309141235/tools/bin/../lib/gcc/arm-none-eabi/11.3.1/../../../../arm-none-eabi/lib/thumb/v7e-m+fp/hard\libc_nano.a(libc_a-nano-vfprintf_i.o)
                0x000000000800cdbc                _printf_i
 .text.__sflush_r
                0x000000000800d000      0x10c D:/ProgramFiles/ST/STM32CubeIDE_1.13.2/STM32CubeIDE/plugins/com.st.stm32cube.ide.mcu.externaltools.gnu-tools-for-stm32.11.3.rel1.win32_1.1.100.202309141235/tools/bin/../lib/gcc/arm-none-eabi/11.3.1/../../../../arm-none-eabi/lib/thumb/v7e-m+fp/hard\libc_nano.a(libc_a-fflush.o)
                0x000000000800d000                __sflush_r
 .text._fflush_r
                0x000000000800d10c       0x50 D:/ProgramFiles/ST/STM32CubeIDE_1.13.2/STM32CubeIDE/plugins/com.st.stm32cube.ide.mcu.externaltools.gnu-tools-for-stm32.11.3.rel1.win32_1.1.100.202309141235/tools/bin/../lib/gcc/arm-none-eabi/11.3.1/../../../../arm-none-eabi/lib/thumb/v7e-m+fp/hard\libc_nano.a(libc_a-fflush.o)
                0x000000000800d10c                _fflush_r
 .text.fprintf  0x000000000800d15c       0x24 D:/ProgramFiles/ST/STM32CubeIDE_1.13.2/STM32CubeIDE/plugins/com.st.stm32cube.ide.mcu.externaltools.gnu-tools-for-stm32.11.3.rel1.win32_1.1.100.202309141235/tools/bin/../lib/gcc/arm-none-eabi/11.3.1/../../../../arm-none-eabi/lib/thumb/v7e-m+fp/hard\libc_nano.a(libc_a-fprintf.o)
                0x000000000800d15c                fiprintf
                0x000000000800d15c                fprintf
 .text._sbrk_r  0x000000000800d180       0x20 D:/ProgramFiles/ST/STM32CubeIDE_1.13.2/STM32CubeIDE/plugins/com.st.stm32cube.ide.mcu.externaltools.gnu-tools-for-stm32.11.3.rel1.win32_1.1.100.202309141235/tools/bin/../lib/gcc/arm-none-eabi/11.3.1/../../../../arm-none-eabi/lib/thumb/v7e-m+fp/hard\libc_nano.a(libc_a-sbrkr.o)
                0x000000000800d180                _sbrk_r
 .text.abort    0x000000000800d1a0        0xe D:/ProgramFiles/ST/STM32CubeIDE_1.13.2/STM32CubeIDE/plugins/com.st.stm32cube.ide.mcu.externaltools.gnu-tools-for-stm32.11.3.rel1.win32_1.1.100.202309141235/tools/bin/../lib/gcc/arm-none-eabi/11.3.1/../../../../arm-none-eabi/lib/thumb/v7e-m+fp/hard\libc_nano.a(libc_a-abort.o)
                0x000000000800d1a0                abort
 .text.__sfputc_r
                0x000000000800d1ae       0x2e D:/ProgramFiles/ST/STM32CubeIDE_1.13.2/STM32CubeIDE/plugins/com.st.stm32cube.ide.mcu.externaltools.gnu-tools-for-stm32.11.3.rel1.win32_1.1.100.202309141235/tools/bin/../lib/gcc/arm-none-eabi/11.3.1/../../../../arm-none-eabi/lib/thumb/v7e-m+fp/hard\libc_nano.a(libc_a-nano-vfprintf.o)
 .text.__sfputs_r
                0x000000000800d1dc       0x24 D:/ProgramFiles/ST/STM32CubeIDE_1.13.2/STM32CubeIDE/plugins/com.st.stm32cube.ide.mcu.externaltools.gnu-tools-for-stm32.11.3.rel1.win32_1.1.100.202309141235/tools/bin/../lib/gcc/arm-none-eabi/11.3.1/../../../../arm-none-eabi/lib/thumb/v7e-m+fp/hard\libc_nano.a(libc_a-nano-vfprintf.o)
                0x000000000800d1dc                __sfputs_r
 .text._vfprintf_r
                0x000000000800d200      0x234 D:/ProgramFiles/ST/STM32CubeIDE_1.13.2/STM32CubeIDE/plugins/com.st.stm32cube.ide.mcu.externaltools.gnu-tools-for-stm32.11.3.rel1.win32_1.1.100.202309141235/tools/bin/../lib/gcc/arm-none-eabi/11.3.1/../../../../arm-none-eabi/lib/thumb/v7e-m+fp/hard\libc_nano.a(libc_a-nano-vfprintf.o)
                0x000000000800d200                _vfprintf_r
                0x000000000800d200                _vfiprintf_r
 .text.__swbuf_r
                0x000000000800d434       0x7a D:/ProgramFiles/ST/STM32CubeIDE_1.13.2/STM32CubeIDE/plugins/com.st.stm32cube.ide.mcu.externaltools.gnu-tools-for-stm32.11.3.rel1.win32_1.1.100.202309141235/tools/bin/../lib/gcc/arm-none-eabi/11.3.1/../../../../arm-none-eabi/lib/thumb/v7e-m+fp/hard\libc_nano.a(libc_a-wbuf.o)
                0x000000000800d434                __swbuf_r
 *fill*         0x000000000800d4ae        0x2 
 .text.__swsetup_r
                0x000000000800d4b0       0xb0 D:/ProgramFiles/ST/STM32CubeIDE_1.13.2/STM32CubeIDE/plugins/com.st.stm32cube.ide.mcu.externaltools.gnu-tools-for-stm32.11.3.rel1.win32_1.1.100.202309141235/tools/bin/../lib/gcc/arm-none-eabi/11.3.1/../../../../arm-none-eabi/lib/thumb/v7e-m+fp/hard\libc_nano.a(libc_a-wsetup.o)
                0x000000000800d4b0                __swsetup_r
 .text._raise_r
                0x000000000800d560       0x50 D:/ProgramFiles/ST/STM32CubeIDE_1.13.2/STM32CubeIDE/plugins/com.st.stm32cube.ide.mcu.externaltools.gnu-tools-for-stm32.11.3.rel1.win32_1.1.100.202309141235/tools/bin/../lib/gcc/arm-none-eabi/11.3.1/../../../../arm-none-eabi/lib/thumb/v7e-m+fp/hard\libc_nano.a(libc_a-signal.o)
                0x000000000800d560                _raise_r
 .text.raise    0x000000000800d5b0       0x10 D:/ProgramFiles/ST/STM32CubeIDE_1.13.2/STM32CubeIDE/plugins/com.st.stm32cube.ide.mcu.externaltools.gnu-tools-for-stm32.11.3.rel1.win32_1.1.100.202309141235/tools/bin/../lib/gcc/arm-none-eabi/11.3.1/../../../../arm-none-eabi/lib/thumb/v7e-m+fp/hard\libc_nano.a(libc_a-signal.o)
                0x000000000800d5b0                raise
 .text._kill_r  0x000000000800d5c0       0x24 D:/ProgramFiles/ST/STM32CubeIDE_1.13.2/STM32CubeIDE/plugins/com.st.stm32cube.ide.mcu.externaltools.gnu-tools-for-stm32.11.3.rel1.win32_1.1.100.202309141235/tools/bin/../lib/gcc/arm-none-eabi/11.3.1/../../../../arm-none-eabi/lib/thumb/v7e-m+fp/hard\libc_nano.a(libc_a-signalr.o)
                0x000000000800d5c0                _kill_r
 .text._getpid_r
                0x000000000800d5e4        0x4 D:/ProgramFiles/ST/STM32CubeIDE_1.13.2/STM32CubeIDE/plugins/com.st.stm32cube.ide.mcu.externaltools.gnu-tools-for-stm32.11.3.rel1.win32_1.1.100.202309141235/tools/bin/../lib/gcc/arm-none-eabi/11.3.1/../../../../arm-none-eabi/lib/thumb/v7e-m+fp/hard\libc_nano.a(libc_a-signalr.o)
                0x000000000800d5e4                _getpid_r
 .text.__swhatbuf_r
                0x000000000800d5e8       0x4c D:/ProgramFiles/ST/STM32CubeIDE_1.13.2/STM32CubeIDE/plugins/com.st.stm32cube.ide.mcu.externaltools.gnu-tools-for-stm32.11.3.rel1.win32_1.1.100.202309141235/tools/bin/../lib/gcc/arm-none-eabi/11.3.1/../../../../arm-none-eabi/lib/thumb/v7e-m+fp/hard\libc_nano.a(libc_a-makebuf.o)
                0x000000000800d5e8                __swhatbuf_r
 .text.__smakebuf_r
                0x000000000800d634       0x78 D:/ProgramFiles/ST/STM32CubeIDE_1.13.2/STM32CubeIDE/plugins/com.st.stm32cube.ide.mcu.externaltools.gnu-tools-for-stm32.11.3.rel1.win32_1.1.100.202309141235/tools/bin/../lib/gcc/arm-none-eabi/11.3.1/../../../../arm-none-eabi/lib/thumb/v7e-m+fp/hard\libc_nano.a(libc_a-makebuf.o)
                0x000000000800d634                __smakebuf_r
 .text._fstat_r
                0x000000000800d6ac       0x24 D:/ProgramFiles/ST/STM32CubeIDE_1.13.2/STM32CubeIDE/plugins/com.st.stm32cube.ide.mcu.externaltools.gnu-tools-for-stm32.11.3.rel1.win32_1.1.100.202309141235/tools/bin/../lib/gcc/arm-none-eabi/11.3.1/../../../../arm-none-eabi/lib/thumb/v7e-m+fp/hard\libc_nano.a(libc_a-fstatr.o)
                0x000000000800d6ac                _fstat_r
 .text._isatty_r
                0x000000000800d6d0       0x20 D:/ProgramFiles/ST/STM32CubeIDE_1.13.2/STM32CubeIDE/plugins/com.st.stm32cube.ide.mcu.externaltools.gnu-tools-for-stm32.11.3.rel1.win32_1.1.100.202309141235/tools/bin/../lib/gcc/arm-none-eabi/11.3.1/../../../../arm-none-eabi/lib/thumb/v7e-m+fp/hard\libc_nano.a(libc_a-isattyr.o)
                0x000000000800d6d0                _isatty_r
 .text.pow      0x000000000800d6f0       0xe0 D:/ProgramFiles/ST/STM32CubeIDE_1.13.2/STM32CubeIDE/plugins/com.st.stm32cube.ide.mcu.externaltools.gnu-tools-for-stm32.11.3.rel1.win32_1.1.100.202309141235/tools/bin/../lib/gcc/arm-none-eabi/11.3.1/../../../../arm-none-eabi/lib/thumb/v7e-m+fp/hard\libm.a(libm_a-w_pow.o)
                0x000000000800d6f0                pow
 .text.sqrt     0x000000000800d7d0       0x58 D:/ProgramFiles/ST/STM32CubeIDE_1.13.2/STM32CubeIDE/plugins/com.st.stm32cube.ide.mcu.externaltools.gnu-tools-for-stm32.11.3.rel1.win32_1.1.100.202309141235/tools/bin/../lib/gcc/arm-none-eabi/11.3.1/../../../../arm-none-eabi/lib/thumb/v7e-m+fp/hard\libm.a(libm_a-w_sqrt.o)
                0x000000000800d7d0                sqrt
 .text.finite   0x000000000800d828       0x16 D:/ProgramFiles/ST/STM32CubeIDE_1.13.2/STM32CubeIDE/plugins/com.st.stm32cube.ide.mcu.externaltools.gnu-tools-for-stm32.11.3.rel1.win32_1.1.100.202309141235/tools/bin/../lib/gcc/arm-none-eabi/11.3.1/../../../../arm-none-eabi/lib/thumb/v7e-m+fp/hard\libm.a(libm_a-s_finite.o)
                0x000000000800d828                finite
 *fill*         0x000000000800d83e        0x2 
 .text.__ieee754_sqrt
                0x000000000800d840      0x1b4 D:/ProgramFiles/ST/STM32CubeIDE_1.13.2/STM32CubeIDE/plugins/com.st.stm32cube.ide.mcu.externaltools.gnu-tools-for-stm32.11.3.rel1.win32_1.1.100.202309141235/tools/bin/../lib/gcc/arm-none-eabi/11.3.1/../../../../arm-none-eabi/lib/thumb/v7e-m+fp/hard\libm.a(libm_a-e_sqrt.o)
                0x000000000800d840                __ieee754_sqrt
 *fill*         0x000000000800d9f4        0x4 
 .text.__ieee754_pow
                0x000000000800d9f8      0xa54 D:/ProgramFiles/ST/STM32CubeIDE_1.13.2/STM32CubeIDE/plugins/com.st.stm32cube.ide.mcu.externaltools.gnu-tools-for-stm32.11.3.rel1.win32_1.1.100.202309141235/tools/bin/../lib/gcc/arm-none-eabi/11.3.1/../../../../arm-none-eabi/lib/thumb/v7e-m+fp/hard\libm.a(libm_a-e_pow.o)
                0x000000000800d9f8                __ieee754_pow
 .text.fabs     0x000000000800e44c       0x12 D:/ProgramFiles/ST/STM32CubeIDE_1.13.2/STM32CubeIDE/plugins/com.st.stm32cube.ide.mcu.externaltools.gnu-tools-for-stm32.11.3.rel1.win32_1.1.100.202309141235/tools/bin/../lib/gcc/arm-none-eabi/11.3.1/../../../../arm-none-eabi/lib/thumb/v7e-m+fp/hard\libm.a(libm_a-s_fabs.o)
                0x000000000800e44c                fabs
 *fill*         0x000000000800e45e        0x2 
 .text.scalbn   0x000000000800e460       0xfc D:/ProgramFiles/ST/STM32CubeIDE_1.13.2/STM32CubeIDE/plugins/com.st.stm32cube.ide.mcu.externaltools.gnu-tools-for-stm32.11.3.rel1.win32_1.1.100.202309141235/tools/bin/../lib/gcc/arm-none-eabi/11.3.1/../../../../arm-none-eabi/lib/thumb/v7e-m+fp/hard\libm.a(libm_a-s_scalbn.o)
                0x000000000800e460                scalbn
 .text.with_errno
                0x000000000800e55c       0x14 D:/ProgramFiles/ST/STM32CubeIDE_1.13.2/STM32CubeIDE/plugins/com.st.stm32cube.ide.mcu.externaltools.gnu-tools-for-stm32.11.3.rel1.win32_1.1.100.202309141235/tools/bin/../lib/gcc/arm-none-eabi/11.3.1/../../../../arm-none-eabi/lib/thumb/v7e-m+fp/hard\libm.a(libm_a-math_err.o)
 .text.xflow    0x000000000800e570       0x28 D:/ProgramFiles/ST/STM32CubeIDE_1.13.2/STM32CubeIDE/plugins/com.st.stm32cube.ide.mcu.externaltools.gnu-tools-for-stm32.11.3.rel1.win32_1.1.100.202309141235/tools/bin/../lib/gcc/arm-none-eabi/11.3.1/../../../../arm-none-eabi/lib/thumb/v7e-m+fp/hard\libm.a(libm_a-math_err.o)
 .text.__math_uflow
                0x000000000800e598       0x12 D:/ProgramFiles/ST/STM32CubeIDE_1.13.2/STM32CubeIDE/plugins/com.st.stm32cube.ide.mcu.externaltools.gnu-tools-for-stm32.11.3.rel1.win32_1.1.100.202309141235/tools/bin/../lib/gcc/arm-none-eabi/11.3.1/../../../../arm-none-eabi/lib/thumb/v7e-m+fp/hard\libm.a(libm_a-math_err.o)
                0x000000000800e598                __math_uflow
 .text.__math_oflow
                0x000000000800e5aa       0x12 D:/ProgramFiles/ST/STM32CubeIDE_1.13.2/STM32CubeIDE/plugins/com.st.stm32cube.ide.mcu.externaltools.gnu-tools-for-stm32.11.3.rel1.win32_1.1.100.202309141235/tools/bin/../lib/gcc/arm-none-eabi/11.3.1/../../../../arm-none-eabi/lib/thumb/v7e-m+fp/hard\libm.a(libm_a-math_err.o)
                0x000000000800e5aa                __math_oflow
 *(.glue_7)
 .glue_7        0x000000000800e5bc        0x0 linker stubs
 *(.glue_7t)
 .glue_7t       0x000000000800e5bc        0x0 linker stubs
 *(.eh_frame)
 .eh_frame      0x000000000800e5bc        0x0 D:/ProgramFiles/ST/STM32CubeIDE_1.13.2/STM32CubeIDE/plugins/com.st.stm32cube.ide.mcu.externaltools.gnu-tools-for-stm32.11.3.rel1.win32_1.1.100.202309141235/tools/bin/../lib/gcc/arm-none-eabi/11.3.1/thumb/v7e-m+fp/hard/crtbegin.o
 *(.init)
 .init          0x000000000800e5bc        0x4 D:/ProgramFiles/ST/STM32CubeIDE_1.13.2/STM32CubeIDE/plugins/com.st.stm32cube.ide.mcu.externaltools.gnu-tools-for-stm32.11.3.rel1.win32_1.1.100.202309141235/tools/bin/../lib/gcc/arm-none-eabi/11.3.1/thumb/v7e-m+fp/hard/crti.o
                0x000000000800e5bc                _init
 .init          0x000000000800e5c0        0x8 D:/ProgramFiles/ST/STM32CubeIDE_1.13.2/STM32CubeIDE/plugins/com.st.stm32cube.ide.mcu.externaltools.gnu-tools-for-stm32.11.3.rel1.win32_1.1.100.202309141235/tools/bin/../lib/gcc/arm-none-eabi/11.3.1/thumb/v7e-m+fp/hard/crtn.o
 *(.fini)
 .fini          0x000000000800e5c8        0x4 D:/ProgramFiles/ST/STM32CubeIDE_1.13.2/STM32CubeIDE/plugins/com.st.stm32cube.ide.mcu.externaltools.gnu-tools-for-stm32.11.3.rel1.win32_1.1.100.202309141235/tools/bin/../lib/gcc/arm-none-eabi/11.3.1/thumb/v7e-m+fp/hard/crti.o
                0x000000000800e5c8                _fini
 .fini          0x000000000800e5cc        0x8 D:/ProgramFiles/ST/STM32CubeIDE_1.13.2/STM32CubeIDE/plugins/com.st.stm32cube.ide.mcu.externaltools.gnu-tools-for-stm32.11.3.rel1.win32_1.1.100.202309141235/tools/bin/../lib/gcc/arm-none-eabi/11.3.1/thumb/v7e-m+fp/hard/crtn.o
                0x000000000800e5d4                . = ALIGN (0x4)
                0x000000000800e5d4                _etext = .

.vfp11_veneer   0x000000000800e5d4        0x0
 .vfp11_veneer  0x000000000800e5d4        0x0 linker stubs

.v4_bx          0x000000000800e5d4        0x0
 .v4_bx         0x000000000800e5d4        0x0 linker stubs

.iplt           0x000000000800e5d4        0x0
 .iplt          0x000000000800e5d4        0x0 D:/ProgramFiles/ST/STM32CubeIDE_1.13.2/STM32CubeIDE/plugins/com.st.stm32cube.ide.mcu.externaltools.gnu-tools-for-stm32.11.3.rel1.win32_1.1.100.202309141235/tools/bin/../lib/gcc/arm-none-eabi/11.3.1/thumb/v7e-m+fp/hard/crtbegin.o

.rodata         0x000000000800e5d8    0xdb670
                0x000000000800e5d8                . = ALIGN (0x4)
 *(.rodata)
 .rodata        0x000000000800e5d8       0xa4 ./Core/Src/interface.o
 .rodata        0x000000000800e67c       0xe0 ./Core/Src/touch.o
 *(.rodata*)
 .rodata.ascii_1206
                0x000000000800e75c      0x474 ./Core/Src/lcd.o
                0x000000000800e75c                ascii_1206
 .rodata.ascii_1608
                0x000000000800ebd0      0x5f0 ./Core/Src/lcd.o
                0x000000000800ebd0                ascii_1608
 .rodata.ascii_2412
                0x000000000800f1c0     0x11d0 ./Core/Src/lcd.o
                0x000000000800f1c0                ascii_2412
 .rodata.ascii_3216
                0x0000000008010390     0x17c0 ./Core/Src/lcd.o
                0x0000000008010390                ascii_3216
 .rodata.gImage_home
                0x0000000008011b50    0x25800 ./Core/Src/picture.o
                0x0000000008011b50                gImage_home
 .rodata.gImage_backg
                0x0000000008037350    0x25800 ./Core/Src/picture.o
                0x0000000008037350                gImage_backg
 .rodata.gImage_mode
                0x000000000805cb50     0x9240 ./Core/Src/picture.o
                0x000000000805cb50                gImage_mode
 .rodata.gImage_highscore
                0x0000000008065d90     0x97e0 ./Core/Src/picture.o
                0x0000000008065d90                gImage_highscore
 .rodata.gImage_pause
                0x000000000806f570     0x9d80 ./Core/Src/picture.o
                0x000000000806f570                gImage_pause
 .rodata.gImage_gameover
                0x00000000080792f0    0x25800 ./Core/Src/picture.o
                0x00000000080792f0                gImage_gameover
 .rodata.gImage_youwin
                0x000000000809eaf0    0x25800 ./Core/Src/picture.o
                0x000000000809eaf0                gImage_youwin
 .rodata.gImage_select
                0x00000000080c42f0    0x25800 ./Core/Src/picture.o
                0x00000000080c42f0                gImage_select
 .rodata.AHBPrescTable
                0x00000000080e9af0       0x10 ./Core/Src/system_stm32f4xx.o
                0x00000000080e9af0                AHBPrescTable
 .rodata.APBPrescTable
                0x00000000080e9b00        0x8 ./Core/Src/system_stm32f4xx.o
                0x00000000080e9b00                APBPrescTable
 .rodata.flagBitshiftOffset.0
                0x00000000080e9b08        0x8 ./Drivers/STM32F4xx_HAL_Driver/Src/stm32f4xx_hal_dma.o
 .rodata.srand.str1.1
                0x00000000080e9b10       0x6f D:/ProgramFiles/ST/STM32CubeIDE_1.13.2/STM32CubeIDE/plugins/com.st.stm32cube.ide.mcu.externaltools.gnu-tools-for-stm32.11.3.rel1.win32_1.1.100.202309141235/tools/bin/../lib/gcc/arm-none-eabi/11.3.1/../../../../arm-none-eabi/lib/thumb/v7e-m+fp/hard\libc_nano.a(libc_a-rand.o)
 .rodata.__utoa.str1.1