Archive member included to satisfy reference by file (symbol)

C:/ST/STM32CubeIDE_1.7.0/STM32CubeIDE/plugins/com.st.stm32cube.ide.mcu.externaltools.gnu-tools-for-stm32.11.3.rel1.win32_1.1.100.202309141235/tools/bin/../lib/gcc/arm-none-eabi/11.3.1/../../../../arm-none-eabi/lib/thumb/v7e-m+fp/hard\libc_nano.a(libc_a-exit.o)
                              C:/ST/STM32CubeIDE_1.7.0/STM32CubeIDE/plugins/com.st.stm32cube.ide.mcu.externaltools.gnu-tools-for-stm32.11.3.rel1.win32_1.1.100.202309141235/tools/bin/../lib/gcc/arm-none-eabi/11.3.1/../../../../arm-none-eabi/lib/thumb/v7e-m+fp/hard/crt0.o (exit)
C:/ST/STM32CubeIDE_1.7.0/STM32CubeIDE/plugins/com.st.stm32cube.ide.mcu.externaltools.gnu-tools-for-stm32.11.3.rel1.win32_1.1.100.202309141235/tools/bin/../lib/gcc/arm-none-eabi/11.3.1/../../../../arm-none-eabi/lib/thumb/v7e-m+fp/hard\libc_nano.a(libc_a-itoa.o)
                              ./Core/Src/interface.o (itoa)
C:/ST/STM32CubeIDE_1.7.0/STM32CubeIDE/plugins/com.st.stm32cube.ide.mcu.externaltools.gnu-tools-for-stm32.11.3.rel1.win32_1.1.100.202309141235/tools/bin/../lib/gcc/arm-none-eabi/11.3.1/../../../../arm-none-eabi/lib/thumb/v7e-m+fp/hard\libc_nano.a(libc_a-utoa.o)
                              C:/ST/STM32CubeIDE_1.7.0/STM32CubeIDE/plugins/com.st.stm32cube.ide.mcu.externaltools.gnu-tools-for-stm32.11.3.rel1.win32_1.1.100.202309141235/tools/bin/../lib/gcc/arm-none-eabi/11.3.1/../../../../arm-none-eabi/lib/thumb/v7e-m+fp/hard\libc_nano.a(libc_a-itoa.o) (__utoa)
C:/ST/STM32CubeIDE_1.7.0/STM32CubeIDE/plugins/com.st.stm32cube.ide.mcu.externaltools.gnu-tools-for-stm32.11.3.rel1.win32_1.1.100.202309141235/tools/bin/../lib/gcc/arm-none-eabi/11.3.1/../../../../arm-none-eabi/lib/thumb/v7e-m+fp/hard\libc_nano.a(libc_a-findfp.o)
                              C:/ST/STM32CubeIDE_1.7.0/STM32CubeIDE/plugins/com.st.stm32cube.ide.mcu.externaltools.gnu-tools-for-stm32.11.3.rel1.win32_1.1.100.202309141235/tools/bin/../lib/gcc/arm-none-eabi/11.3.1/../../../../arm-none-eabi/lib/thumb/v7e-m+fp/hard\libc_nano.a(libc_a-exit.o) (__stdio_exit_handler)
C:/ST/STM32CubeIDE_1.7.0/STM32CubeIDE/plugins/com.st.stm32cube.ide.mcu.externaltools.gnu-tools-for-stm32.11.3.rel1.win32_1.1.100.202309141235/tools/bin/../lib/gcc/arm-none-eabi/11.3.1/../../../../arm-none-eabi/lib/thumb/v7e-m+fp/hard\libc_nano.a(libc_a-fwalk.o)
                              C:/ST/STM32CubeIDE_1.7.0/STM32CubeIDE/plugins/com.st.stm32cube.ide.mcu.externaltools.gnu-tools-for-stm32.11.3.rel1.win32_1.1.100.202309141235/tools/bin/../lib/gcc/arm-none-eabi/11.3.1/../../../../arm-none-eabi/lib/thumb/v7e-m+fp/hard\libc_nano.a(libc_a-findfp.o) (_fwalk_sglue)
C:/ST/STM32CubeIDE_1.7.0/STM32CubeIDE/plugins/com.st.stm32cube.ide.mcu.externaltools.gnu-tools-for-stm32.11.3.rel1.win32_1.1.100.202309141235/tools/bin/../lib/gcc/arm-none-eabi/11.3.1/../../../../arm-none-eabi/lib/thumb/v7e-m+fp/hard\libc_nano.a(libc_a-sprintf.o)
                              ./Core/Src/uart.o (sprintf)
C:/ST/STM32CubeIDE_1.7.0/STM32CubeIDE/plugins/com.st.stm32cube.ide.mcu.externaltools.gnu-tools-for-stm32.11.3.rel1.win32_1.1.100.202309141235/tools/bin/../lib/gcc/arm-none-eabi/11.3.1/../../../../arm-none-eabi/lib/thumb/v7e-m+fp/hard\libc_nano.a(libc_a-stdio.o)
                              C:/ST/STM32CubeIDE_1.7.0/STM32CubeIDE/plugins/com.st.stm32cube.ide.mcu.externaltools.gnu-tools-for-stm32.11.3.rel1.win32_1.1.100.202309141235/tools/bin/../lib/gcc/arm-none-eabi/11.3.1/../../../../arm-none-eabi/lib/thumb/v7e-m+fp/hard\libc_nano.a(libc_a-findfp.o) (__sread)
C:/ST/STM32CubeIDE_1.7.0/STM32CubeIDE/plugins/com.st.stm32cube.ide.mcu.externaltools.gnu-tools-for-stm32.11.3.rel1.win32_1.1.100.202309141235/tools/bin/../lib/gcc/arm-none-eabi/11.3.1/../../../../arm-none-eabi/lib/thumb/v7e-m+fp/hard\libc_nano.a(libc_a-memset.o)
                              C:/ST/STM32CubeIDE_1.7.0/STM32CubeIDE/plugins/com.st.stm32cube.ide.mcu.externaltools.gnu-tools-for-stm32.11.3.rel1.win32_1.1.100.202309141235/tools/bin/../lib/gcc/arm-none-eabi/11.3.1/../../../../arm-none-eabi/lib/thumb/v7e-m+fp/hard/crt0.o (memset)
C:/ST/STM32CubeIDE_1.7.0/STM32CubeIDE/plugins/com.st.stm32cube.ide.mcu.externaltools.gnu-tools-for-stm32.11.3.rel1.win32_1.1.100.202309141235/tools/bin/../lib/gcc/arm-none-eabi/11.3.1/../../../../arm-none-eabi/lib/thumb/v7e-m+fp/hard\libc_nano.a(libc_a-closer.o)
                              C:/ST/STM32CubeIDE_1.7.0/STM32CubeIDE/plugins/com.st.stm32cube.ide.mcu.externaltools.gnu-tools-for-stm32.11.3.rel1.win32_1.1.100.202309141235/tools/bin/../lib/gcc/arm-none-eabi/11.3.1/../../../../arm-none-eabi/lib/thumb/v7e-m+fp/hard\libc_nano.a(libc_a-stdio.o) (_close_r)
C:/ST/STM32CubeIDE_1.7.0/STM32CubeIDE/plugins/com.st.stm32cube.ide.mcu.externaltools.gnu-tools-for-stm32.11.3.rel1.win32_1.1.100.202309141235/tools/bin/../lib/gcc/arm-none-eabi/11.3.1/../../../../arm-none-eabi/lib/thumb/v7e-m+fp/hard\libc_nano.a(libc_a-reent.o)
[...]
Memory Configuration

Name             Origin             Length             Attributes
CCMRAM           0x0000000010000000 0x0000000000010000 xrw
RAM              0x0000000020000000 0x0000000000020000 xrw
FLASH            0x0000000008000000 0x0000000000100000 xr
*default*        0x0000000000000000 0xffffffffffffffff

Linker script and memory map

LOAD C:/ST/STM32CubeIDE_1.7.0/STM32CubeIDE/plugins/com.st.stm32cube.ide.mcu.externaltools.gnu-tools-for-stm32.11.3.rel1.win32_1.1.100.202309141235/tools/bin/../lib/gcc/arm-none-eabi/11.3.1/thumb/v7e-m+fp/hard/crti.o
LOAD C:/ST/STM32CubeIDE_1.7.0/STM32CubeIDE/plugins/com.st.stm32cube.ide.mcu.externaltools.gnu-tools-for-stm32.11.3.rel1.win32_1.1.100.202309141235/tools/bin/../lib/gcc/arm-none-eabi/11.3.1/thumb/v7e-m+fp/hard/crtbegin.o
LOAD C:/ST/STM32CubeIDE_1.7.0/STM32CubeIDE/plugins/com.st.stm32cube.ide.mcu.externaltools.gnu-tools-for-stm32.11.3.rel1.win32_1.1.100.202309141235/tools/bin/../lib/gcc/arm-none-eabi/11.3.1/../../../../arm-none-eabi/lib/thumb/v7e-m+fp/hard/crt0.o
LOAD ./Core/Src/adc.o
LOAD ./Core/Src/at24c.o
LOAD ./Core/Src/button.o
LOAD ./Core/Src/buzzer.o
LOAD ./Core/Src/dma.o
LOAD ./Core/Src/ds3231.o
LOAD ./Core/Src/fsm.o
LOAD ./Core/Src/fsmc.o
LOAD ./Core/Src/fun_touch.o
LOAD ./Core/Src/global.o
LOAD ./Core/Src/gpio.o
LOAD ./Core/Src/i2c.o
LOAD ./Core/Src/interface.o
LOAD ./Core/Src/lcd.o
LOAD ./Core/Src/led_7seg.o
LOAD ./Core/Src/light_control.o
LOAD ./Core/Src/main.o
LOAD ./Core/Src/picture.o
LOAD ./Core/Src/sensor.o
LOAD ./Core/Src/snake.o
LOAD ./Core/Src/software_timer.o
LOAD ./Core/Src/spi.o
LOAD ./Core/Src/stm32f4xx_hal_msp.o
LOAD ./Core/Src/stm32f4xx_it.o
LOAD ./Core/Src/syscalls.o
LOAD ./Core/Src/sysmem.o
LOAD ./Core/Src/system_stm32f4xx.o
LOAD ./Core/Src/tim.o
LOAD ./Core/Src/touch.o
LOAD ./Core/Src/uart.o
LOAD ./Core/Src/usart.o
LOAD ./Core/Src/utils.o
LOAD ./Core/Startup/startup_stm32f407zgtx.o
LOAD ./Drivers/STM32F4xx_HAL_Driver/Src/stm32f4xx_hal.o
LOAD ./Drivers/STM32F4xx_HAL_Driver/Src/stm32f4xx_hal_adc.o
LOAD ./Drivers/STM32F4xx_HAL_Driver/Src/stm32f4xx_hal_adc_ex.o
LOAD ./Drivers/STM32F4xx_HAL_Driver/Src/stm32f4xx_hal_cortex.o
LOAD ./Drivers/STM32F4xx_HAL_Driver/Src/stm32f4xx_hal_dma.o
LOAD ./Drivers/STM32F4xx_HAL_Driver/Src/stm32f4xx_hal_dma_ex.o
LOAD ./Drivers/STM32F4xx_HAL_Driver/Src/stm32f4xx_hal_exti.o
LOAD ./Drivers/STM32F4xx_HAL_Driver/Src/stm32f4xx_hal_flash.o
LOAD ./Drivers/STM32F4xx_HAL_Driver/Src/stm32f4xx_hal_flash_ex.o
LOAD ./Drivers/STM32F4xx_HAL_Driver/Src/stm32f4xx_hal_flash_ramfunc.o
LOAD ./Drivers/STM32F4xx_HAL_Driver/Src/stm32f4xx_hal_gpio.o
LOAD ./Drivers/STM32F4xx_HAL_Driver/Src/stm32f4xx_hal_i2c.o
LOAD ./Drivers/STM32F4xx_HAL_Driver/Src/stm32f4xx_hal_i2c_ex.o
LOAD ./Drivers/STM32F4xx_HAL_Driver/Src/stm32f4xx_hal_pwr.o
LOAD ./Drivers/STM32F4xx_HAL_Driver/Src/stm32f4xx_hal_pwr_ex.o
LOAD ./Drivers/STM32F4xx_HAL_Driver/Src/stm32f4xx_hal_rcc.o
LOAD ./Drivers/STM32F4xx_HAL_Driver/Src/stm32f4xx_hal_rcc_ex.o
LOAD ./Drivers/STM32F4xx_HAL_Driver/Src/stm32f4xx_hal_spi.o
LOAD ./Drivers/STM32F4xx_HAL_Driver/Src/stm32f4xx_hal_sram.o
LOAD ./Drivers/STM32F4xx_HAL_Driver/Src/stm32f4xx_hal_tim.o
LOAD ./Drivers/STM32F4xx_HAL_Driver/Src/stm32f4xx_hal_tim_ex.o
LOAD ./Drivers/STM32F4xx_HAL_Driver/Src/stm32f4xx_hal_uart.o
LOAD ./Drivers/STM32F4xx_HAL_Driver/Src/stm32f4xx_ll_adc.o
LOAD ./Drivers/STM32F4xx_HAL_Driver/Src/stm32f4xx_ll_fsmc.o
START GROUP
LOAD C:/ST/STM32CubeIDE_1.7.0/STM32CubeIDE/plugins/com.st.stm32cube.ide.mcu.externaltools.gnu-tools-for-stm32.11.3.rel1.win32_1.1.100.202309141235/tools/bin/../lib/gcc/arm-none-eabi/11.3.1/../../../../arm-none-eabi/lib/thumb/v7e-m+fp/hard\libc_nano.a
LOAD C:/ST/STM32CubeIDE_1.7.0/STM32CubeIDE/plugins/com.st.stm32cube.ide.mcu.externaltools.gnu-tools-for-stm32.11.3.rel1.win32_1.1.100.202309141235/tools/bin/../lib/gcc/arm-none-eabi/11.3.1/../../../../arm-none-eabi/lib/thumb/v7e-m+fp/hard\libm.a
END GROUP
START GROUP
LOAD C:/ST/STM32CubeIDE_1.7.0/STM32CubeIDE/plugins/com.st.stm32cube.ide.mcu.externaltools.gnu-tools-for-stm32.11.3.rel1.win32_1.1.100.202309141235/tools/bin/../lib/gcc/arm-none-eabi/11.3.1/thumb/v7e-m+fp/hard\libgcc.a
LOAD C:/ST/STM32CubeIDE_1.7.0/STM32CubeIDE/plugins/com.st.stm32cube.ide.mcu.externaltools.gnu-tools-for-stm32.11.3.rel1.win32_1.1.100.202309141235/tools/bin/../lib/gcc/arm-none-eabi/11.3.1/../../../../arm-none-eabi/lib/thumb/v7e-m+fp/hard\libc_nano.a
END GROUP
START GROUP
LOAD C:/ST/STM32CubeIDE_1.7.0/STM32CubeIDE/plugins/com.st.stm32cube.ide.mcu.externaltools.gnu-tools-for-stm32.11.3.rel1.win32_1.1.100.202309141235/tools/bin/../lib/gcc/arm-none-eabi/11.3.1/thumb/v7e-m+fp/hard\libgcc.a
LOAD C:/ST/STM32CubeIDE_1.7.0/STM32CubeIDE/plugins/com.st.stm32cube.ide.mcu.externaltools.gnu-tools-for-stm32.11.3.rel1.win32_1.1.100.202309141235/tools/bin/../lib/gcc/arm-none-eabi/11.3.1/../../../../arm-none-eabi/lib/thumb/v7e-m+fp/hard\libc_nano.a
LOAD C:/ST/STM32CubeIDE_1.7.0/STM32CubeIDE/plugins/com.st.stm32cube.ide.mcu.externaltools.gnu-tools-for-stm32.11.3.rel1.win32_1.1.100.202309141235/tools/bin/../lib/gcc/arm-none-eabi/11.3.1/../../../../arm-none-eabi/lib/thumb/v7e-m+fp/hard\libnosys.a
END GROUP
START GROUP
LOAD C:/ST/STM32CubeIDE_1.7.0/STM32CubeIDE/plugins/com.st.stm32cube.ide.mcu.externaltools.gnu-tools-for-stm32.11.3.rel1.win32_1.1.100.202309141235/tools/bin/../lib/gcc/arm-none-eabi/11.3.1/thumb/v7e-m+fp/hard\libgcc.a
LOAD C:/ST/STM32CubeIDE_1.7.0/STM32CubeIDE/plugins/com.st.stm32cube.ide.mcu.externaltools.gnu-tools-for-stm32.11.3.rel1.win32_1.1.100.202309141235/tools/bin/../lib/gcc/arm-none-eabi/11.3.1/../../../../arm-none-eabi/lib/thumb/v7e-m+fp/hard\libc_nano.a
LOAD C:/ST/STM32CubeIDE_1.7.0/STM32CubeIDE/plugins/com.st.stm32cube.ide.mcu.externaltools.gnu-tools-for-stm32.11.3.rel1.win32_1.1.100.202309141235/tools/bin/../lib/gcc/arm-none-eabi/11.3.1/../../../../arm-none-eabi/lib/thumb/v7e-m+fp/hard\libnosys.a
END GROUP
LOAD C:/ST/STM32CubeIDE_1.7.0/STM32CubeIDE/plugins/com.st.stm32cube.ide.mcu.externaltools.gnu-tools-for-stm32.11.3.rel1.win32_1.1.100.202309141235/tools/bin/../lib/gcc/arm-none-eabi/11.3.1/thumb/v7e-m+fp/hard/crtend.o
LOAD C:/ST/STM32CubeIDE_1.7.0/STM32CubeIDE/plugins/com.st.stm32cube.ide.mcu.externaltools.gnu-tools-for-stm32.11.3.rel1.win32_1.1.100.202309141235/tools/bin/../lib/gcc/arm-none-eabi/11.3.1/thumb/v7e-m+fp/hard/crtn.o
                0x0000000020020000                _estack = (ORIGIN (RAM) + LENGTH (RAM))
                0x0000000000000200                _Min_Heap_Size = 0x200
                0x0000000000000400                _Min_Stack_Size = 0x400

.isr_vector     0x0000000008000000      0x188
                0x0000000008000000                . = ALIGN (0x4)
 *(.isr_vector)
 .isr_vector    0x0000000008000000      0x188 ./Core/Startup/startup_stm32f407zgtx.o
                0x0000000008000000                g_pfnVectors
                0x0000000008000188                . = ALIGN (0x4)

.text           0x0000000008000188     0x713c
                0x0000000008000188                . = ALIGN (0x4)
 *(.text)
 .text          0x0000000008000188       0x40 C:/ST/STM32CubeIDE_1.7.0/STM32CubeIDE/plugins/com.st.stm32cube.ide.mcu.externaltools.gnu-tools-for-stm32.11.3.rel1.win32_1.1.100.202309141235/tools/bin/../lib/gcc/arm-none-eabi/11.3.1/thumb/v7e-m+fp/hard/crtbegin.o
 .text          0x00000000080001c8       0x30 C:/ST/STM32CubeIDE_1.7.0/STM32CubeIDE/plugins/com.st.stm32cube.ide.mcu.externaltools.gnu-tools-for-stm32.11.3.rel1.win32_1.1.100.202309141235/tools/bin/../lib/gcc/arm-none-eabi/11.3.1/thumb/v7e-m+fp/hard\libgcc.a(_aeabi_uldivmod.o)
                0x00000000080001c8                __aeabi_uldivmod
 .text          0x00000000080001f8      0x2c8 C:/ST/STM32CubeIDE_1.7.0/STM32CubeIDE/plugins/com.st.stm32cube.ide.mcu.externaltools.gnu-tools-for-stm32.11.3.rel1.win32_1.1.100.202309141235/tools/bin/../lib/gcc/arm-none-eabi/11.3.1/thumb/v7e-m+fp/hard\libgcc.a(_udivmoddi4.o)
                0x00000000080001f8                __udivmoddi4
 .text          0x00000000080004c0        0x4 C:/ST/STM32CubeIDE_1.7.0/STM32CubeIDE/plugins/com.st.stm32cube.ide.mcu.externaltools.gnu-tools-for-stm32.11.3.rel1.win32_1.1.100.202309141235/tools/bin/../lib/gcc/arm-none-eabi/11.3.1/thumb/v7e-m+fp/hard\libgcc.a(_dvmd_tls.o)
                0x00000000080004c0                __aeabi_idiv0
                0x00000000080004c0                __aeabi_ldiv0
 *(.text*)
 .text.MX_ADC1_Init
                0x00000000080004c4      0x114 ./Core/Src/adc.o
                0x00000000080004c4                MX_ADC1_Init
 .text.button_init
                0x00000000080005d8       0x18 ./Core/Src/button.o
                0x00000000080005d8                button_init
 .text.MX_DMA_Init
                0x00000000080005f0       0x40 ./Core/Src/dma.o
                0x00000000080005f0                MX_DMA_Init
 .text.MX_FSMC_Init
                0x0000000008000630       0xf4 ./Core/Src/fsmc.o
                0x0000000008000630                MX_FSMC_Init
 .text.pointTouch_init
                0x0000000008000724       0x2c ./Core/Src/global.o
                0x0000000008000724                pointTouch_init
 .text.snake_init
                0x0000000008000750       0x4c ./Core/Src/global.o
                0x0000000008000750                snake_init
 .text.MX_GPIO_Init
                0x000000000800079c      0x25c ./Core/Src/gpio.o
                0x000000000800079c                MX_GPIO_Init
 .text.MX_I2C1_Init
                0x00000000080009f8       0x5c ./Core/Src/i2c.o
                0x00000000080009f8                MX_I2C1_Init
 .text.home_lcd
                0x0000000008000a54       0xb0 ./Core/Src/interface.o
                0x0000000008000a54                home_lcd
 .text.mode_game_lcd
                0x0000000008000b04       0xdc ./Core/Src/interface.o
                0x0000000008000b04                mode_game_lcd
 .text.highscore_lcd
                0x0000000008000be0      0x198 ./Core/Src/interface.o
                0x0000000008000be0                highscore_lcd
 .text.game_lcd
                0x0000000008000d78       0xc8 ./Core/Src/interface.o
                0x0000000008000d78                game_lcd
 .text.score_lcd
                0x0000000008000e40       0x30 ./Core/Src/interface.o
                0x0000000008000e40                score_lcd
 .text.pause_lcd
                0x0000000008000e70       0x80 ./Core/Src/interface.o
                0x0000000008000e70                pause_lcd
 .text.game_over_lcd
                0x0000000008000ef0       0x70 ./Core/Src/interface.o
                0x0000000008000ef0                game_over_lcd
 .text.youwin_lcd
                0x0000000008000f60       0x70 ./Core/Src/interface.o
                0x0000000008000f60                youwin_lcd
 .text.home_not_select
                0x0000000008000fd0       0x7c ./Core/Src/interface.o
                0x0000000008000fd0                home_not_select
 .text.home_second_lcd
                0x000000000800104c       0x30 ./Core/Src/interface.o
                0x000000000800104c                home_second_lcd
 .text.home_third_lcd
                0x000000000800107c       0x30 ./Core/Src/interface.o
                0x000000000800107c                home_third_lcd
 .text.home_forth_lcd
                0x00000000080010ac       0x34 ./Core/Src/interface.o
                0x00000000080010ac                home_forth_lcd
 .text.mode_first_lcd
                0x00000000080010e0       0x30 ./Core/Src/interface.o
                0x00000000080010e0                mode_first_lcd
 .text.mode_second_lcd
                0x0000000008001110       0x34 ./Core/Src/interface.o
                0x0000000008001110                mode_second_lcd
 .text.mode_third_lcd
                0x0000000008001144       0x34 ./Core/Src/interface.o
                0x0000000008001144                mode_third_lcd
 .text.mode_forth_lcd
                0x0000000008001178       0x34 ./Core/Src/interface.o
                0x0000000008001178                mode_forth_lcd
 .text.pause_second_lcd
                0x00000000080011ac       0x50 ./Core/Src/interface.o
                0x00000000080011ac                pause_second_lcd
 .text.pause_third_lcd
                0x00000000080011fc       0x50 ./Core/Src/interface.o
                0x00000000080011fc                pause_third_lcd
 .text.LCD_WR_REG
                0x000000000800124c       0x20 ./Core/Src/lcd.o
                0x000000000800124c                LCD_WR_REG
 .text.LCD_WR_DATA
                0x000000000800126c       0x20 ./Core/Src/lcd.o
 .text.LCD_RD_DATA
                0x000000000800128c       0x24 ./Core/Src/lcd.o
 .text.lcd_AddressSet
                0x00000000080012b0       0x98 ./Core/Src/lcd.o
                0x00000000080012b0                lcd_AddressSet
 .text.lcd_Clear
                0x0000000008001348       0x64 ./Core/Src/lcd.o
                0x0000000008001348                lcd_Clear
 .text.lcd_Fill
                0x00000000080013ac       0x6c ./Core/Src/lcd.o
                0x00000000080013ac                lcd_Fill
 .text.lcd_DrawPoint
                0x0000000008001418       0x2e ./Core/Src/lcd.o
                0x0000000008001418                lcd_DrawPoint
 .text.lcd_DrawLine
                0x0000000008001446      0x108 ./Core/Src/lcd.o
                0x0000000008001446                lcd_DrawLine
 .text.lcd_DrawRectangle
                0x000000000800154e       0x6e ./Core/Src/lcd.o
                0x000000000800154e                lcd_DrawRectangle
 .text.lcd_ShowChar
                0x00000000080015bc      0x1a0 ./Core/Src/lcd.o
                0x00000000080015bc                lcd_ShowChar
 .text.mypow    0x000000000800175c       0x38 ./Core/Src/lcd.o
                0x000000000800175c                mypow
 .text.lcd_ShowIntNum
                0x0000000008001794       0xfc ./Core/Src/lcd.o
                0x0000000008001794                lcd_ShowIntNum
 .text.lcd_ShowPicture
                0x0000000008001890       0xac ./Core/Src/lcd.o
                0x0000000008001890                lcd_ShowPicture
 .text.lcd_SetDir
                0x000000000800193c       0x48 ./Core/Src/lcd.o
                0x000000000800193c                lcd_SetDir
 .text.lcd_init
                0x0000000008001984      0x2c0 ./Core/Src/lcd.o
                0x0000000008001984                lcd_init
 .text._draw_circle_8
                0x0000000008001c44      0x116 ./Core/Src/lcd.o
 .text.lcd_DrawCircle
                0x0000000008001d5a       0xd8 ./Core/Src/lcd.o
                0x0000000008001d5a                lcd_DrawCircle
 *fill*         0x0000000008001e32        0x2 
 .text.lcd_ShowStr
                0x0000000008001e34       0xc8 ./Core/Src/lcd.o
                0x0000000008001e34                lcd_ShowStr
 .text.led7_Scan
                0x0000000008001efc      0x118 ./Core/Src/led_7seg.o
                0x0000000008001efc                led7_Scan
 .text.main     0x0000000008002014      0x138 ./Core/Src/main.o
                0x0000000008002014                main
 .text.SystemClock_Config
                0x000000000800214c       0xd4 ./Core/Src/main.o
                0x000000000800214c                SystemClock_Config
 .text.system_init
                0x0000000008002220       0x22 ./Core/Src/main.o
                0x0000000008002220                system_init
 .text.Error_Handler
                0x0000000008002242        0xa ./Core/Src/main.o
                0x0000000008002242                Error_Handler
 .text.timer_init
                0x000000000800224c       0x14 ./Core/Src/software_timer.o
                0x000000000800224c                timer_init
 .text.setTimer2
                0x0000000008002260       0x38 ./Core/Src/software_timer.o
                0x0000000008002260                setTimer2
 .text.HAL_TIM_PeriodElapsedCallback
                0x0000000008002298       0x54 ./Core/Src/software_timer.o
                0x0000000008002298                HAL_TIM_PeriodElapsedCallback
 .text.MX_SPI1_Init
                0x00000000080022ec       0x6c ./Core/Src/spi.o
                0x00000000080022ec                MX_SPI1_Init
 .text.HAL_MspInit
                0x0000000008002358       0x50 ./Core/Src/stm32f4xx_hal_msp.o
                0x0000000008002358                HAL_MspInit
 .text.HAL_ADC_MspInit
                0x00000000080023a8      0x128 ./Core/Src/stm32f4xx_hal_msp.o
                0x00000000080023a8                HAL_ADC_MspInit
 .text.HAL_I2C_MspInit
                0x00000000080024d0       0x90 ./Core/Src/stm32f4xx_hal_msp.o
                0x00000000080024d0                HAL_I2C_MspInit
 .text.HAL_SPI_MspInit
                0x0000000008002560       0x90 ./Core/Src/stm32f4xx_hal_msp.o
                0x0000000008002560                HAL_SPI_MspInit
 .text.HAL_TIM_Base_MspInit
                0x00000000080025f0       0xa4 ./Core/Src/stm32f4xx_hal_msp.o
                0x00000000080025f0                HAL_TIM_Base_MspInit
 .text.HAL_TIM_MspPostInit
                0x0000000008002694       0x74 ./Core/Src/stm32f4xx_hal_msp.o
                0x0000000008002694                HAL_TIM_MspPostInit
 .text.HAL_UART_MspInit
                0x0000000008002708      0x118 ./Core/Src/stm32f4xx_hal_msp.o
                0x0000000008002708                HAL_UART_MspInit
 .text.HAL_FSMC_MspInit
                0x0000000008002820       0x98 ./Core/Src/stm32f4xx_hal_msp.o
 .text.HAL_SRAM_MspInit
                0x00000000080028b8       0x14 ./Core/Src/stm32f4xx_hal_msp.o
                0x00000000080028b8                HAL_SRAM_MspInit
 .text.NMI_Handler
                0x00000000080028cc        0x6 ./Core/Src/stm32f4xx_it.o
                0x00000000080028cc                NMI_Handler
 .text.HardFault_Handler
                0x00000000080028d2        0x6 ./Core/Src/stm32f4xx_it.o
                0x00000000080028d2                HardFault_Handler
 .text.MemManage_Handler
                0x00000000080028d8        0x6 ./Core/Src/stm32f4xx_it.o
                0x00000000080028d8                MemManage_Handler
 .text.BusFault_Handler
                0x00000000080028de        0x6 ./Core/Src/stm32f4xx_it.o
                0x00000000080028de                BusFault_Handler
 .text.UsageFault_Handler
                0x00000000080028e4        0x6 ./Core/Src/stm32f4xx_it.o
                0x00000000080028e4                UsageFault_Handler
 .text.SVC_Handler
                0x00000000080028ea        0xe ./Core/Src/stm32f4xx_it.o
                0x00000000080028ea                SVC_Handler
 .text.DebugMon_Handler
                0x00000000080028f8        0xe ./Core/Src/stm32f4xx_it.o
                0x00000000080028f8                DebugMon_Handler
 .text.PendSV_Handler
                0x0000000008002906        0xe ./Core/Src/stm32f4xx_it.o
                0x0000000008002906                PendSV_Handler
 .text.SysTick_Handler
                0x0000000008002914        0xc ./Core/Src/stm32f4xx_it.o
                0x0000000008002914                SysTick_Handler
 .text.TIM2_IRQHandler
                0x0000000008002920       0x14 ./Core/Src/stm32f4xx_it.o
                0x0000000008002920                TIM2_IRQHandler
 .text.USART1_IRQHandler
                0x0000000008002934       0x14 ./Core/Src/stm32f4xx_it.o
                0x0000000008002934                USART1_IRQHandler
 .text.USART2_IRQHandler
                0x0000000008002948       0x14 ./Core/Src/stm32f4xx_it.o
                0x0000000008002948                USART2_IRQHandler
 .text.DMA2_Stream0_IRQHandler
                0x000000000800295c       0x14 ./Core/Src/stm32f4xx_it.o
                0x000000000800295c                DMA2_Stream0_IRQHandler
 .text.SystemInit
                0x0000000008002970       0x24 ./Core/Src/system_stm32f4xx.o
                0x0000000008002970                SystemInit
 .text.MX_TIM1_Init
                0x0000000008002994       0xa0 ./Core/Src/tim.o
                0x0000000008002994                MX_TIM1_Init
 .text.MX_TIM2_Init
                0x0000000008002a34       0x98 ./Core/Src/tim.o
                0x0000000008002a34                MX_TIM2_Init
 .text.MX_TIM13_Init
                0x0000000008002acc       0x9c ./Core/Src/tim.o
                0x0000000008002acc                MX_TIM13_Init
 .text.HAL_UART_RxCpltCallback
                0x0000000008002b68       0x3c ./Core/Src/uart.o
                0x0000000008002b68                HAL_UART_RxCpltCallback
 .text.MX_USART1_UART_Init
                0x0000000008002ba4       0x54 ./Core/Src/usart.o
                0x0000000008002ba4                MX_USART1_UART_Init
 .text.MX_USART2_UART_Init
                0x0000000008002bf8       0x54 ./Core/Src/usart.o
                0x0000000008002bf8                MX_USART2_UART_Init
 .text.Reset_Handler
                0x0000000008002c4c       0x50 ./Core/Startup/startup_stm32f407zgtx.o
                0x0000000008002c4c                Reset_Handler
 .text.Default_Handler
                0x0000000008002c9c        0x2 ./Core/Startup/startup_stm32f407zgtx.o
                0x0000000008002c9c                RTC_Alarm_IRQHandler
                0x0000000008002c9c                HASH_RNG_IRQHandler
                0x0000000008002c9c                EXTI2_IRQHandler
                0x0000000008002c9c                TIM8_CC_IRQHandler
                0x0000000008002c9c                TIM1_CC_IRQHandler
                0x0000000008002c9c                DMA2_Stream5_IRQHandler
                0x0000000008002c9c                DMA1_Stream5_IRQHandler
                0x0000000008002c9c                PVD_IRQHandler
                0x0000000008002c9c                SDIO_IRQHandler
                0x0000000008002c9c                TAMP_STAMP_IRQHandler
                0x0000000008002c9c                CAN2_RX1_IRQHandler
                0x0000000008002c9c                EXTI3_IRQHandler
                0x0000000008002c9c                TIM8_TRG_COM_TIM14_IRQHandler
                0x0000000008002c9c                TIM1_UP_TIM10_IRQHandler
                0x0000000008002c9c                TIM8_UP_TIM13_IRQHandler
                0x0000000008002c9c                I2C3_ER_IRQHandler
                0x0000000008002c9c                EXTI0_IRQHandler
                0x0000000008002c9c                I2C2_EV_IRQHandler
                0x0000000008002c9c                DMA1_Stream2_IRQHandler
                0x0000000008002c9c                CAN1_RX0_IRQHandler
                0x0000000008002c9c                FPU_IRQHandler
                0x0000000008002c9c                OTG_HS_WKUP_IRQHandler
                0x0000000008002c9c                CAN2_SCE_IRQHandler
                0x0000000008002c9c                DMA2_Stream2_IRQHandler
                0x0000000008002c9c                SPI1_IRQHandler
                0x0000000008002c9c                TIM6_DAC_IRQHandler
                0x0000000008002c9c                TIM1_BRK_TIM9_IRQHandler
                0x0000000008002c9c                DCMI_IRQHandler
                0x0000000008002c9c                CAN2_RX0_IRQHandler
                0x0000000008002c9c                DMA2_Stream3_IRQHandler
                0x0000000008002c9c                USART6_IRQHandler
                0x0000000008002c9c                USART3_IRQHandler
                0x0000000008002c9c                CAN1_RX1_IRQHandler
                0x0000000008002c9c                UART5_IRQHandler
                0x0000000008002c9c                TIM4_IRQHandler
                0x0000000008002c9c                I2C1_EV_IRQHandler
                0x0000000008002c9c                DMA1_Stream6_IRQHandler
                0x0000000008002c9c                DMA1_Stream1_IRQHandler
                0x0000000008002c9c                UART4_IRQHandler
                0x0000000008002c9c                TIM3_IRQHandler
                0x0000000008002c9c                RCC_IRQHandler
                0x0000000008002c9c                TIM8_BRK_TIM12_IRQHandler
                0x0000000008002c9c                Default_Handler
                0x0000000008002c9c                EXTI15_10_IRQHandler
                0x0000000008002c9c                ADC_IRQHandler
                0x0000000008002c9c                DMA1_Stream7_IRQHandler
                0x0000000008002c9c                TIM7_IRQHandler
                0x0000000008002c9c                CAN2_TX_IRQHandler
                0x0000000008002c9c                TIM5_IRQHandler
                0x0000000008002c9c                DMA2_Stream7_IRQHandler
                0x0000000008002c9c                I2C3_EV_IRQHandler
                0x0000000008002c9c                EXTI9_5_IRQHandler
                0x0000000008002c9c                RTC_WKUP_IRQHandler
                0x0000000008002c9c                ETH_WKUP_IRQHandler
                0x0000000008002c9c                SPI2_IRQHandler
                0x0000000008002c9c                OTG_HS_EP1_IN_IRQHandler
                0x0000000008002c9c                DMA1_Stream0_IRQHandler
                0x0000000008002c9c                CAN1_TX_IRQHandler
                0x0000000008002c9c                EXTI4_IRQHandler
                0x0000000008002c9c                FSMC_IRQHandler
                0x0000000008002c9c                ETH_IRQHandler
                0x0000000008002c9c                OTG_HS_EP1_OUT_IRQHandler
                0x0000000008002c9c                WWDG_IRQHandler
                0x0000000008002c9c                OTG_FS_WKUP_IRQHandler
                0x0000000008002c9c                TIM1_TRG_COM_TIM11_IRQHandler
                0x0000000008002c9c                OTG_HS_IRQHandler
                0x0000000008002c9c                EXTI1_IRQHandler
                0x0000000008002c9c                I2C2_ER_IRQHandler
                0x0000000008002c9c                DMA2_Stream1_IRQHandler
                0x0000000008002c9c                CAN1_SCE_IRQHandler
                0x0000000008002c9c                FLASH_IRQHandler
                0x0000000008002c9c                DMA2_Stream4_IRQHandler
                0x0000000008002c9c                OTG_FS_IRQHandler
                0x0000000008002c9c                SPI3_IRQHandler
                0x0000000008002c9c                DMA1_Stream4_IRQHandler
                0x0000000008002c9c                I2C1_ER_IRQHandler
                0x0000000008002c9c                DMA2_Stream6_IRQHandler
                0x0000000008002c9c                DMA1_Stream3_IRQHandler
 *fill*         0x0000000008002c9e        0x2 
 .text.HAL_Init
                0x0000000008002ca0       0x44 ./Drivers/STM32F4xx_HAL_Driver/Src/stm32f4xx_hal.o
                0x0000000008002ca0                HAL_Init
 .text.HAL_InitTick
                0x0000000008002ce4       0x60 ./Drivers/STM32F4xx_HAL_Driver/Src/stm32f4xx_hal.o
                0x0000000008002ce4                HAL_InitTick
 .text.HAL_IncTick
                0x0000000008002d44       0x28 ./Drivers/STM32F4xx_HAL_Driver/Src/stm32f4xx_hal.o
                0x0000000008002d44                HAL_IncTick
 .text.HAL_GetTick
                0x0000000008002d6c       0x18 ./Drivers/STM32F4xx_HAL_Driver/Src/stm32f4xx_hal.o
                0x0000000008002d6c                HAL_GetTick
 .text.HAL_Delay
                0x0000000008002d84       0x48 ./Drivers/STM32F4xx_HAL_Driver/Src/stm32f4xx_hal.o
                0x0000000008002d84                HAL_Delay
 .text.HAL_ADC_Init
                0x0000000008002dcc       0x86 ./Drivers/STM32F4xx_HAL_Driver/Src/stm32f4xx_hal_adc.o
                0x0000000008002dcc                HAL_ADC_Init
 *fill*         0x0000000008002e52        0x2 
 .text.HAL_ADC_ConfigChannel
                0x0000000008002e54      0x244 ./Drivers/STM32F4xx_HAL_Driver/Src/stm32f4xx_hal_adc.o
                0x0000000008002e54                HAL_ADC_ConfigChannel
 .text.ADC_Init
                0x0000000008003098      0x1f8 ./Drivers/STM32F4xx_HAL_Driver/Src/stm32f4xx_hal_adc.o
 .text.__NVIC_SetPriorityGrouping
                0x0000000008003290       0x48 ./Drivers/STM32F4xx_HAL_Driver/Src/stm32f4xx_hal_cortex.o
 .text.__NVIC_GetPriorityGrouping
                0x00000000080032d8       0x1c ./Drivers/STM32F4xx_HAL_Driver/Src/stm32f4xx_hal_cortex.o
 .text.__NVIC_EnableIRQ
                0x00000000080032f4       0x3c ./Drivers/STM32F4xx_HAL_Driver/Src/stm32f4xx_hal_cortex.o
 .text.__NVIC_SetPriority
                0x0000000008003330       0x54 ./Drivers/STM32F4xx_HAL_Driver/Src/stm32f4xx_hal_cortex.o
 .text.NVIC_EncodePriority
                0x0000000008003384       0x66 ./Drivers/STM32F4xx_HAL_Driver/Src/stm32f4xx_hal_cortex.o
 *fill*         0x00000000080033ea        0x2 
 .text.SysTick_Config
                0x00000000080033ec       0x44 ./Drivers/STM32F4xx_HAL_Driver/Src/stm32f4xx_hal_cortex.o
 .text.HAL_NVIC_SetPriorityGrouping
                0x0000000008003430       0x16 ./Drivers/STM32F4xx_HAL_Driver/Src/stm32f4xx_hal_cortex.o
                0x0000000008003430                HAL_NVIC_SetPriorityGrouping
 .text.HAL_NVIC_SetPriority
                0x0000000008003446       0x38 ./Drivers/STM32F4xx_HAL_Driver/Src/stm32f4xx_hal_cortex.o
                0x0000000008003446                HAL_NVIC_SetPriority
 .text.HAL_NVIC_EnableIRQ
                0x000000000800347e       0x1c ./Drivers/STM32F4xx_HAL_Driver/Src/stm32f4xx_hal_cortex.o
                0x000000000800347e                HAL_NVIC_EnableIRQ
 .text.HAL_SYSTICK_Config
                0x000000000800349a       0x18 ./Drivers/STM32F4xx_HAL_Driver/Src/stm32f4xx_hal_cortex.o
                0x000000000800349a                HAL_SYSTICK_Config
 *fill*         0x00000000080034b2        0x2 
 .text.HAL_DMA_Init
                0x00000000080034b4      0x15c ./Drivers/STM32F4xx_HAL_Driver/Src/stm32f4xx_hal_dma.o
                0x00000000080034b4                HAL_DMA_Init
 .text.HAL_DMA_Abort
                0x0000000008003610       0xe0 ./Drivers/STM32F4xx_HAL_Driver/Src/stm32f4xx_hal_dma.o
                0x0000000008003610                HAL_DMA_Abort
 .text.HAL_DMA_Abort_IT
                0x00000000080036f0       0x44 ./Drivers/STM32F4xx_HAL_Driver/Src/stm32f4xx_hal_dma.o
                0x00000000080036f0                HAL_DMA_Abort_IT
 .text.HAL_DMA_IRQHandler
                0x0000000008003734      0x314 ./Drivers/STM32F4xx_HAL_Driver/Src/stm32f4xx_hal_dma.o
                0x0000000008003734                HAL_DMA_IRQHandler
 .text.DMA_CalcBaseAndBitshift
                0x0000000008003a48       0x6c ./Drivers/STM32F4xx_HAL_Driver/Src/stm32f4xx_hal_dma.o
 .text.DMA_CheckFifoParam
                0x0000000008003ab4       0xf8 ./Drivers/STM32F4xx_HAL_Driver/Src/stm32f4xx_hal_dma.o
 .text.HAL_GPIO_Init
                0x0000000008003bac      0x338 ./Drivers/STM32F4xx_HAL_Driver/Src/stm32f4xx_hal_gpio.o
                0x0000000008003bac                HAL_GPIO_Init
 .text.HAL_GPIO_WritePin
                0x0000000008003ee4       0x32 ./Drivers/STM32F4xx_HAL_Driver/Src/stm32f4xx_hal_gpio.o
                0x0000000008003ee4                HAL_GPIO_WritePin
 *fill*         0x0000000008003f16        0x2 
 .text.HAL_I2C_Init
                0x0000000008003f18      0x288 ./Drivers/STM32F4xx_HAL_Driver/Src/stm32f4xx_hal_i2c.o
                0x0000000008003f18                HAL_I2C_Init
 .text.HAL_RCC_OscConfig
                0x00000000080041a0      0x4f0 ./Drivers/STM32F4xx_HAL_Driver/Src/stm32f4xx_hal_rcc.o
                0x00000000080041a0                HAL_RCC_OscConfig
 .text.HAL_RCC_ClockConfig
                0x0000000008004690      0x1cc ./Drivers/STM32F4xx_HAL_Driver/Src/stm32f4xx_hal_rcc.o
                0x0000000008004690                HAL_RCC_ClockConfig
 .text.HAL_RCC_GetSysClockFreq
                0x000000000800485c      0x20c ./Drivers/STM32F4xx_HAL_Driver/Src/stm32f4xx_hal_rcc.o
                0x000000000800485c                HAL_RCC_GetSysClockFreq
 .text.HAL_RCC_GetHCLKFreq
                0x0000000008004a68       0x18 ./Drivers/STM32F4xx_HAL_Driver/Src/stm32f4xx_hal_rcc.o
                0x0000000008004a68                HAL_RCC_GetHCLKFreq
 .text.HAL_RCC_GetPCLK1Freq
                0x0000000008004a80       0x28 ./Drivers/STM32F4xx_HAL_Driver/Src/stm32f4xx_hal_rcc.o
                0x0000000008004a80                HAL_RCC_GetPCLK1Freq
 .text.HAL_RCC_GetPCLK2Freq
                0x0000000008004aa8       0x28 ./Drivers/STM32F4xx_HAL_Driver/Src/stm32f4xx_hal_rcc.o
                0x0000000008004aa8                HAL_RCC_GetPCLK2Freq
 .text.HAL_SPI_Init
                0x0000000008004ad0      0x112 ./Drivers/STM32F4xx_HAL_Driver/Src/stm32f4xx_hal_spi.o
                0x0000000008004ad0                HAL_SPI_Init
 .text.HAL_SPI_Transmit
                0x0000000008004be2      0x278 ./Drivers/STM32F4xx_HAL_Driver/Src/stm32f4xx_hal_spi.o
                0x0000000008004be2                HAL_SPI_Transmit
 *fill*         0x0000000008004e5a        0x2 
 .text.SPI_WaitFlagStateUntilTimeout
                0x0000000008004e5c      0x110 ./Drivers/STM32F4xx_HAL_Driver/Src/stm32f4xx_hal_spi.o
 .text.SPI_EndRxTxTransaction
                0x0000000008004f6c       0x84 ./Drivers/STM32F4xx_HAL_Driver/Src/stm32f4xx_hal_spi.o
 .text.HAL_SRAM_Init
                0x0000000008004ff0       0x88 ./Drivers/STM32F4xx_HAL_Driver/Src/stm32f4xx_hal_sram.o
                0x0000000008004ff0                HAL_SRAM_Init
 .text.HAL_TIM_Base_Init
                0x0000000008005078       0x9e ./Drivers/STM32F4xx_HAL_Driver/Src/stm32f4xx_hal_tim.o
                0x0000000008005078                HAL_TIM_Base_Init
 *fill*         0x0000000008005116        0x2 
 .text.HAL_TIM_Base_Start_IT
                0x0000000008005118       0xe0 ./Drivers/STM32F4xx_HAL_Driver/Src/stm32f4xx_hal_tim.o
                0x0000000008005118                HAL_TIM_Base_Start_IT
 .text.HAL_TIM_PWM_Init
                0x00000000080051f8       0x9e ./Drivers/STM32F4xx_HAL_Driver/Src/stm32f4xx_hal_tim.o
                0x00000000080051f8                HAL_TIM_PWM_Init
 .text.HAL_TIM_PWM_MspInit
                0x0000000008005296       0x14 ./Drivers/STM32F4xx_HAL_Driver/Src/stm32f4xx_hal_tim.o
                0x0000000008005296                HAL_TIM_PWM_MspInit
 .text.HAL_TIM_IRQHandler
                0x00000000080052aa      0x210 ./Drivers/STM32F4xx_HAL_Driver/Src/stm32f4xx_hal_tim.o
                0x00000000080052aa                HAL_TIM_IRQHandler
 *fill*         0x00000000080054ba        0x2 
 .text.HAL_TIM_PWM_ConfigChannel
                0x00000000080054bc      0x184 ./Drivers/STM32F4xx_HAL_Driver/Src/stm32f4xx_hal_tim.o
                0x00000000080054bc                HAL_TIM_PWM_ConfigChannel
 .text.HAL_TIM_ConfigClockSource
                0x0000000008005640      0x18e ./Drivers/STM32F4xx_HAL_Driver/Src/stm32f4xx_hal_tim.o
                0x0000000008005640                HAL_TIM_ConfigClockSource
 .text.HAL_TIM_OC_DelayElapsedCallback
                0x00000000080057ce       0x14 ./Drivers/STM32F4xx_HAL_Driver/Src/stm32f4xx_hal_tim.o
                0x00000000080057ce                HAL_TIM_OC_DelayElapsedCallback
 .text.HAL_TIM_IC_CaptureCallback
                0x00000000080057e2       0x14 ./Drivers/STM32F4xx_HAL_Driver/Src/stm32f4xx_hal_tim.o
                0x00000000080057e2                HAL_TIM_IC_CaptureCallback
 .text.HAL_TIM_PWM_PulseFinishedCallback
                0x00000000080057f6       0x14 ./Drivers/STM32F4xx_HAL_Driver/Src/stm32f4xx_hal_tim.o
                0x00000000080057f6                HAL_TIM_PWM_PulseFinishedCallback
 .text.HAL_TIM_TriggerCallback
                0x000000000800580a       0x14 ./Drivers/STM32F4xx_HAL_Driver/Src/stm32f4xx_hal_tim.o
                0x000000000800580a                HAL_TIM_TriggerCallback
 *fill*         0x000000000800581e        0x2 
 .text.TIM_Base_SetConfig
                0x0000000008005820      0x140 ./Drivers/STM32F4xx_HAL_Driver/Src/stm32f4xx_hal_tim.o
                0x0000000008005820                TIM_Base_SetConfig
 .text.TIM_OC1_SetConfig
                0x0000000008005960       0xe0 ./Drivers/STM32F4xx_HAL_Driver/Src/stm32f4xx_hal_tim.o
 .text.TIM_OC2_SetConfig
                0x0000000008005a40       0xec ./Drivers/STM32F4xx_HAL_Driver/Src/stm32f4xx_hal_tim.o
                0x0000000008005a40                TIM_OC2_SetConfig
 .text.TIM_OC3_SetConfig
                0x0000000008005b2c       0xe8 ./Drivers/STM32F4xx_HAL_Driver/Src/stm32f4xx_hal_tim.o
 .text.TIM_OC4_SetConfig
                0x0000000008005c14       0xac ./Drivers/STM32F4xx_HAL_Driver/Src/stm32f4xx_hal_tim.o
 .text.TIM_TI1_ConfigInputStage
                0x0000000008005cc0       0x5e ./Drivers/STM32F4xx_HAL_Driver/Src/stm32f4xx_hal_tim.o
 .text.TIM_TI2_ConfigInputStage
                0x0000000008005d1e       0x60 ./Drivers/STM32F4xx_HAL_Driver/Src/stm32f4xx_hal_tim.o
 .text.TIM_ITRx_SetConfig
                0x0000000008005d7e       0x36 ./Drivers/STM32F4xx_HAL_Driver/Src/stm32f4xx_hal_tim.o
 .text.TIM_ETR_SetConfig
                0x0000000008005db4       0x40 ./Drivers/STM32F4xx_HAL_Driver/Src/stm32f4xx_hal_tim.o
                0x0000000008005db4                TIM_ETR_SetConfig
 .text.HAL_TIMEx_MasterConfigSynchronization
                0x0000000008005df4       0xf8 ./Drivers/STM32F4xx_HAL_Driver/Src/stm32f4xx_hal_tim_ex.o
                0x0000000008005df4                HAL_TIMEx_MasterConfigSynchronization
 .text.HAL_TIMEx_CommutCallback
                0x0000000008005eec       0x14 ./Drivers/STM32F4xx_HAL_Driver/Src/stm32f4xx_hal_tim_ex.o
                0x0000000008005eec                HAL_TIMEx_CommutCallback
 .text.HAL_TIMEx_BreakCallback
                0x0000000008005f00       0x14 ./Drivers/STM32F4xx_HAL_Driver/Src/stm32f4xx_hal_tim_ex.o
                0x0000000008005f00                HAL_TIMEx_BreakCallback
 .text.HAL_UART_Init
                0x0000000008005f14       0x9a ./Drivers/STM32F4xx_HAL_Driver/Src/stm32f4xx_hal_uart.o
                0x0000000008005f14                HAL_UART_Init
 .text.HAL_UART_Transmit
                0x0000000008005fae      0x124 ./Drivers/STM32F4xx_HAL_Driver/Src/stm32f4xx_hal_uart.o
                0x0000000008005fae                HAL_UART_Transmit
 .text.HAL_UART_Receive_IT
                0x00000000080060d2       0x60 ./Drivers/STM32F4xx_HAL_Driver/Src/stm32f4xx_hal_uart.o
                0x00000000080060d2                HAL_UART_Receive_IT
 *fill*         0x0000000008006132        0x2 
 .text.HAL_UART_IRQHandler
                0x0000000008006134      0x51c ./Drivers/STM32F4xx_HAL_Driver/Src/stm32f4xx_hal_uart.o
                0x0000000008006134                HAL_UART_IRQHandler
 .text.HAL_UART_TxCpltCallback
                0x0000000008006650       0x14 ./Drivers/STM32F4xx_HAL_Driver/Src/stm32f4xx_hal_uart.o
                0x0000000008006650                HAL_UART_TxCpltCallback
 .text.HAL_UART_ErrorCallback
                0x0000000008006664       0x14 ./Drivers/STM32F4xx_HAL_Driver/Src/stm32f4xx_hal_uart.o
                0x0000000008006664                HAL_UART_ErrorCallback
 .text.HAL_UARTEx_RxEventCallback
                0x0000000008006678       0x18 ./Drivers/STM32F4xx_HAL_Driver/Src/stm32f4xx_hal_uart.o
                0x0000000008006678                HAL_UARTEx_RxEventCallback
 .text.UART_WaitOnFlagUntilTimeout
                0x0000000008006690       0xdc ./Drivers/STM32F4xx_HAL_Driver/Src/stm32f4xx_hal_uart.o
 .text.UART_Start_Receive_IT
                0x000000000800676c       0x74 ./Drivers/STM32F4xx_HAL_Driver/Src/stm32f4xx_hal_uart.o
                0x000000000800676c                UART_Start_Receive_IT
 .text.UART_EndRxTransfer
                0x00000000080067e0       0xc6 ./Drivers/STM32F4xx_HAL_Driver/Src/stm32f4xx_hal_uart.o
 .text.UART_DMAAbortOnError
                0x00000000080068a6       0x28 ./Drivers/STM32F4xx_HAL_Driver/Src/stm32f4xx_hal_uart.o
 .text.UART_Transmit_IT
                0x00000000080068ce       0xa0 ./Drivers/STM32F4xx_HAL_Driver/Src/stm32f4xx_hal_uart.o
 .text.UART_EndTransmit_IT
                0x000000000800696e       0x30 ./Drivers/STM32F4xx_HAL_Driver/Src/stm32f4xx_hal_uart.o
 .text.UART_Receive_IT
                0x000000000800699e      0x176 ./Drivers/STM32F4xx_HAL_Driver/Src/stm32f4xx_hal_uart.o
 .text.UART_SetConfig
                0x0000000008006b14      0x4e8 ./Drivers/STM32F4xx_HAL_Driver/Src/stm32f4xx_hal_uart.o
 .text.FSMC_NORSRAM_Init
                0x0000000008006ffc       0xa4 ./Drivers/STM32F4xx_HAL_Driver/Src/stm32f4xx_ll_fsmc.o
                0x0000000008006ffc                FSMC_NORSRAM_Init
 .text.FSMC_NORSRAM_Timing_Init
                0x00000000080070a0       0x7a ./Drivers/STM32F4xx_HAL_Driver/Src/stm32f4xx_ll_fsmc.o
                0x00000000080070a0                FSMC_NORSRAM_Timing_Init
 *fill*         0x000000000800711a        0x2 
 .text.FSMC_NORSRAM_Extended_Timing_Init
                0x000000000800711c       0x80 ./Drivers/STM32F4xx_HAL_Driver/Src/stm32f4xx_ll_fsmc.o
                0x000000000800711c                FSMC_NORSRAM_Extended_Timing_Init
 .text.__itoa   0x000000000800719c       0x30 C:/ST/STM32CubeIDE_1.7.0/STM32CubeIDE/plugins/com.st.stm32cube.ide.mcu.externaltools.gnu-tools-for-stm32.11.3.rel1.win32_1.1.100.202309141235/tools/bin/../lib/gcc/arm-none-eabi/11.3.1/../../../../arm-none-eabi/lib/thumb/v7e-m+fp/hard\libc_nano.a(libc_a-itoa.o)
                0x000000000800719c                __itoa
 .text.itoa     0x00000000080071cc        0x4 C:/ST/STM32CubeIDE_1.7.0/STM32CubeIDE/plugins/com.st.stm32cube.ide.mcu.externaltools.gnu-tools-for-stm32.11.3.rel1.win32_1.1.100.202309141235/tools/bin/../lib/gcc/arm-none-eabi/11.3.1/../../../../arm-none-eabi/lib/thumb/v7e-m+fp/hard\libc_nano.a(libc_a-itoa.o)
                0x00000000080071cc                itoa
 .text.__utoa   0x00000000080071d0       0x84 C:/ST/STM32CubeIDE_1.7.0/STM32CubeIDE/plugins/com.st.stm32cube.ide.mcu.externaltools.gnu-tools-for-stm32.11.3.rel1.win32_1.1.100.202309141235/tools/bin/../lib/gcc/arm-none-eabi/11.3.1/../../../../arm-none-eabi/lib/thumb/v7e-m+fp/hard\libc_nano.a(libc_a-utoa.o)
                0x00000000080071d0                __utoa
 .text.memset   0x0000000008007254       0x10 C:/ST/STM32CubeIDE_1.7.0/STM32CubeIDE/plugins/com.st.stm32cube.ide.mcu.externaltools.gnu-tools-for-stm32.11.3.rel1.win32_1.1.100.202309141235/tools/bin/../lib/gcc/arm-none-eabi/11.3.1/../../../../arm-none-eabi/lib/thumb/v7e-m+fp/hard\libc_nano.a(libc_a-memset.o)
                0x0000000008007254                memset
 .text.__libc_init_array
                0x0000000008007264       0x48 C:/ST/STM32CubeIDE_1.7.0/STM32CubeIDE/plugins/com.st.stm32cube.ide.mcu.externaltools.gnu-tools-for-stm32.11.3.rel1.win32_1.1.100.202309141235/tools/bin/../lib/gcc/arm-none-eabi/11.3.1/../../../../arm-none-eabi/lib/thumb/v7e-m+fp/hard\libc_nano.a(libc_a-init.o)
                0x0000000008007264                __libc_init_array
 *(.glue_7)
 .glue_7        0x00000000080072ac        0x0 linker stubs
 *(.glue_7t)
 .glue_7t       0x00000000080072ac        0x0 linker stubs
 *(.eh_frame)
 .eh_frame      0x00000000080072ac        0x0 C:/ST/STM32CubeIDE_1.7.0/STM32CubeIDE/plugins/com.st.stm32cube.ide.mcu.externaltools.gnu-tools-for-stm32.11.3.rel1.win32_1.1.100.202309141235/tools/bin/../lib/gcc/arm-none-eabi/11.3.1/thumb/v7e-m+fp/hard/crtbegin.o
 *(.init)
 .init          0x00000000080072ac        0x4 C:/ST/STM32CubeIDE_1.7.0/STM32CubeIDE/plugins/com.st.stm32cube.ide.mcu.externaltools.gnu-tools-for-stm32.11.3.rel1.win32_1.1.100.202309141235/tools/bin/../lib/gcc/arm-none-eabi/11.3.1/thumb/v7e-m+fp/hard/crti.o
                0x00000000080072ac                _init
 .init          0x00000000080072b0        0x8 C:/ST/STM32CubeIDE_1.7.0/STM32CubeIDE/plugins/com.st.stm32cube.ide.mcu.externaltools.gnu-tools-for-stm32.11.3.rel1.win32_1.1.100.202309141235/tools/bin/../lib/gcc/arm-none-eabi/11.3.1/thumb/v7e-m+fp/hard/crtn.o
 *(.fini)
 .fini          0x00000000080072b8        0x4 C:/ST/STM32CubeIDE_1.7.0/STM32CubeIDE/plugins/com.st.stm32cube.ide.mcu.externaltools.gnu-tools-for-stm32.11.3.rel1.win32_1.1.100.202309141235/tools/bin/../lib/gcc/arm-none-eabi/11.3.1/thumb/v7e-m+fp/hard/crti.o
                0x00000000080072b8                _fini
 .fini          0x00000000080072bc        0x8 C:/ST/STM32CubeIDE_1.7.0/STM32CubeIDE/plugins/com.st.stm32cube.ide.mcu.externaltools.gnu-tools-for-stm32.11.3.rel1.win32_1.1.100.202309141235/tools/bin/../lib/gcc/arm-none-eabi/11.3.1/thumb/v7e-m+fp/hard/crtn.o
                0x00000000080072c4                . = ALIGN (0x4)
                0x00000000080072c4                _etext = .

.vfp11_veneer   0x00000000080072c4        0x0
 .vfp11_veneer  0x00000000080072c4        0x0 linker stubs

.v4_bx          0x00000000080072c4        0x0
 .v4_bx         0x00000000080072c4        0x0 linker stubs

.iplt           0x00000000080072c4        0x0
 .iplt          0x00000000080072c4        0x0 C:/ST/STM32CubeIDE_1.7.0/STM32CubeIDE/plugins/com.st.stm32cube.ide.mcu.externaltools.gnu-tools-for-stm32.11.3.rel1.win32_1.1.100.202309141235/tools/bin/../lib/gcc/arm-none-eabi/11.3.1/thumb/v7e-m+fp/hard/crtbegin.o

.rodata         0x00000000080072c4    0xe4040
                0x00000000080072c4                . = ALIGN (0x4)
 *(.rodata)
 .rodata        0x00000000080072c4       0x6f ./Core/Src/interface.o
 *fill*         0x0000000008007333        0x1 
 .rodata        0x0000000008007334        0x8 ./Core/Src/main.o
 *(.rodata*)
 .rodata.ascii_1608
                0x000000000800733c      0x5f0 ./Core/Src/lcd.o
                0x000000000800733c                ascii_1608
 .rodata.ascii_2412
                0x000000000800792c     0x11d0 ./Core/Src/lcd.o
                0x000000000800792c                ascii_2412
 .rodata.ascii_3216
                0x0000000008008afc     0x17c0 ./Core/Src/lcd.o
                0x0000000008008afc                ascii_3216
 .rodata.gImage_home
                0x000000000800a2bc    0x25800 ./Core/Src/picture.o
                0x000000000800a2bc                gImage_home
 .rodata.gImage_mode
                0x000000000802fabc    0x25800 ./Core/Src/picture.o
                0x000000000802fabc                gImage_mode
 .rodata.gImage_highscore
                0x00000000080552bc    0x25800 ./Core/Src/picture.o
                0x00000000080552bc                gImage_highscore
 .rodata.gImage_pause
                0x000000000807aabc    0x25800 ./Core/Src/picture.o
                0x000000000807aabc                gImage_pause
 .rodata.gImage_gameover
                0x00000000080a02bc    0x25800 ./Core/Src/picture.o
                0x00000000080a02bc                gImage_gameover
 .rodata.gImage_youwin
                0x00000000080c5abc    0x25800 ./Core/Src/picture.o
                0x00000000080c5abc                gImage_youwin
 .rodata.AHBPrescTable
                0x00000000080eb2bc       0x10 ./Core/Src/system_stm32f4xx.o
                0x00000000080eb2bc                AHBPrescTable
 .rodata.APBPrescTable
                0x00000000080eb2cc        0x8 ./Core/Src/system_stm32f4xx.o
                0x00000000080eb2cc                APBPrescTable
 .rodata.flagBitshiftOffset.0
                0x00000000080eb2d4        0x8 ./Drivers/STM32F4xx_HAL_Driver/Src/stm32f4xx_hal_dma.o
 .rodata.__utoa.str1.1
                0x00000000080eb2dc       0x25 C:/ST/STM32CubeIDE_1.7.0/STM32CubeIDE/plugins/com.st.stm32cube.ide.mcu.externaltools.gnu-tools-for-stm32.11.3.rel1.win32_1.1.100.202309141235/tools/bin/../lib/gcc/arm-none-eabi/11.3.1/../../../../arm-none-eabi/lib/thumb/v7e-m+fp/hard\libc_nano.a(libc_a-utoa.o)
                0x00000000080eb304                . = ALIGN (0x4)
 *fill*         0x00000000080eb301        0x3 

.ARM.extab      0x00000000080eb304        0x0
                0x00000000080eb304                . = ALIGN (0x4)
 *(.ARM.extab* .gnu.linkonce.armextab.*)
                0x00000000080eb304                . = ALIGN (0x4)

.ARM            0x00000000080eb304        0x8
                0x00000000080eb304                . = ALIGN (0x4)
                0x00000000080eb304                __exidx_start = .
 *(.ARM.exidx*)
 .ARM.exidx     0x00000000080eb304        0x8 C:/ST/STM32CubeIDE_1.7.0/STM32CubeIDE/plugins/com.st.stm32cube.ide.mcu.externaltools.gnu-tools-for-stm32.11.3.rel1.win32_1.1.100.202309141235/tools/bin/../lib/gcc/arm-none-eabi/11.3.1/thumb/v7e-m+fp/hard\libgcc.a(_udivmoddi4.o)
                0x00000000080eb30c                __exidx_end = .
                0x00000000080eb30c                . = ALIGN (0x4)

.rel.dyn        0x00000000080eb30c        0x0
 .rel.iplt      0x00000000080eb30c        0x0 C:/ST/STM32CubeIDE_1.7.0/STM32CubeIDE/plugins/com.st.stm32cube.ide.mcu.externaltools.gnu-tools-for-stm32.11.3.rel1.win32_1.1.100.202309141235/tools/bin/../lib/gcc/arm-none-eabi/11.3.1/thumb/v7e-m+fp/hard/crtbegin.o

.preinit_array  0x00000000080eb30c        0x0
                0x00000000080eb30c                . = ALIGN (0x4)
                0x00000000080eb30c                PROVIDE (__preinit_array_start = .)
 *(.preinit_array*)
                0x00000000080eb30c                PROVIDE (__preinit_array_end = .)
                0x00000000080eb30c                . = ALIGN (0x4)

.init_array     0x00000000080eb30c        0x4
                0x00000000080eb30c                . = ALIGN (0x4)
                0x00000000080eb30c                PROVIDE (__init_array_start = .)
 *(SORT_BY_NAME(.init_array.*))
 *(.init_array*)
 .init_array    0x00000000080eb30c        0x4 C:/ST/STM32CubeIDE_1.7.0/STM32CubeIDE/plugins/com.st.stm32cube.ide.mcu.externaltools.gnu-tools-for-stm32.11.3.rel1.win32_1.1.100.202309141235/tools/bin/../lib/gcc/arm-none-eabi/11.3.1/thumb/v7e-m+fp/hard/crtbegin.o
                0x00000000080eb310                PROVIDE (__init_array_end = .)
                0x00000000080eb310                . = ALIGN (0x4)

.fini_array     0x00000000080eb310        0x4
                0x00000000080eb310                . = ALIGN (0x4)
                [!provide]                        PROVIDE (__fini_array_start = .)
 *(SORT_BY_NAME(.fini_array.*))
 *(.fini_array*)
 .fini_array    0x00000000080eb310        0x4 C:/ST/STM32CubeIDE_1.7.0/STM32CubeIDE/plugins/com.st.stm32cube.ide.mcu.externaltools.gnu-tools-for-stm32.11.3.rel1.win32_1.1.100.202309141235/tools/bin/../lib/gcc/arm-none-eabi/11.3.1/thumb/v7e-m+fp/hard/crtbegin.o
                [!provide]                        PROVIDE (__fini_array_end = .)
                0x00000000080eb314                . = ALIGN (0x4)
                0x00000000080eb314                _sidata = LOADADDR (.data)

.data           0x0000000020000000       0x1c load address 0x00000000080eb314
                0x0000000020000000                . = ALIGN (0x4)
                0x0000000020000000                _sdata = .
 *(.data)
 *(.data*)
 .data.num_history
                0x0000000020000000        0x1 ./Core/Src/global.o
                0x0000000020000000                num_history
 *fill*         0x0000000020000001        0x3 
 .data.current_score
                0x0000000020000004        0x4 ./Core/Src/global.o
                0x0000000020000004                current_score
 .data.led7seg  0x0000000020000008        0x4 ./Core/Src/led_7seg.o
                0x0000000020000008                led7seg
 .data.spi_buffer
                0x000000002000000c        0x2 ./Core/Src/led_7seg.o
                0x000000002000000c                spi_buffer
 *fill*         0x000000002000000e        0x2 
 .data.SystemCoreClock
                0x0000000020000010        0x4 ./Core/Src/system_stm32f4xx.o
                0x0000000020000010                SystemCoreClock
 .data.uwTickPrio
                0x0000000020000014        0x4 ./Drivers/STM32F4xx_HAL_Driver/Src/stm32f4xx_hal.o
                0x0000000020000014                uwTickPrio
 .data.uwTickFreq
                0x0000000020000018        0x1 ./Drivers/STM32F4xx_HAL_Driver/Src/stm32f4xx_hal.o
                0x0000000020000018                uwTickFreq
 *(.RamFunc)
 *(.RamFunc*)
                0x000000002000001c                . = ALIGN (0x4)
 *fill*         0x0000000020000019        0x3 
                0x000000002000001c                _edata = .
                0x00000000080eb330                _siccmram = LOADADDR (.ccmram)

.igot.plt       0x000000002000001c        0x0 load address 0x00000000080eb330
 .igot.plt      0x000000002000001c        0x0 C:/ST/STM32CubeIDE_1.7.0/STM32CubeIDE/plugins/com.st.stm32cube.ide.mcu.externaltools.gnu-tools-for-stm32.11.3.rel1.win32_1.1.100.202309141235/tools/bin/../lib/gcc/arm-none-eabi/11.3.1/thumb/v7e-m+fp/hard/crtbegin.o

.ccmram         0x0000000010000000        0x0 load address 0x00000000080eb330
                0x0000000010000000                . = ALIGN (0x4)
                0x0000000010000000                _sccmram = .
 *(.ccmram)
 *(.ccmram*)
                0x0000000010000000                . = ALIGN (0x4)
                0x0000000010000000                _eccmram = .
                0x0000000010000000                . = ALIGN (0x4)

.bss            0x000000002000001c      0x6d8
                0x000000002000001c                _sbss = .
                0x000000002000001c                __bss_start__ = _sbss
 *(.bss)
 .bss           0x000000002000001c       0x1c C:/ST/STM32CubeIDE_1.7.0/STM32CubeIDE/plugins/com.st.stm32cube.ide.mcu.externaltools.gnu-tools-for-stm32.11.3.rel1.win32_1.1.100.202309141235/tools/bin/../lib/gcc/arm-none-eabi/11.3.1/thumb/v7e-m+fp/hard/crtbegin.o
 *(.bss*)
 .bss.hadc1     0x0000000020000038       0x48 ./Core/Src/adc.o
                0x0000000020000038                hadc1
 .bss.hsram1    0x0000000020000080       0x50 ./Core/Src/fsmc.o
                0x0000000020000080                hsram1
 .bss.history   0x00000000200000d0       0x6c ./Core/Src/global.o
                0x00000000200000d0                history
 .bss.snake     0x000000002000013c      0x320 ./Core/Src/global.o
                0x000000002000013c                snake
 .bss.pRight    0x000000002000045c       0x10 ./Core/Src/global.o
                0x000000002000045c                pRight
 .bss.hi2c1     0x000000002000046c       0x54 ./Core/Src/i2c.o
                0x000000002000046c                hi2c1
 .bss.lcddev    0x00000000200004c0        0x6 ./Core/Src/lcd.o
                0x00000000200004c0                lcddev
 .bss.led7_index
                0x00000000200004c6        0x2 ./Core/Src/led_7seg.o
                0x00000000200004c6                led7_index
 .bss.hdma_adc1
                0x00000000200004c8       0x60 ./Core/Src/main.o
                0x00000000200004c8                hdma_adc1
 .bss.flag_timer2
                0x0000000020000528        0x2 ./Core/Src/software_timer.o
                0x0000000020000528                flag_timer2
 .bss.timer2_counter
                0x000000002000052a        0x2 ./Core/Src/software_timer.o
                0x000000002000052a                timer2_counter
 .bss.timer2_MUL
                0x000000002000052c        0x2 ./Core/Src/software_timer.o
                0x000000002000052c                timer2_MUL
 *fill*         0x000000002000052e        0x2 
 .bss.hspi1     0x0000000020000530       0x58 ./Core/Src/spi.o
                0x0000000020000530                hspi1
 .bss.FSMC_Initialized
                0x0000000020000588        0x4 ./Core/Src/stm32f4xx_hal_msp.o
 .bss.htim1     0x000000002000058c       0x48 ./Core/Src/tim.o
                0x000000002000058c                htim1
 .bss.htim2     0x00000000200005d4       0x48 ./Core/Src/tim.o
                0x00000000200005d4                htim2
 .bss.htim13    0x000000002000061c       0x48 ./Core/Src/tim.o
                0x000000002000061c                htim13
 .bss.receive_buffer1
                0x0000000020000664        0x1 ./Core/Src/uart.o
                0x0000000020000664                receive_buffer1
 *fill*         0x0000000020000665        0x3 
 .bss.huart1    0x0000000020000668       0x44 ./Core/Src/usart.o
                0x0000000020000668                huart1
 .bss.huart2    0x00000000200006ac       0x44 ./Core/Src/usart.o
                0x00000000200006ac                huart2
 .bss.uwTick    0x00000000200006f0        0x4 ./Drivers/STM32F4xx_HAL_Driver/Src/stm32f4xx_hal.o
                0x00000000200006f0                uwTick
 *(COMMON)
                0x00000000200006f4                . = ALIGN (0x4)
                0x00000000200006f4                _ebss = .
                0x00000000200006f4                __bss_end__ = _ebss

._user_heap_stack
                0x00000000200006f4      0x604
                0x00000000200006f8                . = ALIGN (0x8)
 *fill*         0x00000000200006f4        0x4 
                [!provide]                        PROVIDE (end = .)
                0x00000000200006f8                PROVIDE (_end = .)
                0x00000000200008f8                . = (. + _Min_Heap_Size)
 *fill*         0x00000000200006f8      0x200 
                0x0000000020000cf8                . = (. + _Min_Stack_Size)
 *fill*         0x00000000200008f8      0x400 
                0x0000000020000cf8                . = ALIGN (0x8)

/DISCARD/
 libc.a(*)
 libm.a(*)
 libgcc.a(*)

.ARM.attributes
                0x0000000000000000       0x30
 *(.ARM.attributes)
 .ARM.attributes
                0x0000000000000000       0x1e C:/ST/STM32CubeIDE_1.7.0/STM32CubeIDE/plugins/com.st.stm32cube.ide.mcu.externaltools.gnu-tools-for-stm32.11.3.rel1.win32_1.1.100.202309141235/tools/bin/../lib/gcc/arm-none-eabi/11.3.1/thumb/v7e-m+fp/hard/crti.o
 .ARM.attributes
                0x000000000000001e       0x34 C:/ST/STM32CubeIDE_1.7.0/STM32CubeIDE/plugins/com.st.stm32cube.ide.mcu.externaltools.gnu-tools-for-stm32.11.3.rel1.win32_1.1.100.202309141235/tools/bin/../lib/gcc/arm-none-eabi/11.3.1/thumb/v7e-m+fp/hard/crtbegin.o
 .ARM.attributes
                0x0000000000000052       0x34 ./Core/Src/adc.o
 .ARM.attributes
                0x0000000000000086       0x34 ./Core/Src/button.o
 .ARM.attributes
                0x00000000000000ba       0x34 ./Core/Src/dma.o
 .ARM.attributes
                0x00000000000000ee       0x34 ./Core/Src/fsmc.o
 .ARM.attributes
                0x0000000000000122       0x34 ./Core/Src/global.o
 .ARM.attributes
                0x0000000000000156       0x34 ./Core/Src/gpio.o
 .ARM.attributes
                0x000000000000018a       0x34 ./Core/Src/i2c.o
 .ARM.attributes
                0x00000000000001be       0x34 ./Core/Src/interface.o
 .ARM.attributes
                0x00000000000001f2       0x34 ./Core/Src/lcd.o
 .ARM.attributes
                0x0000000000000226       0x34 ./Core/Src/led_7seg.o
 .ARM.attributes
                0x000000000000025a       0x34 ./Core/Src/main.o
 .ARM.attributes
                0x000000000000028e       0x34 ./Core/Src/picture.o
 .ARM.attributes
                0x00000000000002c2       0x34 ./Core/Src/software_timer.o
 .ARM.attributes
                0x00000000000002f6       0x34 ./Core/Src/spi.o
 .ARM.attributes
                0x000000000000032a       0x34 ./Core/Src/stm32f4xx_hal_msp.o
 .ARM.attributes
                0x000000000000035e       0x34 ./Core/Src/stm32f4xx_it.o
 .ARM.attributes
                0x0000000000000392       0x34 ./Core/Src/system_stm32f4xx.o
 .ARM.attributes
                0x00000000000003c6       0x34 ./Core/Src/tim.o
 .ARM.attributes
                0x00000000000003fa       0x34 ./Core/Src/uart.o
 .ARM.attributes
                0x000000000000042e       0x34 ./Core/Src/usart.o
 .ARM.attributes
                0x0000000000000462       0x21 ./Core/Startup/startup_stm32f407zgtx.o
 .ARM.attributes
                0x0000000000000483       0x34 ./Drivers/STM32F4xx_HAL_Driver/Src/stm32f4xx_hal.o
 .ARM.attributes
                0x00000000000004b7       0x34 ./Drivers/STM32F4xx_HAL_Driver/Src/stm32f4xx_hal_adc.o
 .ARM.attributes
                0x00000000000004eb       0x34 ./Drivers/STM32F4xx_HAL_Driver/Src/stm32f4xx_hal_cortex.o
 .ARM.attributes
                0x000000000000051f       0x34 ./Drivers/STM32F4xx_HAL_Driver/Src/stm32f4xx_hal_dma.o
 .ARM.attributes
                0x0000000000000553       0x34 ./Drivers/STM32F4xx_HAL_Driver/Src/stm32f4xx_hal_gpio.o
 .ARM.attributes
                0x0000000000000587       0x34 ./Drivers/STM32F4xx_HAL_Driver/Src/stm32f4xx_hal_i2c.o
 .ARM.attributes
                0x00000000000005bb       0x34 ./Drivers/STM32F4xx_HAL_Driver/Src/stm32f4xx_hal_rcc.o
 .ARM.attributes
                0x00000000000005ef       0x34 ./Drivers/STM32F4xx_HAL_Driver/Src/stm32f4xx_hal_spi.o
 .ARM.attributes
                0x0000000000000623       0x34 ./Drivers/STM32F4xx_HAL_Driver/Src/stm32f4xx_hal_sram.o
 .ARM.attributes
                0x0000000000000657       0x34 ./Drivers/STM32F4xx_HAL_Driver/Src/stm32f4xx_hal_tim.o
 .ARM.attributes
                0x000000000000068b       0x34 ./Drivers/STM32F4xx_HAL_Driver/Src/stm32f4xx_hal_tim_ex.o
 .ARM.attributes
                0x00000000000006bf       0x34 ./Drivers/STM32F4xx_HAL_Driver/Src/stm32f4xx_hal_uart.o
 .ARM.attributes
                0x00000000000006f3       0x34 ./Drivers/STM32F4xx_HAL_Driver/Src/stm32f4xx_ll_fsmc.o
 .ARM.attributes
                0x0000000000000727       0x34 C:/ST/STM32CubeIDE_1.7.0/STM32CubeIDE/plugins/com.st.stm32cube.ide.mcu.externaltools.gnu-tools-for-stm32.11.3.rel1.win32_1.1.100.202309141235/tools/bin/../lib/gcc/arm-none-eabi/11.3.1/../../../../arm-none-eabi/lib/thumb/v7e-m+fp/hard\libc_nano.a(libc_a-itoa.o)
 .ARM.attributes
                0x000000000000075b       0x34 C:/ST/STM32CubeIDE_1.7.0/STM32CubeIDE/plugins/com.st.stm32cube.ide.mcu.externaltools.gnu-tools-for-stm32.11.3.rel1.win32_1.1.100.202309141235/tools/bin/../lib/gcc/arm-none-eabi/11.3.1/../../../../arm-none-eabi/lib/thumb/v7e-m+fp/hard\libc_nano.a(libc_a-utoa.o)
 .ARM.attributes
                0x000000000000078f       0x34 C:/ST/STM32CubeIDE_1.7.0/STM32CubeIDE/plugins/com.st.stm32cube.ide.mcu.externaltools.gnu-tools-for-stm32.11.3.rel1.win32_1.1.100.202309141235/tools/bin/../lib/gcc/arm-none-eabi/11.3.1/../../../../arm-none-eabi/lib/thumb/v7e-m+fp/hard\libc_nano.a(libc_a-memset.o)
 .ARM.attributes
                0x00000000000007c3       0x34 C:/ST/STM32CubeIDE_1.7.0/STM32CubeIDE/plugins/com.st.stm32cube.ide.mcu.externaltools.gnu-tools-for-stm32.11.3.rel1.win32_1.1.100.202309141235/tools/bin/../lib/gcc/arm-none-eabi/11.3.1/../../../../arm-none-eabi/lib/thumb/v7e-m+fp/hard\libc_nano.a(libc_a-init.o)
 .ARM.attributes
                0x00000000000007f7       0x1e C:/ST/STM32CubeIDE_1.7.0/STM32CubeIDE/plugins/com.st.stm32cube.ide.mcu.externaltools.gnu-tools-for-stm32.11.3.rel1.win32_1.1.100.202309141235/tools/bin/../lib/gcc/arm-none-eabi/11.3.1/thumb/v7e-m+fp/hard\libgcc.a(_aeabi_uldivmod.o)
 .ARM.attributes
                0x0000000000000815       0x34 C:/ST/STM32CubeIDE_1.7.0/STM32CubeIDE/plugins/com.st.stm32cube.ide.mcu.externaltools.gnu-tools-for-stm32.11.3.rel1.win32_1.1.100.202309141235/tools/bin/../lib/gcc/arm-none-eabi/11.3.1/thumb/v7e-m+fp/hard\libgcc.a(_udivmoddi4.o)
 .ARM.attributes
                0x0000000000000849       0x1e C:/ST/STM32CubeIDE_1.7.0/STM32CubeIDE/plugins/com.st.stm32cube.ide.mcu.externaltools.gnu-tools-for-stm32.11.3.rel1.win32_1.1.100.202309141235/tools/bin/../lib/gcc/arm-none-eabi/11.3.1/thumb/v7e-m+fp/hard\libgcc.a(_dvmd_tls.o)
 .ARM.attributes
                0x0000000000000867       0x1e C:/ST/STM32CubeIDE_1.7.0/STM32CubeIDE/plugins/com.st.stm32cube.ide.mcu.externaltools.gnu-tools-for-stm32.11.3.rel1.win32_1.1.100.202309141235/tools/bin/../lib/gcc/arm-none-eabi/11.3.1/thumb/v7e-m+fp/hard/crtn.o
OUTPUT(FINAL.elf elf32-littlearm)
LOAD linker stubs
LOAD C:/ST/STM32CubeIDE_1.7.0/STM32CubeIDE/plugins/com.st.stm32cube.ide.mcu.externaltools.gnu-tools-for-stm32.11.3.rel1.win32_1.1.100.202309141235/tools/bin/../lib/gcc/arm-none-eabi/11.3.1/../../../../arm-none-eabi/lib/thumb/v7e-m+fp/hard\libc.a
LOAD C:/ST/STM32CubeIDE_1.7.0/STM32CubeIDE/plugins/com.st.stm32cube.ide.mcu.externaltools.gnu-tools-for-stm32.11.3.rel1.win32_1.1.100.202309141235/tools/bin/../lib/gcc/arm-none-eabi/11.3.1/../../../../arm-none-eabi/lib/thumb/v7e-m+fp/hard\libm.a
LOAD C:/ST/STM32CubeIDE_1.7.0/STM32CubeIDE/plugins/com.st.stm32cube.ide.mcu.externaltools.gnu-tools-for-stm32.11.3.rel1.win32_1.1.100.202309141235/tools/bin/../lib/gcc/arm-none-eabi/11.3.1/thumb/v7e-m+fp/hard\libgcc.a

.comment        0x0000000000000000       0x43
 .comment       0x0000000000000000       0x43 C:/ST/STM32CubeIDE_1.7.0/STM32CubeIDE/plugins/com.st.stm32cube.ide.mcu.externaltools.gnu-tools-for-stm32.11.3.rel1.win32_1.1.100.202309141235/tools/bin/../lib/gcc/arm-none-eabi/11.3.1/thumb/v7e-m+fp/hard/crtbegin.o
                                         0x44 (size before relaxing)
 .comment       0x0000000000000043       0x44 ./Core/Src/adc.o
 .comment       0x0000000000000043       0x44 ./Core/Src/button.o
 .comment       0x0000000000000043       0x44 ./Core/Src/dma.o
 .comment       0x0000000000000043       0x44 ./Core/Src/fsmc.o
 .comment       0x0000000000000043       0x44 ./Core/Src/global.o
 .comment       0x0000000000000043       0x44 ./Core/Src/gpio.o
 .comment       0x0000000000000043       0x44 ./Core/Src/i2c.o
 .comment       0x0000000000000043       0x44 ./Core/Src/interface.o
 .comment       0x0000000000000043       0x44 ./Core/Src/lcd.o
 .comment       0x0000000000000043       0x44 ./Core/Src/led_7seg.o
 .comment       0x0000000000000043       0x44 ./Core/Src/main.o
 .comment       0x0000000000000043       0x44 ./Core/Src/picture.o
 .comment       0x0000000000000043       0x44 ./Core/Src/software_timer.o
 .comment       0x0000000000000043       0x44 ./Core/Src/spi.o
 .comment       0x0000000000000043       0x44 ./Core/Src/stm32f4xx_hal_msp.o
 .comment       0x0000000000000043       0x44 ./Core/Src/stm32f4xx_it.o
 .comment       0x0000000000000043       0x44 ./Core/Src/system_stm32f4xx.o
 .comment       0x0000000000000043       0x44 ./Core/Src/tim.o
 .comment       0x0000000000000043       0x44 ./Core/Src/uart.o
 .comment       0x0000000000000043       0x44 ./Core/Src/usart.o
 .comment       0x0000000000000043       0x44 ./Drivers/STM32F4xx_HAL_Driver/Src/stm32f4xx_hal.o
 .comment       0x0000000000000043       0x44 ./Drivers/STM32F4xx_HAL_Driver/Src/stm32f4xx_hal_adc.o
 .comment       0x0000000000000043       0x44 ./Drivers/STM32F4xx_HAL_Driver/Src/stm32f4xx_hal_cortex.o
 .comment       0x0000000000000043       0x44 ./Drivers/STM32F4xx_HAL_Driver/Src/stm32f4xx_hal_dma.o
 .comment       0x0000000000000043       0x44 ./Drivers/STM32F4xx_HAL_Driver/Src/stm32f4xx_hal_gpio.o
 .comment       0x0000000000000043       0x44 ./Drivers/STM32F4xx_HAL_Driver/Src/stm32f4xx_hal_i2c.o
 .comment       0x0000000000000043       0x44 ./Drivers/STM32F4xx_HAL_Driver/Src/stm32f4xx_hal_rcc.o
 .comment       0x0000000000000043       0x44 ./Drivers/STM32F4xx_HAL_Driver/Src/stm32f4xx_hal_spi.o
 .comment       0x0000000000000043       0x44 ./Drivers/STM32F4xx_HAL_Driver/Src/stm32f4xx_hal_sram.o
 .comment       0x0000000000000043       0x44 ./Drivers/STM32F4xx_HAL_Driver/Src/stm32f4xx_hal_tim.o
 .comment       0x0000000000000043       0x44 ./Drivers/STM32F4xx_HAL_Driver/Src/stm32f4xx_hal_tim_ex.o
 .comment       0x0000000000000043       0x44 ./Drivers/STM32F4xx_HAL_Driver/Src/stm32f4xx_hal_uart.o
 .comment       0x0000000000000043       0x44 ./Drivers/STM32F4xx_HAL_Driver/Src/stm32f4xx_ll_fsmc.o

.debug_info     0x0000000000000000    0x191f0
 .debug_info    0x0000000000000000      0x646 ./Core/Src/adc.o
 .debug_info    0x0000000000000646      0x76e ./Core/Src/button.o
 .debug_info    0x0000000000000db4      0x4ad ./Core/Src/dma.o
 .debug_info    0x0000000000001261      0x607 ./Core/Src/fsmc.o
 .debug_info    0x0000000000001868      0x369 ./Core/Src/global.o
 .debug_info    0x0000000000001bd1      0x479 ./Core/Src/gpio.o
 .debug_info    0x000000000000204a      0x638 ./Core/Src/i2c.o
 .debug_info    0x0000000000002682      0x4d7 ./Core/Src/interface.o
 .debug_info    0x0000000000002b59      0xd9a ./Core/Src/lcd.o
 .debug_info    0x00000000000038f3      0x803 ./Core/Src/led_7seg.o
 .debug_info    0x00000000000040f6      0xa01 ./Core/Src/main.o
 .debug_info    0x0000000000004af7       0xd9 ./Core/Src/picture.o
 .debug_info    0x0000000000004bd0      0x745 ./Core/Src/software_timer.o
 .debug_info    0x0000000000005315      0x615 ./Core/Src/spi.o
 .debug_info    0x000000000000592a     0x1c2c ./Core/Src/stm32f4xx_hal_msp.o
 .debug_info    0x0000000000007556      0x9ae ./Core/Src/stm32f4xx_it.o
 .debug_info    0x0000000000007f04      0x512 ./Core/Src/system_stm32f4xx.o
 .debug_info    0x0000000000008416      0x8a2 ./Core/Src/tim.o
 .debug_info    0x0000000000008cb8      0x75a ./Core/Src/uart.o
 .debug_info    0x0000000000009412      0x5e5 ./Core/Src/usart.o
 .debug_info    0x00000000000099f7       0x23 ./Core/Startup/startup_stm32f407zgtx.o
 .debug_info    0x0000000000009a1a      0x948 ./Drivers/STM32F4xx_HAL_Driver/Src/stm32f4xx_hal.o
 .debug_info    0x000000000000a362      0xcb6 ./Drivers/STM32F4xx_HAL_Driver/Src/stm32f4xx_hal_adc.o
 .debug_info    0x000000000000b018      0xd46 ./Drivers/STM32F4xx_HAL_Driver/Src/stm32f4xx_hal_cortex.o
 .debug_info    0x000000000000bd5e      0x8e7 ./Drivers/STM32F4xx_HAL_Driver/Src/stm32f4xx_hal_dma.o
 .debug_info    0x000000000000c645      0x6c3 ./Drivers/STM32F4xx_HAL_Driver/Src/stm32f4xx_hal_gpio.o
 .debug_info    0x000000000000cd08     0x23e1 ./Drivers/STM32F4xx_HAL_Driver/Src/stm32f4xx_hal_i2c.o
 .debug_info    0x000000000000f0e9      0x8b1 ./Drivers/STM32F4xx_HAL_Driver/Src/stm32f4xx_hal_rcc.o
 .debug_info    0x000000000000f99a     0x15fb ./Drivers/STM32F4xx_HAL_Driver/Src/stm32f4xx_hal_spi.o
 .debug_info    0x0000000000010f95      0xb3e ./Drivers/STM32F4xx_HAL_Driver/Src/stm32f4xx_hal_sram.o
 .debug_info    0x0000000000011ad3     0x2949 ./Drivers/STM32F4xx_HAL_Driver/Src/stm32f4xx_hal_tim.o
 .debug_info    0x000000000001441c     0x14ae ./Drivers/STM32F4xx_HAL_Driver/Src/stm32f4xx_hal_tim_ex.o
 .debug_info    0x00000000000158ca     0x2f9a ./Drivers/STM32F4xx_HAL_Driver/Src/stm32f4xx_hal_uart.o
 .debug_info    0x0000000000018864      0x98c ./Drivers/STM32F4xx_HAL_Driver/Src/stm32f4xx_ll_fsmc.o

.debug_abbrev   0x0000000000000000     0x4089
 .debug_abbrev  0x0000000000000000      0x183 ./Core/Src/adc.o
 .debug_abbrev  0x0000000000000183      0x1dd ./Core/Src/button.o
 .debug_abbrev  0x0000000000000360      0x10e ./Core/Src/dma.o
 .debug_abbrev  0x000000000000046e      0x186 ./Core/Src/fsmc.o
 .debug_abbrev  0x00000000000005f4      0x117 ./Core/Src/global.o
 .debug_abbrev  0x000000000000070b      0x152 ./Core/Src/gpio.o
 .debug_abbrev  0x000000000000085d      0x161 ./Core/Src/i2c.o
 .debug_abbrev  0x00000000000009be      0x174 ./Core/Src/interface.o
 .debug_abbrev  0x0000000000000b32      0x341 ./Core/Src/lcd.o
 .debug_abbrev  0x0000000000000e73      0x1cc ./Core/Src/led_7seg.o
 .debug_abbrev  0x000000000000103f      0x269 ./Core/Src/main.o
 .debug_abbrev  0x00000000000012a8       0x6b ./Core/Src/picture.o
 .debug_abbrev  0x0000000000001313      0x204 ./Core/Src/software_timer.o
 .debug_abbrev  0x0000000000001517      0x173 ./Core/Src/spi.o
 .debug_abbrev  0x000000000000168a      0x287 ./Core/Src/stm32f4xx_hal_msp.o
 .debug_abbrev  0x0000000000001911      0x194 ./Core/Src/stm32f4xx_it.o
 .debug_abbrev  0x0000000000001aa5      0x11a ./Core/Src/system_stm32f4xx.o
 .debug_abbrev  0x0000000000001bbf      0x1cf ./Core/Src/tim.o
 .debug_abbrev  0x0000000000001d8e      0x232 ./Core/Src/uart.o
 .debug_abbrev  0x0000000000001fc0      0x168 ./Core/Src/usart.o
 .debug_abbrev  0x0000000000002128       0x12 ./Core/Startup/startup_stm32f407zgtx.o
 .debug_abbrev  0x000000000000213a      0x213 ./Drivers/STM32F4xx_HAL_Driver/Src/stm32f4xx_hal.o
 .debug_abbrev  0x000000000000234d      0x252 ./Drivers/STM32F4xx_HAL_Driver/Src/stm32f4xx_hal_adc.o
 .debug_abbrev  0x000000000000259f      0x327 ./Drivers/STM32F4xx_HAL_Driver/Src/stm32f4xx_hal_cortex.o
 .debug_abbrev  0x00000000000028c6      0x264 ./Drivers/STM32F4xx_HAL_Driver/Src/stm32f4xx_hal_dma.o
 .debug_abbrev  0x0000000000002b2a      0x1d4 ./Drivers/STM32F4xx_HAL_Driver/Src/stm32f4xx_hal_gpio.o
 .debug_abbrev  0x0000000000002cfe      0x2ad ./Drivers/STM32F4xx_HAL_Driver/Src/stm32f4xx_hal_i2c.o
 .debug_abbrev  0x0000000000002fab      0x2b6 ./Drivers/STM32F4xx_HAL_Driver/Src/stm32f4xx_hal_rcc.o
 .debug_abbrev  0x0000000000003261      0x284 ./Drivers/STM32F4xx_HAL_Driver/Src/stm32f4xx_hal_spi.o
 .debug_abbrev  0x00000000000034e5      0x208 ./Drivers/STM32F4xx_HAL_Driver/Src/stm32f4xx_hal_sram.o
 .debug_abbrev  0x00000000000036ed      0x271 ./Drivers/STM32F4xx_HAL_Driver/Src/stm32f4xx_hal_tim.o
 .debug_abbrev  0x000000000000395e      0x27c ./Drivers/STM32F4xx_HAL_Driver/Src/stm32f4xx_hal_tim_ex.o
 .debug_abbrev  0x0000000000003bda      0x307 ./Drivers/STM32F4xx_HAL_Driver/Src/stm32f4xx_hal_uart.o
 .debug_abbrev  0x0000000000003ee1      0x1a8 ./Drivers/STM32F4xx_HAL_Driver/Src/stm32f4xx_ll_fsmc.o

.debug_aranges  0x0000000000000000     0x16d8
 .debug_aranges
                0x0000000000000000       0x20 ./Core/Src/adc.o
 .debug_aranges
                0x0000000000000020       0x28 ./Core/Src/button.o
 .debug_aranges
                0x0000000000000048       0x20 ./Core/Src/dma.o
 .debug_aranges
                0x0000000000000068       0x20 ./Core/Src/fsmc.o
 .debug_aranges
                0x0000000000000088       0x28 ./Core/Src/global.o
 .debug_aranges
                0x00000000000000b0       0x20 ./Core/Src/gpio.o
 .debug_aranges
                0x00000000000000d0       0x20 ./Core/Src/i2c.o
 .debug_aranges
                0x00000000000000f0       0xc8 ./Core/Src/interface.o
 .debug_aranges
                0x00000000000001b8       0xd8 ./Core/Src/lcd.o
 .debug_aranges
                0x0000000000000290       0x48 ./Core/Src/led_7seg.o
 .debug_aranges
                0x00000000000002d8       0x40 ./Core/Src/main.o
 .debug_aranges
                0x0000000000000318       0x18 ./Core/Src/picture.o
 .debug_aranges
                0x0000000000000330       0x30 ./Core/Src/software_timer.o
 .debug_aranges
                0x0000000000000360       0x20 ./Core/Src/spi.o
 .debug_aranges
                0x0000000000000380       0x98 ./Core/Src/stm32f4xx_hal_msp.o
 .debug_aranges
                0x0000000000000418       0x80 ./Core/Src/stm32f4xx_it.o
 .debug_aranges
                0x0000000000000498       0x28 ./Core/Src/system_stm32f4xx.o
 .debug_aranges
                0x00000000000004c0       0x30 ./Core/Src/tim.o
 .debug_aranges
                0x00000000000004f0       0x48 ./Core/Src/uart.o
 .debug_aranges
                0x0000000000000538       0x28 ./Core/Src/usart.o
 .debug_aranges
                0x0000000000000560       0x28 ./Core/Startup/startup_stm32f407zgtx.o
 .debug_aranges
                0x0000000000000588       0xf0 ./Drivers/STM32F4xx_HAL_Driver/Src/stm32f4xx_hal.o
 .debug_aranges
                0x0000000000000678       0xe8 ./Drivers/STM32F4xx_HAL_Driver/Src/stm32f4xx_hal_adc.o
 .debug_aranges
                0x0000000000000760      0x118 ./Drivers/STM32F4xx_HAL_Driver/Src/stm32f4xx_hal_cortex.o
 .debug_aranges
                0x0000000000000878       0x90 ./Drivers/STM32F4xx_HAL_Driver/Src/stm32f4xx_hal_dma.o
 .debug_aranges
                0x0000000000000908       0x58 ./Drivers/STM32F4xx_HAL_Driver/Src/stm32f4xx_hal_gpio.o
 .debug_aranges
                0x0000000000000960      0x2a0 ./Drivers/STM32F4xx_HAL_Driver/Src/stm32f4xx_hal_i2c.o
 .debug_aranges
                0x0000000000000c00       0x88 ./Drivers/STM32F4xx_HAL_Driver/Src/stm32f4xx_hal_rcc.o
 .debug_aranges
                0x0000000000000c88      0x1d0 ./Drivers/STM32F4xx_HAL_Driver/Src/stm32f4xx_hal_spi.o
 .debug_aranges
                0x0000000000000e58       0xa0 ./Drivers/STM32F4xx_HAL_Driver/Src/stm32f4xx_hal_sram.o
 .debug_aranges
                0x0000000000000ef8      0x3d0 ./Drivers/STM32F4xx_HAL_Driver/Src/stm32f4xx_hal_tim.o
 .debug_aranges
                0x00000000000012c8      0x168 ./Drivers/STM32F4xx_HAL_Driver/Src/stm32f4xx_hal_tim_ex.o
 .debug_aranges
                0x0000000000001430      0x200 ./Drivers/STM32F4xx_HAL_Driver/Src/stm32f4xx_hal_uart.o
 .debug_aranges
                0x0000000000001630       0xa8 ./Drivers/STM32F4xx_HAL_Driver/Src/stm32f4xx_ll_fsmc.o

.debug_rnglists
                0x0000000000000000     0x11b1
 .debug_rnglists
                0x0000000000000000       0x14 ./Core/Src/adc.o
 .debug_rnglists
                0x0000000000000014       0x1a ./Core/Src/button.o
 .debug_rnglists
                0x000000000000002e       0x13 ./Core/Src/dma.o
 .debug_rnglists
                0x0000000000000041       0x14 ./Core/Src/fsmc.o
 .debug_rnglists
                0x0000000000000055       0x19 ./Core/Src/global.o
 .debug_rnglists
                0x000000000000006e       0x14 ./Core/Src/gpio.o
 .debug_rnglists
                0x0000000000000082       0x13 ./Core/Src/i2c.o
 .debug_rnglists
                0x0000000000000095       0x97 ./Core/Src/interface.o
 .debug_rnglists
                0x000000000000012c       0xa8 ./Core/Src/lcd.o
 .debug_rnglists
                0x00000000000001d4       0x32 ./Core/Src/led_7seg.o
 .debug_rnglists
                0x0000000000000206       0x2d ./Core/Src/main.o
 .debug_rnglists
                0x0000000000000233       0x1f ./Core/Src/software_timer.o
 .debug_rnglists
                0x0000000000000252       0x13 ./Core/Src/spi.o
 .debug_rnglists
                0x0000000000000265       0x73 ./Core/Src/stm32f4xx_hal_msp.o
 .debug_rnglists
                0x00000000000002d8       0x5b ./Core/Src/stm32f4xx_it.o
 .debug_rnglists
                0x0000000000000333       0x1a ./Core/Src/system_stm32f4xx.o
 .debug_rnglists
                0x000000000000034d       0x22 ./Core/Src/tim.o
 .debug_rnglists
                0x000000000000036f       0x32 ./Core/Src/uart.o
 .debug_rnglists
                0x00000000000003a1       0x19 ./Core/Src/usart.o
 .debug_rnglists
                0x00000000000003ba       0x19 ./Core/Startup/startup_stm32f407zgtx.o
 .debug_rnglists
                0x00000000000003d3       0xaf ./Drivers/STM32F4xx_HAL_Driver/Src/stm32f4xx_hal.o
 .debug_rnglists
                0x0000000000000482       0xb5 ./Drivers/STM32F4xx_HAL_Driver/Src/stm32f4xx_hal_adc.o
 .debug_rnglists
                0x0000000000000537       0xce ./Drivers/STM32F4xx_HAL_Driver/Src/stm32f4xx_hal_cortex.o
 .debug_rnglists
                0x0000000000000605       0x70 ./Drivers/STM32F4xx_HAL_Driver/Src/stm32f4xx_hal_dma.o
 .debug_rnglists
                0x0000000000000675       0x3f ./Drivers/STM32F4xx_HAL_Driver/Src/stm32f4xx_hal_gpio.o
 .debug_rnglists
                0x00000000000006b4      0x23f ./Drivers/STM32F4xx_HAL_Driver/Src/stm32f4xx_hal_i2c.o
 .debug_rnglists
                0x00000000000008f3       0x66 ./Drivers/STM32F4xx_HAL_Driver/Src/stm32f4xx_hal_rcc.o
 .debug_rnglists
                0x0000000000000959      0x16f ./Drivers/STM32F4xx_HAL_Driver/Src/stm32f4xx_hal_spi.o
 .debug_rnglists
                0x0000000000000ac8       0x76 ./Drivers/STM32F4xx_HAL_Driver/Src/stm32f4xx_hal_sram.o
 .debug_rnglists
                0x0000000000000b3e      0x31a ./Drivers/STM32F4xx_HAL_Driver/Src/stm32f4xx_hal_tim.o
 .debug_rnglists
                0x0000000000000e58      0x125 ./Drivers/STM32F4xx_HAL_Driver/Src/stm32f4xx_hal_tim_ex.o
 .debug_rnglists
                0x0000000000000f7d      0x1b7 ./Drivers/STM32F4xx_HAL_Driver/Src/stm32f4xx_hal_uart.o
 .debug_rnglists
                0x0000000000001134       0x7d ./Drivers/STM32F4xx_HAL_Driver/Src/stm32f4xx_ll_fsmc.o

.debug_macro    0x0000000000000000    0x25632
 .debug_macro   0x0000000000000000      0x24e ./Core/Src/adc.o
 .debug_macro   0x000000000000024e      0xaa8 ./Core/Src/adc.o
 .debug_macro   0x0000000000000cf6      0x2b3 ./Core/Src/adc.o
 .debug_macro   0x0000000000000fa9       0x2e ./Core/Src/adc.o
 .debug_macro   0x0000000000000fd7       0x2f ./Core/Src/adc.o
 .debug_macro   0x0000000000001006       0x22 ./Core/Src/adc.o
 .debug_macro   0x0000000000001028       0x8e ./Core/Src/adc.o
 .debug_macro   0x00000000000010b6       0x51 ./Core/Src/adc.o
 .debug_macro   0x0000000000001107      0x103 ./Core/Src/adc.o
 .debug_macro   0x000000000000120a       0x6a ./Core/Src/adc.o
 .debug_macro   0x0000000000001274      0x1df ./Core/Src/adc.o
 .debug_macro   0x0000000000001453       0x1c ./Core/Src/adc.o
 .debug_macro   0x000000000000146f       0x22 ./Core/Src/adc.o
 .debug_macro   0x0000000000001491       0xd9 ./Core/Src/adc.o
 .debug_macro   0x000000000000156a     0x102d ./Core/Src/adc.o
 .debug_macro   0x0000000000002597      0x11f ./Core/Src/adc.o
 .debug_macro   0x00000000000026b6    0x15e58 ./Core/Src/adc.o
 .debug_macro   0x000000000001850e       0x6d ./Core/Src/adc.o
 .debug_macro   0x000000000001857b     0x3666 ./Core/Src/adc.o
 .debug_macro   0x000000000001bbe1      0x174 ./Core/Src/adc.o
 .debug_macro   0x000000000001bd55       0x5c ./Core/Src/adc.o
 .debug_macro   0x000000000001bdb1      0x96b ./Core/Src/adc.o
 .debug_macro   0x000000000001c71c      0x9fe ./Core/Src/adc.o
 .debug_macro   0x000000000001d11a      0x116 ./Core/Src/adc.o
 .debug_macro   0x000000000001d230      0x13e ./Core/Src/adc.o
 .debug_macro   0x000000000001d36e       0xa5 ./Core/Src/adc.o
 .debug_macro   0x000000000001d413      0x174 ./Core/Src/adc.o
 .debug_macro   0x000000000001d587      0x287 ./Core/Src/adc.o
 .debug_macro   0x000000000001d80e       0x5f ./Core/Src/adc.o
 .debug_macro   0x000000000001d86d      0x236 ./Core/Src/adc.o
 .debug_macro   0x000000000001daa3      0xb5b ./Core/Src/adc.o
 .debug_macro   0x000000000001e5fe      0x38b ./Core/Src/adc.o
 .debug_macro   0x000000000001e989      0x176 ./Core/Src/adc.o
 .debug_macro   0x000000000001eaff       0xf9 ./Core/Src/adc.o
 .debug_macro   0x000000000001ebf8      0x12c ./Core/Src/adc.o
 .debug_macro   0x000000000001ed24      0x21e ./Core/Src/adc.o
 .debug_macro   0x000000000001ef42       0x2e ./Core/Src/adc.o
 .debug_macro   0x000000000001ef70      0x543 ./Core/Src/adc.o
 .debug_macro   0x000000000001f4b3      0x1b5 ./Core/Src/adc.o
 .debug_macro   0x000000000001f668       0xd6 ./Core/Src/adc.o
 .debug_macro   0x000000000001f73e      0x11a ./Core/Src/adc.o
 .debug_macro   0x000000000001f858       0x7e ./Core/Src/adc.o
 .debug_macro   0x000000000001f8d6       0x89 ./Core/Src/adc.o
 .debug_macro   0x000000000001f95f      0x225 ./Core/Src/adc.o
 .debug_macro   0x000000000001fb84      0x8d1 ./Core/Src/adc.o
 .debug_macro   0x0000000000020455       0x47 ./Core/Src/adc.o
 .debug_macro   0x000000000002049c      0x295 ./Core/Src/adc.o
 .debug_macro   0x0000000000020731      0x12d ./Core/Src/adc.o
 .debug_macro   0x000000000002085e       0x94 ./Core/Src/adc.o
 .debug_macro   0x00000000000208f2      0x258 ./Core/Src/button.o
 .debug_macro   0x0000000000020b4a      0x24e ./Core/Src/dma.o
 .debug_macro   0x0000000000020d98      0x24e ./Core/Src/fsmc.o
 .debug_macro   0x0000000000020fe6      0x253 ./Core/Src/global.o
 .debug_macro   0x0000000000021239      0x24e ./Core/Src/gpio.o
 .debug_macro   0x0000000000021487      0x24e ./Core/Src/i2c.o
 .debug_macro   0x00000000000216d5      0x371 ./Core/Src/interface.o
 .debug_macro   0x0000000000021a46       0x64 ./Core/Src/interface.o
 .debug_macro   0x0000000000021aaa      0x359 ./Core/Src/lcd.o
 .debug_macro   0x0000000000021e03      0x258 ./Core/Src/led_7seg.o
 .debug_macro   0x000000000002205b      0x4a1 ./Core/Src/main.o
 .debug_macro   0x00000000000224fc       0x1c ./Core/Src/main.o
 .debug_macro   0x0000000000022518       0x1c ./Core/Src/main.o
 .debug_macro   0x0000000000022534       0x1b ./Core/Src/picture.o
 .debug_macro   0x000000000002254f      0x25e ./Core/Src/software_timer.o
 .debug_macro   0x00000000000227ad      0x24e ./Core/Src/spi.o
 .debug_macro   0x00000000000229fb      0x244 ./Core/Src/stm32f4xx_hal_msp.o
 .debug_macro   0x0000000000022c3f      0x24e ./Core/Src/stm32f4xx_it.o
 .debug_macro   0x0000000000022e8d      0x235 ./Core/Src/system_stm32f4xx.o
 .debug_macro   0x00000000000230c2      0x24e ./Core/Src/tim.o
 .debug_macro   0x0000000000023310      0x33a ./Core/Src/uart.o
 .debug_macro   0x000000000002364a      0x24e ./Core/Src/usart.o
 .debug_macro   0x0000000000023898      0x295 ./Drivers/STM32F4xx_HAL_Driver/Src/stm32f4xx_hal.o
 .debug_macro   0x0000000000023b2d      0x236 ./Drivers/STM32F4xx_HAL_Driver/Src/stm32f4xx_hal_adc.o
 .debug_macro   0x0000000000023d63      0x235 ./Drivers/STM32F4xx_HAL_Driver/Src/stm32f4xx_hal_cortex.o
 .debug_macro   0x0000000000023f98      0x23b ./Drivers/STM32F4xx_HAL_Driver/Src/stm32f4xx_hal_dma.o
 .debug_macro   0x00000000000241d3      0x23b ./Drivers/STM32F4xx_HAL_Driver/Src/stm32f4xx_hal_gpio.o
 .debug_macro   0x000000000002440e      0x27c ./Drivers/STM32F4xx_HAL_Driver/Src/stm32f4xx_hal_i2c.o
 .debug_macro   0x000000000002468a      0x259 ./Drivers/STM32F4xx_HAL_Driver/Src/stm32f4xx_hal_rcc.o
 .debug_macro   0x00000000000248e3      0x244 ./Drivers/STM32F4xx_HAL_Driver/Src/stm32f4xx_hal_spi.o
 .debug_macro   0x0000000000024b27      0x235 ./Drivers/STM32F4xx_HAL_Driver/Src/stm32f4xx_hal_sram.o
 .debug_macro   0x0000000000024d5c      0x236 ./Drivers/STM32F4xx_HAL_Driver/Src/stm32f4xx_hal_tim.o
 .debug_macro   0x0000000000024f92      0x235 ./Drivers/STM32F4xx_HAL_Driver/Src/stm32f4xx_hal_tim_ex.o
 .debug_macro   0x00000000000251c7      0x236 ./Drivers/STM32F4xx_HAL_Driver/Src/stm32f4xx_hal_uart.o
 .debug_macro   0x00000000000253fd      0x235 ./Drivers/STM32F4xx_HAL_Driver/Src/stm32f4xx_ll_fsmc.o

.debug_line     0x0000000000000000    0x1fcaf
 .debug_line    0x0000000000000000      0x87d ./Core/Src/adc.o
 .debug_line    0x000000000000087d      0x88a ./Core/Src/button.o
 .debug_line    0x0000000000001107      0x804 ./Core/Src/dma.o
 .debug_line    0x000000000000190b      0x860 ./Core/Src/fsmc.o
 .debug_line    0x000000000000216b      0x849 ./Core/Src/global.o
 .debug_line    0x00000000000029b4      0x880 ./Core/Src/gpio.o
 .debug_line    0x0000000000003234      0x825 ./Core/Src/i2c.o
 .debug_line    0x0000000000003a59      0xca5 ./Core/Src/interface.o
 .debug_line    0x00000000000046fe     0x1091 ./Core/Src/lcd.o
 .debug_line    0x000000000000578f      0x901 ./Core/Src/led_7seg.o
 .debug_line    0x0000000000006090      0xbd4 ./Core/Src/main.o
 .debug_line    0x0000000000006c64       0x4f ./Core/Src/picture.o
 .debug_line    0x0000000000006cb3      0x870 ./Core/Src/software_timer.o
 .debug_line    0x0000000000007523      0x82e ./Core/Src/spi.o
 .debug_line    0x0000000000007d51      0xaf7 ./Core/Src/stm32f4xx_hal_msp.o
 .debug_line    0x0000000000008848      0x92b ./Core/Src/stm32f4xx_it.o
 .debug_line    0x0000000000009173      0x88a ./Core/Src/system_stm32f4xx.o
 .debug_line    0x00000000000099fd      0x8de ./Core/Src/tim.o
 .debug_line    0x000000000000a2db      0xa32 ./Core/Src/uart.o
 .debug_line    0x000000000000ad0d      0x85d ./Core/Src/usart.o
 .debug_line    0x000000000000b56a       0x7a ./Core/Startup/startup_stm32f407zgtx.o
 .debug_line    0x000000000000b5e4      0xaf0 ./Drivers/STM32F4xx_HAL_Driver/Src/stm32f4xx_hal.o
 .debug_line    0x000000000000c0d4     0x136e ./Drivers/STM32F4xx_HAL_Driver/Src/stm32f4xx_hal_adc.o
 .debug_line    0x000000000000d442      0xd9f ./Drivers/STM32F4xx_HAL_Driver/Src/stm32f4xx_hal_cortex.o
 .debug_line    0x000000000000e1e1     0x1057 ./Drivers/STM32F4xx_HAL_Driver/Src/stm32f4xx_hal_dma.o
 .debug_line    0x000000000000f238      0xc66 ./Drivers/STM32F4xx_HAL_Driver/Src/stm32f4xx_hal_gpio.o
 .debug_line    0x000000000000fe9e     0x3aa9 ./Drivers/STM32F4xx_HAL_Driver/Src/stm32f4xx_hal_i2c.o
 .debug_line    0x0000000000013947      0xe69 ./Drivers/STM32F4xx_HAL_Driver/Src/stm32f4xx_hal_rcc.o
 .debug_line    0x00000000000147b0     0x1d7f ./Drivers/STM32F4xx_HAL_Driver/Src/stm32f4xx_hal_spi.o
 .debug_line    0x000000000001652f      0xc92 ./Drivers/STM32F4xx_HAL_Driver/Src/stm32f4xx_hal_sram.o
 .debug_line    0x00000000000171c1     0x37e8 ./Drivers/STM32F4xx_HAL_Driver/Src/stm32f4xx_hal_tim.o
 .debug_line    0x000000000001a9a9     0x1aed ./Drivers/STM32F4xx_HAL_Driver/Src/stm32f4xx_hal_tim_ex.o
 .debug_line    0x000000000001c496     0x2b74 ./Drivers/STM32F4xx_HAL_Driver/Src/stm32f4xx_hal_uart.o
 .debug_line    0x000000000001f00a      0xca5 ./Drivers/STM32F4xx_HAL_Driver/Src/stm32f4xx_ll_fsmc.o

.debug_str      0x0000000000000000    0xdf514
 .debug_str     0x0000000000000000    0xd59be ./Core/Src/adc.o
                                      0xd5cd2 (size before relaxing)
 .debug_str     0x00000000000d59be      0x2c1 ./Core/Src/button.o
                                      0xd5daa (size before relaxing)
 .debug_str     0x00000000000d5c7f      0x62b ./Core/Src/dma.o
                                      0xd5e7b (size before relaxing)
 .debug_str     0x00000000000d62aa      0x221 ./Core/Src/fsmc.o
                                      0xd5d57 (size before relaxing)
 .debug_str     0x00000000000d64cb      0x172 ./Core/Src/global.o
                                      0xd59ec (size before relaxing)
 .debug_str     0x00000000000d663d       0x6b ./Core/Src/gpio.o
                                      0xd5a29 (size before relaxing)
 .debug_str     0x00000000000d66a8      0x290 ./Core/Src/i2c.o
                                      0xd5da3 (size before relaxing)
 .debug_str     0x00000000000d6938     0x382e ./Core/Src/interface.o
                                      0xd918b (size before relaxing)
 .debug_str     0x00000000000da166      0x23c ./Core/Src/lcd.o
                                      0xd8fcf (size before relaxing)
 .debug_str     0x00000000000da3a2       0xaa ./Core/Src/led_7seg.o
                                      0xd5df4 (size before relaxing)
 .debug_str     0x00000000000da44c      0x9dc ./Core/Src/main.o
                                      0xd9ec8 (size before relaxing)
 .debug_str     0x00000000000dae28       0x16 ./Core/Src/picture.o
                                       0x2e30 (size before relaxing)
 .debug_str     0x00000000000dae3e      0x2ff ./Core/Src/software_timer.o
                                      0xd5e78 (size before relaxing)
 .debug_str     0x00000000000db13d       0x1f ./Core/Src/spi.o
                                      0xd5d00 (size before relaxing)
 .debug_str     0x00000000000db15c      0x337 ./Core/Src/stm32f4xx_hal_msp.o
                                      0xd6f3c (size before relaxing)
 .debug_str     0x00000000000db493      0x15d ./Core/Src/stm32f4xx_it.o
                                      0xd60b7 (size before relaxing)
 .debug_str     0x00000000000db5f0       0xdb ./Core/Src/system_stm32f4xx.o
                                      0xd57d6 (size before relaxing)
 .debug_str     0x00000000000db6cb      0x18f ./Core/Src/tim.o
                                      0xd5f8d (size before relaxing)
 .debug_str     0x00000000000db85a       0xe1 ./Core/Src/uart.o
                                      0xd94fc (size before relaxing)
 .debug_str     0x00000000000db93b       0x22 ./Core/Src/usart.o
                                      0xd5d21 (size before relaxing)
 .debug_str     0x00000000000db95d       0x34 ./Core/Startup/startup_stm32f407zgtx.o
                                         0x5d (size before relaxing)
 .debug_str     0x00000000000db991      0x603 ./Drivers/STM32F4xx_HAL_Driver/Src/stm32f4xx_hal.o
                                      0xd635a (size before relaxing)
 .debug_str     0x00000000000dbf94      0x2b4 ./Drivers/STM32F4xx_HAL_Driver/Src/stm32f4xx_hal_adc.o
                                      0xd5db4 (size before relaxing)
 .debug_str     0x00000000000dc248      0x326 ./Drivers/STM32F4xx_HAL_Driver/Src/stm32f4xx_hal_cortex.o
                                      0xd608d (size before relaxing)
 .debug_str     0x00000000000dc56e      0x2c7 ./Drivers/STM32F4xx_HAL_Driver/Src/stm32f4xx_hal_dma.o
                                      0xd5bf0 (size before relaxing)
 .debug_str     0x00000000000dc835      0x109 ./Drivers/STM32F4xx_HAL_Driver/Src/stm32f4xx_hal_gpio.o
                                      0xd5951 (size before relaxing)
 .debug_str     0x00000000000dc93e      0xab6 ./Drivers/STM32F4xx_HAL_Driver/Src/stm32f4xx_hal_i2c.o
                                      0xd67a1 (size before relaxing)
 .debug_str     0x00000000000dd3f4      0x213 ./Drivers/STM32F4xx_HAL_Driver/Src/stm32f4xx_hal_rcc.o
                                      0xd5c0a (size before relaxing)
 .debug_str     0x00000000000dd607      0x531 ./Drivers/STM32F4xx_HAL_Driver/Src/stm32f4xx_hal_spi.o
                                      0xd609a (size before relaxing)
 .debug_str     0x00000000000ddb38      0x1a0 ./Drivers/STM32F4xx_HAL_Driver/Src/stm32f4xx_hal_sram.o
                                      0xd5d7d (size before relaxing)
 .debug_str     0x00000000000ddcd8      0xd0f ./Drivers/STM32F4xx_HAL_Driver/Src/stm32f4xx_hal_tim.o
                                      0xd6b50 (size before relaxing)
 .debug_str     0x00000000000de9e7      0x493 ./Drivers/STM32F4xx_HAL_Driver/Src/stm32f4xx_hal_tim_ex.o
                                      0xd636c (size before relaxing)
 .debug_str     0x00000000000dee7a      0x595 ./Drivers/STM32F4xx_HAL_Driver/Src/stm32f4xx_hal_uart.o
                                      0xd61a9 (size before relaxing)
 .debug_str     0x00000000000df40f      0x105 ./Drivers/STM32F4xx_HAL_Driver/Src/stm32f4xx_ll_fsmc.o
                                      0xd5b85 (size before relaxing)

.debug_frame    0x0000000000000000     0x5e3c
 .debug_frame   0x0000000000000000       0x34 ./Core/Src/adc.o
 .debug_frame   0x0000000000000034       0x50 ./Core/Src/button.o
 .debug_frame   0x0000000000000084       0x34 ./Core/Src/dma.o
 .debug_frame   0x00000000000000b8       0x34 ./Core/Src/fsmc.o
 .debug_frame   0x00000000000000ec       0x58 ./Core/Src/global.o
 .debug_frame   0x0000000000000144       0x38 ./Core/Src/gpio.o
 .debug_frame   0x000000000000017c       0x2c ./Core/Src/i2c.o
 .debug_frame   0x00000000000001a8      0x330 ./Core/Src/interface.o
 .debug_frame   0x00000000000004d8      0x394 ./Core/Src/lcd.o
 .debug_frame   0x000000000000086c       0xe8 ./Core/Src/led_7seg.o
 .debug_frame   0x0000000000000954       0xa0 ./Core/Src/main.o
 .debug_frame   0x00000000000009f4       0x78 ./Core/Src/software_timer.o
 .debug_frame   0x0000000000000a6c       0x2c ./Core/Src/spi.o
 .debug_frame   0x0000000000000a98      0x24c ./Core/Src/stm32f4xx_hal_msp.o
 .debug_frame   0x0000000000000ce4      0x174 ./Core/Src/stm32f4xx_it.o
 .debug_frame   0x0000000000000e58       0x58 ./Core/Src/system_stm32f4xx.o
 .debug_frame   0x0000000000000eb0       0x7c ./Core/Src/tim.o
 .debug_frame   0x0000000000000f2c       0xe0 ./Core/Src/uart.o
 .debug_frame   0x000000000000100c       0x48 ./Core/Src/usart.o
 .debug_frame   0x0000000000001054      0x374 ./Drivers/STM32F4xx_HAL_Driver/Src/stm32f4xx_hal.o
 .debug_frame   0x00000000000013c8      0x3fc ./Drivers/STM32F4xx_HAL_Driver/Src/stm32f4xx_hal_adc.o