../Core/Src/touch.c:90:17:TP_Read_XOY	56	static
../Core/Src/touch.c:115:16:TP_Read_XY	16	static
../Core/Src/touch.c:144:13:TP_Drow_Touch_Point	40	static
../Core/Src/touch.c:126:16:TP_Read_XY2.constprop	16	static
../Core/Src/touch.c:199:16:TP_Scan	16	static
../Core/Src/touch.c:239:16:TP_Get_Adjdata.isra	8	static
../Core/Src/touch.c:381:6:touch_init	8	static
../Core/Src/touch.c:253:6:touch_Adjust	104	static
../Core/Src/touch.c:164:6:LCD_DrawRoughLine	64	static
../Core/Src/touch.c:388:6:touch_Scan	0	static
../Core/Src/touch.c:392:9:touch_IsTouched	8	static
../Core/Src/touch.c:396:10:touch_GetX	0	static
../Core/Src/touch.c:400:10:touch_GetY	0	static
