../Core/Src/ssd2119_16bit_fsmc.c:129:6:GetASCIICode	16	static
../Core/Src/ssd2119_16bit_fsmc.c:226:13:SSD2119_ResetDisplay	40	static
../Core/Src/ssd2119_16bit_fsmc.c:264:13:SSD2119_WriteReg	16	static
../Core/Src/ssd2119_16bit_fsmc.c:295:6:SSD2119_Init	8	static
../Core/Src/ssd2119_16bit_fsmc.c:377:10:SSD2119_ReadID	4	static
../Core/Src/ssd2119_16bit_fsmc.c:399:6:SSD2119_SetDataPosition	16	static
../Core/Src/ssd2119_16bit_fsmc.c:432:6:SSD2119_SetDataWindow	32	static
../Core/Src/ssd2119_16bit_fsmc.c:468:6:SSD2119_WriteData	16	static
../Core/Src/ssd2119_16bit_fsmc.c:474:6:Lcd_SetPoint	16	static
../Core/Src/ssd2119_16bit_fsmc.c:482:6:LCD_DrawLine1	32	static
../Core/Src/ssd2119_16bit_fsmc.c:565:6:LCD_PutCharFont	48	static
../Core/Src/ssd2119_16bit_fsmc.c:602:6:LCD_PutChar	32	static
../Core/Src/ssd2119_16bit_fsmc.c:609:6:LCD_CleanPutCharFont	48	static
../Core/Src/ssd2119_16bit_fsmc.c:642:6:LCD_CleanPutChar	32	static
../Core/Src/ssd2119_16bit_fsmc.c:691:6:LCD_CleanText	32	static
../Core/Src/ssd2119_16bit_fsmc.c:695:6:LCD_CleanTextFont	48	static
../Core/Src/ssd2119_16bit_fsmc.c:720:6:LCD_DrawPicture	32	static
../Core/Src/ssd2119_16bit_fsmc.c:737:6:LCD_DrawPicture8bit	40	static
../Core/Src/ssd2119_16bit_fsmc.c:756:6:LCD_DrawCircle1	40	static
../Core/Src/ssd2119_16bit_fsmc.c:791:6:LCD_FillCircle	40	static
../Core/Src/ssd2119_16bit_fsmc.c:825:6:LCD_DrawRect	32	static
../Core/Src/ssd2119_16bit_fsmc.c:844:6:LCD_FillRect	32	static
../Core/Src/ssd2119_16bit_fsmc.c:869:6:LCD_DrawTriangle	32	static
../Core/Src/ssd2119_16bit_fsmc.c:889:6:swap	24	static
../Core/Src/ssd2119_16bit_fsmc.c:897:6:Draw_V_Line	24	static
../Core/Src/ssd2119_16bit_fsmc.c:912:6:Draw_H_Line	24	static
../Core/Src/ssd2119_16bit_fsmc.c:925:6:Draw_Rectangle	48	static
../Core/Src/ssd2119_16bit_fsmc.c:989:6:Draw_H_Bar	48	static
../Core/Src/ssd2119_16bit_fsmc.c:1009:6:Draw_V_Bar	48	static
../Core/Src/ssd2119_16bit_fsmc.c:1031:6:LCD_Clear	24	static
../Core/Src/ssd2119_16bit_fsmc.c:1057:6:SSD2119_WriteMultipleData	16	static
../Core/Src/ssd2119_16bit_fsmc.c:1066:6:LCD_SetFont	16	static
../Core/Src/ssd2119_16bit_fsmc.c:1071:6:LCD_SetColors	16	static
../Core/Src/ssd2119_16bit_fsmc.c:1077:6:LCD_GetColors	16	static
../Core/Src/ssd2119_16bit_fsmc.c:1082:6:LCD_SetTextColor	16	static
../Core/Src/ssd2119_16bit_fsmc.c:1087:6:LCD_SetBackColor	16	static
../Core/Src/ssd2119_16bit_fsmc.c:1093:6:LCD_WriteRAM_Prepare	4	static
../Core/Src/ssd2119_16bit_fsmc.c:1098:6:LCD_WriteRAM	16	static
../Core/Src/ssd2119_16bit_fsmc.c:1104:6:LCD_WriteReg	16	static
../Core/Src/ssd2119_16bit_fsmc.c:1112:6:LCD_SetCursor	16	static
../Core/Src/ssd2119_16bit_fsmc.c:1121:6:LCD_DrawLine	32	static
../Core/Src/ssd2119_16bit_fsmc.c:1146:6:LCD_DrawFullRectFill	32	static
../Core/Src/ssd2119_16bit_fsmc.c:1172:6:LCD_DrawCircle	32	static
../Core/Src/ssd2119_16bit_fsmc.c:1222:6:LCD_DrawFullCircleFill	40	static
../Core/Src/ssd2119_16bit_fsmc.c:1271:6:LCD_DrawFullCircle	16	static
../Core/Src/ssd2119_16bit_fsmc.c:1276:8:LCD_GetFont	4	static
../Core/Src/ssd2119_16bit_fsmc.c:1282:6:LCD_DrawChar	32	static
../Core/Src/ssd2119_16bit_fsmc.c:1312:6:LCD_DisplayChar	16	static
../Core/Src/ssd2119_16bit_fsmc.c:1319:6:LCD_DisplayString	24	static
