fun_touch.c:11:7:distance_of_two_point	24	static
fun_touch.c:16:5:is_touch_right	8	static
fun_touch.c:24:5:is_touch_left	8	static
fun_touch.c:33:5:is_touch_up	8	static
fun_touch.c:42:5:is_touch_down	8	static
fun_touch.c:51:5:is_touch_quit	8	static
fun_touch.c:60:5:is_touch_quit_end	8	static
fun_touch.c:68:5:is_touch_resume	8	static
fun_touch.c:75:5:is_touch_pause	16	static
fun_touch.c:81:5:is_touch_newGame	8	static
fun_touch.c:90:5:is_touch_highScore	8	static
fun_touch.c:99:5:is_touch_classic	8	static
fun_touch.c:108:5:is_touch_speed	8	static
fun_touch.c:117:5:is_touch_time	8	static
fun_touch.c:126:5:is_touch_continue	8	static
