interface.c:10:6:home_lcd	24	static
interface.c:23:6:mode_game_lcd	24	static
interface.c:39:6:highscore_lcd	48	static
interface.c:59:6:game_lcd	24	static
interface.c:75:6:score_lcd	24	static
interface.c:79:6:pause_lcd	24	static
interface.c:89:6:game_over_lcd	24	static
interface.c:100:6:youwin_lcd	24	static
interface.c:111:6:home_not_select	16	static
interface.c:126:6:home_second_lcd	16	static
interface.c:134:6:home_third_lcd	16	static
interface.c:142:6:home_forth_lcd	16	static
interface.c:150:6:mode_first_lcd	16	static
interface.c:158:6:mode_second_lcd	16	static
interface.c:166:6:mode_third_lcd	16	static
interface.c:174:6:mode_forth_lcd	16	static
interface.c:182:6:pause_second_lcd	16	static
interface.c:193:6:pause_third_lcd	16	static
interface.c:204:6:point_head_lcd	24	static
interface.c:209:6:point_snake_lcd	32	static
interface.c:219:6:point_food_lcd	24	static
interface.c:223:6:point_clr	24	static
interface.c:227:6:reset_7seg	8	static
interface.c:234:6:mode_7seg	8	static
interface.c:250:6:update_7seg_time	8	static
