interface.c:10:6:home_lcd	24	static
interface.c:23:6:mode_game_lcd	24	static
interface.c:40:6:highscore_lcd	48	static
interface.c:61:6:game_lcd	24	static
interface.c:83:6:environment_lcd	24	static
interface.c:89:6:score_lcd	24	static
interface.c:93:6:pause_lcd	24	static
interface.c:104:6:game_over_lcd	40	static
interface.c:122:6:youwin_lcd	40	static
interface.c:140:6:uppercase_lcd	40	static
interface.c:148:6:lowercase_lcd	40	static
interface.c:156:6:selectbox_lcd	24	static
interface.c:165:6:displayName_lcd	32	static
interface.c:174:6:entername_lcd	32	static
interface.c:192:6:home_not_select	16	static
interface.c:207:6:home_second_lcd	16	static
interface.c:215:6:home_third_lcd	16	static
interface.c:223:6:home_forth_lcd	16	static
interface.c:231:6:mode_first_lcd	16	static
interface.c:239:6:mode_second_lcd	16	static
interface.c:247:6:mode_third_lcd	16	static
interface.c:255:6:mode_forth_lcd	16	static
interface.c:263:6:pause_second_lcd	16	static
interface.c:274:6:pause_third_lcd	16	static
interface.c:285:6:point_head_lcd	24	static
interface.c:290:6:point_snake_lcd	32	static
interface.c:300:6:point_food_lcd	24	static
interface.c:304:6:point_clr	24	static
interface.c:308:6:mode_7seg	8	static
interface.c:324:6:reset_7seg	8	static
interface.c:331:6:update_7seg_time	8	static
