touch.c:46:13:TP_Write_Byte	24	static
touch.c:60:17:TP_Read_AD	24	static
touch.c:89:17:TP_Read_XOY	48	static
touch.c:114:16:TP_Read_XY	24	static
touch.c:125:16:TP_Read_XY2	32	static
touch.c:143:13:TP_Drow_Touch_Point	32	static
touch.c:154:13:TP_Draw_Big_Point	16	static
touch.c:163:6:LCD_DrawRoughLine	64	static
touch.c:198:16:TP_Scan	16	static
touch.c:233:13:TP_Save_Adjdata	8	static
touch.c:239:16:TP_Get_Adjdata	16	static
touch.c:253:6:touch_Adjust	64	static
touch.c:381:6:touch_init	8	static
touch.c:388:6:touch_Scan	8	static
touch.c:392:9:touch_IsTouched	8	static
touch.c:396:10:touch_GetX	4	static
touch.c:400:10:touch_GetY	4	static
